Archive member included to satisfy reference by file (symbol)

c:/program files (x86)/atmel/studio/7.0/toolchain/avr8/avr8-gnu-toolchain/bin/../lib/gcc/avr/5.4.0/avr51\libgcc.a(_divmodhi4.o)
                              Datastructure/src/SerialBuffer.o (__divmodhi4)
c:/program files (x86)/atmel/studio/7.0/toolchain/avr8/avr8-gnu-toolchain/bin/../lib/gcc/avr/5.4.0/avr51\libgcc.a(_exit.o)
                              C:/Program Files (x86)/Atmel/Studio/7.0/Packs/atmel/ATmega_DFP/1.1.130/gcc/dev/atmega128a/avr51/crtatmega128a.o (exit)
c:/program files (x86)/atmel/studio/7.0/toolchain/avr8/avr8-gnu-toolchain/bin/../lib/gcc/avr/5.4.0/avr51\libgcc.a(_copy_data.o)
                              Datastructure/src/SerialBuffer.o (__do_copy_data)
c:/program files (x86)/atmel/studio/7.0/toolchain/avr8/avr8-gnu-toolchain/bin/../lib/gcc/avr/5.4.0/avr51\libgcc.a(_clear_bss.o)
                              DeviceDriver/src/Dev_Manager.o (__do_clear_bss)
c:/program files (x86)/atmel/studio/7.0/toolchain/avr8/avr8-gnu-toolchain/bin/../lib/gcc/avr/5.4.0/avr51\libgcc.a(_ctors.o)
                              DeviceDriver/src/per_sec_timer.o (__do_global_ctors)
c:/program files (x86)/atmel/studio/7.0/toolchain/avr8/avr8-gnu-toolchain/bin/../lib/gcc/avr/5.4.0/avr51\libgcc.a(_dtors.o)
                              DeviceDriver/src/per_sec_timer.o (__do_global_dtors)
c:/program files (x86)/atmel/studio/7.0/toolchain/avr8/avr8-gnu-toolchain/bin/../lib/gcc/avr/5.4.0/avr51\libgcc.a(_udivmodhi4.o)
                              c:/program files (x86)/atmel/studio/7.0/toolchain/avr8/avr8-gnu-toolchain/bin/../lib/gcc/avr/5.4.0/avr51\libgcc.a(_divmodhi4.o) (__udivmodhi4)
c:/program files (x86)/atmel/studio/7.0/toolchain/avr8/avr8-gnu-toolchain/bin/../lib/gcc/avr/5.4.0/avr51\libgcc.a(_tablejump2.o)
                              c:/program files (x86)/atmel/studio/7.0/toolchain/avr8/avr8-gnu-toolchain/bin/../lib/gcc/avr/5.4.0/avr51\libgcc.a(_ctors.o) (__tablejump2__)
c:/program files (x86)/atmel/studio/7.0/toolchain/avr8/avr8-gnu-toolchain/bin/../lib/gcc/avr/5.4.0/../../../../avr/lib/avr51\libc.a(memcpy.o)
                              RTOS/SRC/queue.o (memcpy)

Discarded input sections

 .data          0x00000000        0x0 C:/Program Files (x86)/Atmel/Studio/7.0/Packs/atmel/ATmega_DFP/1.1.130/gcc/dev/atmega128a/avr51/crtatmega128a.o
 .bss           0x00000000        0x0 C:/Program Files (x86)/Atmel/Studio/7.0/Packs/atmel/ATmega_DFP/1.1.130/gcc/dev/atmega128a/avr51/crtatmega128a.o
 .text          0x00000000        0x0 CommunicateProtocols/src/Modbus_rtu.o
 .data          0x00000000        0x0 CommunicateProtocols/src/Modbus_rtu.o
 .bss           0x00000000        0x0 CommunicateProtocols/src/Modbus_rtu.o
 .text._Z9to_littlei
                0x00000000        0xe CommunicateProtocols/src/Modbus_rtu.o
 .text._Z6to_bigi
                0x00000000        0x8 CommunicateProtocols/src/Modbus_rtu.o
 .text._Z13GetFunc01DataPcP17GetFunctionCode01S_
                0x00000000       0x40 CommunicateProtocols/src/Modbus_rtu.o
 .text._Z16getFunction3DataPcP7GetData
                0x00000000       0x34 CommunicateProtocols/src/Modbus_rtu.o
 .text._Z15Function03WritecicP16InputOutput8Byte
                0x00000000       0x2e CommunicateProtocols/src/Modbus_rtu.o
 .text._Z15Function06WriteciiP16InputOutput8Byte
                0x00000000       0x34 CommunicateProtocols/src/Modbus_rtu.o
 .text          0x00000000        0x0 Datastructure/src/SerialBuffer.o
 .data          0x00000000        0x0 Datastructure/src/SerialBuffer.o
 .bss           0x00000000        0x0 Datastructure/src/SerialBuffer.o
 .text._ZN12SerialBufferdlEPv
                0x00000000        0x6 Datastructure/src/SerialBuffer.o
 .text._ZN12SerialBuffer11SerialWriteEc
                0x00000000       0x42 Datastructure/src/SerialBuffer.o
 .text._ZN12SerialBuffer11SerialWriteEPKc
                0x00000000       0x48 Datastructure/src/SerialBuffer.o
 .text._ZN12SerialBuffer11SerialWriteEi
                0x00000000       0xf0 Datastructure/src/SerialBuffer.o
 .rodata._ZL10HexaString
                0x00000000       0x11 Datastructure/src/SerialBuffer.o
 .text          0x00000000        0x0 DeviceDriver/src/Dev_Manager.o
 .data          0x00000000        0x0 DeviceDriver/src/Dev_Manager.o
 .bss           0x00000000        0x0 DeviceDriver/src/Dev_Manager.o
 .text._ZN11Dev_ManagerdlEPv
                0x00000000        0x6 DeviceDriver/src/Dev_Manager.o
 .text._ZN11Dev_Manager12Close_HandleE8Dev_type
                0x00000000       0x1a DeviceDriver/src/Dev_Manager.o
 .group         0x00000000        0x8 DeviceDriver/src/per_sec_timer.o
 .group         0x00000000        0x8 DeviceDriver/src/per_sec_timer.o
 .group         0x00000000        0x8 DeviceDriver/src/per_sec_timer.o
 .group         0x00000000        0x8 DeviceDriver/src/per_sec_timer.o
 .text          0x00000000        0x0 DeviceDriver/src/per_sec_timer.o
 .data          0x00000000        0x0 DeviceDriver/src/per_sec_timer.o
 .bss           0x00000000        0x0 DeviceDriver/src/per_sec_timer.o
 .text._ZN5TimerdlEPv
                0x00000000        0x6 DeviceDriver/src/per_sec_timer.o
 .group         0x00000000        0x8 DeviceDriver/src/RS485Driver.o
 .group         0x00000000        0x8 DeviceDriver/src/RS485Driver.o
 .group         0x00000000        0x8 DeviceDriver/src/RS485Driver.o
 .group         0x00000000        0x8 DeviceDriver/src/RS485Driver.o
 .text          0x00000000        0x0 DeviceDriver/src/RS485Driver.o
 .data          0x00000000        0x0 DeviceDriver/src/RS485Driver.o
 .bss           0x00000000        0x0 DeviceDriver/src/RS485Driver.o
 .text._ZN20DeviceDriveInterFace11Device_ReadEv
                0x00000000        0x2 DeviceDriver/src/RS485Driver.o
 .text._ZN20DeviceDriveInterFace13Device_WritesEPKc
                0x00000000        0x2 DeviceDriver/src/RS485Driver.o
 .text._ZN20DeviceDriveInterFace12Device_WriteEc
                0x00000000        0x2 DeviceDriver/src/RS485Driver.o
 .text._ZN11RS485DriverdlEPv
                0x00000000        0x6 DeviceDriver/src/RS485Driver.o
 .text._ZN11RS485Driver11getInstanceEv
                0x00000000       0x34 DeviceDriver/src/RS485Driver.o
 .group         0x00000000        0x8 DeviceDriver/src/UartDriver.o
 .group         0x00000000        0x8 DeviceDriver/src/UartDriver.o
 .group         0x00000000        0x8 DeviceDriver/src/UartDriver.o
 .group         0x00000000        0x8 DeviceDriver/src/UartDriver.o
 .text          0x00000000        0x0 DeviceDriver/src/UartDriver.o
 .data          0x00000000        0x0 DeviceDriver/src/UartDriver.o
 .bss           0x00000000        0x0 DeviceDriver/src/UartDriver.o
 .text._ZN20DeviceDriveInterFace11Device_ReadEv
                0x00000000        0x2 DeviceDriver/src/UartDriver.o
 .text._ZN20DeviceDriveInterFace13Device_WritesEPKc
                0x00000000        0x2 DeviceDriver/src/UartDriver.o
 .text._ZN20DeviceDriveInterFace12Device_WriteEc
                0x00000000        0x2 DeviceDriver/src/UartDriver.o
 .text._ZN10UartDriver11getInstanceEv
                0x00000000       0x34 DeviceDriver/src/UartDriver.o
 .text._ZN10UartDriverdlEPv
                0x00000000        0x6 DeviceDriver/src/UartDriver.o
 .text          0x00000000        0x0 Eth_Udp/SRC/enc28j60.o
 .data          0x00000000        0x0 Eth_Udp/SRC/enc28j60.o
 .bss           0x00000000        0x0 Eth_Udp/SRC/enc28j60.o
 .text._Z16enc28j60PhyReadHh
                0x00000000       0x32 Eth_Udp/SRC/enc28j60.o
 .text._Z14enc28j60getrevv
                0x00000000        0x8 Eth_Udp/SRC/enc28j60.o
 .text._Z14enc28j60linkupv
                0x00000000       0x12 Eth_Udp/SRC/enc28j60.o
 .text          0x00000000        0x0 Eth_Udp/SRC/ip_arp_udp_tcp.o
 .data          0x00000000        0x0 Eth_Udp/SRC/ip_arp_udp_tcp.o
 .bss           0x00000000        0x0 Eth_Udp/SRC/ip_arp_udp_tcp.o
 .text._Z12make_tcpheadPhjhh
                0x00000000       0xbe Eth_Udp/SRC/ip_arp_udp_tcp.o
 .text._Z24make_tcp_synack_from_synPh
                0x00000000       0x4a Eth_Udp/SRC/ip_arp_udp_tcp.o
 .text._Z20get_tcp_data_pointerv
                0x00000000       0x1e Eth_Udp/SRC/ip_arp_udp_tcp.o
 .text._Z13init_len_infoPh
                0x00000000       0x58 Eth_Udp/SRC/ip_arp_udp_tcp.o
 .text._Z15fill_tcp_data_pPhjPKc
                0x00000000       0x2c Eth_Udp/SRC/ip_arp_udp_tcp.o
 .text._Z13fill_tcp_dataPhjPKc
                0x00000000       0x26 Eth_Udp/SRC/ip_arp_udp_tcp.o
 .text._Z21make_tcp_ack_from_anyPh
                0x00000000       0x64 Eth_Udp/SRC/ip_arp_udp_tcp.o
 .text._Z22make_tcp_ack_with_dataPhj
                0x00000000       0x4a Eth_Udp/SRC/ip_arp_udp_tcp.o
 .data._ZL6seqnum
                0x00000000        0x1 Eth_Udp/SRC/ip_arp_udp_tcp.o
 .bss._ZL13info_data_len
                0x00000000        0x2 Eth_Udp/SRC/ip_arp_udp_tcp.o
 .bss._ZL12info_hdr_len
                0x00000000        0x2 Eth_Udp/SRC/ip_arp_udp_tcp.o
 .text          0x00000000        0x0 Eth_Udp/SRC/spi.o
 .data          0x00000000        0x0 Eth_Udp/SRC/spi.o
 .bss           0x00000000        0x0 Eth_Udp/SRC/spi.o
 .text          0x00000000        0x0 Eth_Udp/SRC/timeout.o
 .data          0x00000000        0x0 Eth_Udp/SRC/timeout.o
 .bss           0x00000000        0x0 Eth_Udp/SRC/timeout.o
 .text._Z7wd_initv
                0x00000000       0x12 Eth_Udp/SRC/timeout.o
 .text._Z7wd_kickv
                0x00000000        0x4 Eth_Udp/SRC/timeout.o
 .text          0x00000000        0x0 main.o
 .data          0x00000000        0x0 main.o
 .bss           0x00000000        0x0 main.o
 .bss.func01    0x00000000        0x7 main.o
 .text          0x00000000        0x0 MiddleWare/SRC/MiddleWare.o
 .data          0x00000000        0x0 MiddleWare/SRC/MiddleWare.o
 .bss           0x00000000        0x0 MiddleWare/SRC/MiddleWare.o
 .text._Z10Event_Initv
                0x00000000        0xe MiddleWare/SRC/MiddleWare.o
 .text._Z22Event_RegisterCallback7Event_tjPFvS_jE
                0x00000000       0x16 MiddleWare/SRC/MiddleWare.o
 .text._Z20Event_RemoveCallback7Event_t
                0x00000000       0x12 MiddleWare/SRC/MiddleWare.o
 .text._Z13Event_Processv
                0x00000000       0x5c MiddleWare/SRC/MiddleWare.o
 .bss.EventCallbackTable
                0x00000000      0x100 MiddleWare/SRC/MiddleWare.o
 .bss.EventBuf  0x00000000      0x183 MiddleWare/SRC/MiddleWare.o
 .debug_info    0x00000000      0x2bb MiddleWare/SRC/MiddleWare.o
 .debug_abbrev  0x00000000      0x18a MiddleWare/SRC/MiddleWare.o
 .debug_loc     0x00000000       0x5b MiddleWare/SRC/MiddleWare.o
 .debug_aranges
                0x00000000       0x38 MiddleWare/SRC/MiddleWare.o
 .debug_ranges  0x00000000       0x28 MiddleWare/SRC/MiddleWare.o
 .debug_line    0x00000000      0x14b MiddleWare/SRC/MiddleWare.o
 .debug_str     0x00000000      0x328 MiddleWare/SRC/MiddleWare.o
 .comment       0x00000000       0x31 MiddleWare/SRC/MiddleWare.o
 .debug_frame   0x00000000       0x54 MiddleWare/SRC/MiddleWare.o
 .text          0x00000000        0x0 RTOS/SRC/croutine.o
 .data          0x00000000        0x0 RTOS/SRC/croutine.o
 .bss           0x00000000        0x0 RTOS/SRC/croutine.o
 .text.xCoRoutineCreate
                0x00000000       0xf0 RTOS/SRC/croutine.o
 .text.vCoRoutineAddToDelayedList
                0x00000000       0x86 RTOS/SRC/croutine.o
 .text.vCoRoutineSchedule
                0x00000000      0x274 RTOS/SRC/croutine.o
 .text.xCoRoutineRemoveFromEventList
                0x00000000       0x4a RTOS/SRC/croutine.o
 .bss.xPassedTicks
                0x00000000        0x2 RTOS/SRC/croutine.o
 .bss.xLastTickCount
                0x00000000        0x2 RTOS/SRC/croutine.o
 .bss.xCoRoutineTickCount
                0x00000000        0x2 RTOS/SRC/croutine.o
 .bss.uxTopCoRoutineReadyPriority
                0x00000000        0x1 RTOS/SRC/croutine.o
 .bss.pxCurrentCoRoutine
                0x00000000        0x2 RTOS/SRC/croutine.o
 .bss.xPendingReadyCoRoutineList
                0x00000000        0x9 RTOS/SRC/croutine.o
 .bss.pxOverflowDelayedCoRoutineList
                0x00000000        0x2 RTOS/SRC/croutine.o
 .bss.pxDelayedCoRoutineList
                0x00000000        0x2 RTOS/SRC/croutine.o
 .bss.xDelayedCoRoutineList2
                0x00000000        0x9 RTOS/SRC/croutine.o
 .bss.xDelayedCoRoutineList1
                0x00000000        0x9 RTOS/SRC/croutine.o
 .bss.pxReadyCoRoutineLists
                0x00000000       0x12 RTOS/SRC/croutine.o
 .debug_info    0x00000000      0x77d RTOS/SRC/croutine.o
 .debug_abbrev  0x00000000      0x22b RTOS/SRC/croutine.o
 .debug_loc     0x00000000      0x3eb RTOS/SRC/croutine.o
 .debug_aranges
                0x00000000       0x38 RTOS/SRC/croutine.o
 .debug_ranges  0x00000000       0x28 RTOS/SRC/croutine.o
 .debug_line    0x00000000      0x327 RTOS/SRC/croutine.o
 .debug_str     0x00000000      0x52e RTOS/SRC/croutine.o
 .comment       0x00000000       0x31 RTOS/SRC/croutine.o
 .debug_frame   0x00000000       0xc0 RTOS/SRC/croutine.o
 .text          0x00000000        0x0 RTOS/SRC/event_groups.o
 .data          0x00000000        0x0 RTOS/SRC/event_groups.o
 .bss           0x00000000        0x0 RTOS/SRC/event_groups.o
 .text.xEventGroupCreate
                0x00000000       0x26 RTOS/SRC/event_groups.o
 .text.xEventGroupWaitBits
                0x00000000      0x110 RTOS/SRC/event_groups.o
 .text.xEventGroupClearBits
                0x00000000       0x1e RTOS/SRC/event_groups.o
 .text.xEventGroupGetBitsFromISR
                0x00000000        0x8 RTOS/SRC/event_groups.o
 .text.xEventGroupSetBits
                0x00000000       0xdc RTOS/SRC/event_groups.o
 .text.xEventGroupSync
                0x00000000       0xd2 RTOS/SRC/event_groups.o
 .text.vEventGroupDelete
                0x00000000       0x32 RTOS/SRC/event_groups.o
 .text.vEventGroupSetBitsCallback
                0x00000000        0x8 RTOS/SRC/event_groups.o
 .text.vEventGroupClearBitsCallback
                0x00000000        0x8 RTOS/SRC/event_groups.o
 .debug_info    0x00000000      0x8ed RTOS/SRC/event_groups.o
 .debug_abbrev  0x00000000      0x205 RTOS/SRC/event_groups.o
 .debug_loc     0x00000000      0xb40 RTOS/SRC/event_groups.o
 .debug_aranges
                0x00000000       0x60 RTOS/SRC/event_groups.o
 .debug_ranges  0x00000000       0x68 RTOS/SRC/event_groups.o
 .debug_line    0x00000000      0x3b2 RTOS/SRC/event_groups.o
 .debug_str     0x00000000      0x57e RTOS/SRC/event_groups.o
 .comment       0x00000000       0x31 RTOS/SRC/event_groups.o
 .debug_frame   0x00000000      0x158 RTOS/SRC/event_groups.o
 .text          0x00000000        0x0 RTOS/SRC/heap_1.o
 .data          0x00000000        0x0 RTOS/SRC/heap_1.o
 .bss           0x00000000        0x0 RTOS/SRC/heap_1.o
 .text.vPortInitialiseBlocks
                0x00000000        0xa RTOS/SRC/heap_1.o
 .text.xPortGetFreeHeapSize
                0x00000000       0x12 RTOS/SRC/heap_1.o
 .text          0x00000000        0x0 RTOS/SRC/list.o
 .data          0x00000000        0x0 RTOS/SRC/list.o
 .bss           0x00000000        0x0 RTOS/SRC/list.o
 .text          0x00000000        0x0 RTOS/SRC/port.o
 .data          0x00000000        0x0 RTOS/SRC/port.o
 .bss           0x00000000        0x0 RTOS/SRC/port.o
 .text.vPortEndScheduler
                0x00000000        0x2 RTOS/SRC/port.o
 .text          0x00000000        0x0 RTOS/SRC/queue.o
 .data          0x00000000        0x0 RTOS/SRC/queue.o
 .bss           0x00000000        0x0 RTOS/SRC/queue.o
 .text.xQueueGenericSendFromISR
                0x00000000       0x74 RTOS/SRC/queue.o
 .text.xQueueGiveFromISR
                0x00000000       0x52 RTOS/SRC/queue.o
 .text.xQueueReceiveFromISR
                0x00000000       0x6e RTOS/SRC/queue.o
 .text.xQueuePeekFromISR
                0x00000000       0x2e RTOS/SRC/queue.o
 .text.uxQueueMessagesWaiting
                0x00000000       0x10 RTOS/SRC/queue.o
 .text.uxQueueSpacesAvailable
                0x00000000       0x14 RTOS/SRC/queue.o
 .text.uxQueueMessagesWaitingFromISR
                0x00000000        0x6 RTOS/SRC/queue.o
 .text.vQueueDelete
                0x00000000        0x6 RTOS/SRC/queue.o
 .text.xQueueIsQueueEmptyFromISR
                0x00000000        0xc RTOS/SRC/queue.o
 .text.xQueueIsQueueFullFromISR
                0x00000000        0xe RTOS/SRC/queue.o
 .text.xQueueCRSend
                0x00000000       0x72 RTOS/SRC/queue.o
 .text.xQueueCRReceive
                0x00000000       0x92 RTOS/SRC/queue.o
 .text.xQueueCRSendFromISR
                0x00000000       0x48 RTOS/SRC/queue.o
 .text.xQueueCRReceiveFromISR
                0x00000000       0x82 RTOS/SRC/queue.o
 .text          0x00000000        0x0 RTOS/SRC/tasks.o
 .data          0x00000000        0x0 RTOS/SRC/tasks.o
 .bss           0x00000000        0x0 RTOS/SRC/tasks.o
 .text.vTaskDelete
                0x00000000       0xaa RTOS/SRC/tasks.o
 .text.vTaskResume
                0x00000000       0x9e RTOS/SRC/tasks.o
 .text.xTaskResumeFromISR
                0x00000000       0xae RTOS/SRC/tasks.o
 .text.vTaskEndScheduler
                0x00000000        0xc RTOS/SRC/tasks.o
 .text.xTaskGetTickCount
                0x00000000       0x14 RTOS/SRC/tasks.o
 .text.xTaskGetTickCountFromISR
                0x00000000        0xa RTOS/SRC/tasks.o
 .text.uxTaskGetNumberOfTasks
                0x00000000        0x6 RTOS/SRC/tasks.o
 .text.pcTaskGetName
                0x00000000       0x10 RTOS/SRC/tasks.o
 .text.vTaskDelayUntil
                0x00000000       0x7c RTOS/SRC/tasks.o
 .text.vTaskSuspend
                0x00000000       0x9c RTOS/SRC/tasks.o
 .text.vTaskPlaceOnUnorderedEventList
                0x00000000       0x32 RTOS/SRC/tasks.o
 .text.xTaskRemoveFromUnorderedEventList
                0x00000000       0x74 RTOS/SRC/tasks.o
 .text.xTaskGetCurrentTaskHandle
                0x00000000        0xa RTOS/SRC/tasks.o
 .text.uxTaskResetEventItemValue
                0x00000000       0x2e RTOS/SRC/tasks.o
 .text.ulTaskNotifyTake
                0x00000000       0xae RTOS/SRC/tasks.o
 .text.xTaskNotifyWait
                0x00000000      0x108 RTOS/SRC/tasks.o
 .text.xTaskGenericNotify
                0x00000000       0xfc RTOS/SRC/tasks.o
 .text.xTaskGenericNotifyFromISR
                0x00000000      0x122 RTOS/SRC/tasks.o
 .text.vTaskNotifyGiveFromISR
                0x00000000       0xb6 RTOS/SRC/tasks.o
 .text.xTaskNotifyStateClear
                0x00000000       0x28 RTOS/SRC/tasks.o
 .text          0x00000000        0x0 RTOS/SRC/timers.o
 .data          0x00000000        0x0 RTOS/SRC/timers.o
 .bss           0x00000000        0x0 RTOS/SRC/timers.o
 .debug_info    0x00000000       0x64 RTOS/SRC/timers.o
 .debug_abbrev  0x00000000       0x26 RTOS/SRC/timers.o
 .debug_aranges
                0x00000000       0x18 RTOS/SRC/timers.o
 .debug_line    0x00000000       0x1a RTOS/SRC/timers.o
 .debug_str     0x00000000      0x162 RTOS/SRC/timers.o
 .comment       0x00000000       0x31 RTOS/SRC/timers.o
 .text          0x00000000        0x0 c:/program files (x86)/atmel/studio/7.0/toolchain/avr8/avr8-gnu-toolchain/bin/../lib/gcc/avr/5.4.0/avr51\libgcc.a(_divmodhi4.o)
 .data          0x00000000        0x0 c:/program files (x86)/atmel/studio/7.0/toolchain/avr8/avr8-gnu-toolchain/bin/../lib/gcc/avr/5.4.0/avr51\libgcc.a(_divmodhi4.o)
 .bss           0x00000000        0x0 c:/program files (x86)/atmel/studio/7.0/toolchain/avr8/avr8-gnu-toolchain/bin/../lib/gcc/avr/5.4.0/avr51\libgcc.a(_divmodhi4.o)
 .text.libgcc.mul
                0x00000000        0x0 c:/program files (x86)/atmel/studio/7.0/toolchain/avr8/avr8-gnu-toolchain/bin/../lib/gcc/avr/5.4.0/avr51\libgcc.a(_divmodhi4.o)
 .text.libgcc.div
                0x00000000       0x28 c:/program files (x86)/atmel/studio/7.0/toolchain/avr8/avr8-gnu-toolchain/bin/../lib/gcc/avr/5.4.0/avr51\libgcc.a(_divmodhi4.o)
 .text.libgcc   0x00000000        0x0 c:/program files (x86)/atmel/studio/7.0/toolchain/avr8/avr8-gnu-toolchain/bin/../lib/gcc/avr/5.4.0/avr51\libgcc.a(_divmodhi4.o)
 .text.libgcc.prologue
                0x00000000        0x0 c:/program files (x86)/atmel/studio/7.0/toolchain/avr8/avr8-gnu-toolchain/bin/../lib/gcc/avr/5.4.0/avr51\libgcc.a(_divmodhi4.o)
 .text.libgcc.builtins
                0x00000000        0x0 c:/program files (x86)/atmel/studio/7.0/toolchain/avr8/avr8-gnu-toolchain/bin/../lib/gcc/avr/5.4.0/avr51\libgcc.a(_divmodhi4.o)
 .text.libgcc.fmul
                0x00000000        0x0 c:/program files (x86)/atmel/studio/7.0/toolchain/avr8/avr8-gnu-toolchain/bin/../lib/gcc/avr/5.4.0/avr51\libgcc.a(_divmodhi4.o)
 .text.libgcc.fixed
                0x00000000        0x0 c:/program files (x86)/atmel/studio/7.0/toolchain/avr8/avr8-gnu-toolchain/bin/../lib/gcc/avr/5.4.0/avr51\libgcc.a(_divmodhi4.o)
 .text          0x00000000        0x0 c:/program files (x86)/atmel/studio/7.0/toolchain/avr8/avr8-gnu-toolchain/bin/../lib/gcc/avr/5.4.0/avr51\libgcc.a(_exit.o)
 .data          0x00000000        0x0 c:/program files (x86)/atmel/studio/7.0/toolchain/avr8/avr8-gnu-toolchain/bin/../lib/gcc/avr/5.4.0/avr51\libgcc.a(_exit.o)
 .bss           0x00000000        0x0 c:/program files (x86)/atmel/studio/7.0/toolchain/avr8/avr8-gnu-toolchain/bin/../lib/gcc/avr/5.4.0/avr51\libgcc.a(_exit.o)
 .text.libgcc.mul
                0x00000000        0x0 c:/program files (x86)/atmel/studio/7.0/toolchain/avr8/avr8-gnu-toolchain/bin/../lib/gcc/avr/5.4.0/avr51\libgcc.a(_exit.o)
 .text.libgcc.div
                0x00000000        0x0 c:/program files (x86)/atmel/studio/7.0/toolchain/avr8/avr8-gnu-toolchain/bin/../lib/gcc/avr/5.4.0/avr51\libgcc.a(_exit.o)
 .text.libgcc   0x00000000        0x0 c:/program files (x86)/atmel/studio/7.0/toolchain/avr8/avr8-gnu-toolchain/bin/../lib/gcc/avr/5.4.0/avr51\libgcc.a(_exit.o)
 .text.libgcc.prologue
                0x00000000        0x0 c:/program files (x86)/atmel/studio/7.0/toolchain/avr8/avr8-gnu-toolchain/bin/../lib/gcc/avr/5.4.0/avr51\libgcc.a(_exit.o)
 .text.libgcc.builtins
                0x00000000        0x0 c:/program files (x86)/atmel/studio/7.0/toolchain/avr8/avr8-gnu-toolchain/bin/../lib/gcc/avr/5.4.0/avr51\libgcc.a(_exit.o)
 .text.libgcc.fmul
                0x00000000        0x0 c:/program files (x86)/atmel/studio/7.0/toolchain/avr8/avr8-gnu-toolchain/bin/../lib/gcc/avr/5.4.0/avr51\libgcc.a(_exit.o)
 .text.libgcc.fixed
                0x00000000        0x0 c:/program files (x86)/atmel/studio/7.0/toolchain/avr8/avr8-gnu-toolchain/bin/../lib/gcc/avr/5.4.0/avr51\libgcc.a(_exit.o)
 .text          0x00000000        0x0 c:/program files (x86)/atmel/studio/7.0/toolchain/avr8/avr8-gnu-toolchain/bin/../lib/gcc/avr/5.4.0/avr51\libgcc.a(_copy_data.o)
 .data          0x00000000        0x0 c:/program files (x86)/atmel/studio/7.0/toolchain/avr8/avr8-gnu-toolchain/bin/../lib/gcc/avr/5.4.0/avr51\libgcc.a(_copy_data.o)
 .bss           0x00000000        0x0 c:/program files (x86)/atmel/studio/7.0/toolchain/avr8/avr8-gnu-toolchain/bin/../lib/gcc/avr/5.4.0/avr51\libgcc.a(_copy_data.o)
 .text.libgcc.mul
                0x00000000        0x0 c:/program files (x86)/atmel/studio/7.0/toolchain/avr8/avr8-gnu-toolchain/bin/../lib/gcc/avr/5.4.0/avr51\libgcc.a(_copy_data.o)
 .text.libgcc.div
                0x00000000        0x0 c:/program files (x86)/atmel/studio/7.0/toolchain/avr8/avr8-gnu-toolchain/bin/../lib/gcc/avr/5.4.0/avr51\libgcc.a(_copy_data.o)
 .text.libgcc   0x00000000        0x0 c:/program files (x86)/atmel/studio/7.0/toolchain/avr8/avr8-gnu-toolchain/bin/../lib/gcc/avr/5.4.0/avr51\libgcc.a(_copy_data.o)
 .text.libgcc.prologue
                0x00000000        0x0 c:/program files (x86)/atmel/studio/7.0/toolchain/avr8/avr8-gnu-toolchain/bin/../lib/gcc/avr/5.4.0/avr51\libgcc.a(_copy_data.o)
 .text.libgcc.builtins
                0x00000000        0x0 c:/program files (x86)/atmel/studio/7.0/toolchain/avr8/avr8-gnu-toolchain/bin/../lib/gcc/avr/5.4.0/avr51\libgcc.a(_copy_data.o)
 .text.libgcc.fmul
                0x00000000        0x0 c:/program files (x86)/atmel/studio/7.0/toolchain/avr8/avr8-gnu-toolchain/bin/../lib/gcc/avr/5.4.0/avr51\libgcc.a(_copy_data.o)
 .text.libgcc.fixed
                0x00000000        0x0 c:/program files (x86)/atmel/studio/7.0/toolchain/avr8/avr8-gnu-toolchain/bin/../lib/gcc/avr/5.4.0/avr51\libgcc.a(_copy_data.o)
 .text          0x00000000        0x0 c:/program files (x86)/atmel/studio/7.0/toolchain/avr8/avr8-gnu-toolchain/bin/../lib/gcc/avr/5.4.0/avr51\libgcc.a(_clear_bss.o)
 .data          0x00000000        0x0 c:/program files (x86)/atmel/studio/7.0/toolchain/avr8/avr8-gnu-toolchain/bin/../lib/gcc/avr/5.4.0/avr51\libgcc.a(_clear_bss.o)
 .bss           0x00000000        0x0 c:/program files (x86)/atmel/studio/7.0/toolchain/avr8/avr8-gnu-toolchain/bin/../lib/gcc/avr/5.4.0/avr51\libgcc.a(_clear_bss.o)
 .text.libgcc.mul
                0x00000000        0x0 c:/program files (x86)/atmel/studio/7.0/toolchain/avr8/avr8-gnu-toolchain/bin/../lib/gcc/avr/5.4.0/avr51\libgcc.a(_clear_bss.o)
 .text.libgcc.div
                0x00000000        0x0 c:/program files (x86)/atmel/studio/7.0/toolchain/avr8/avr8-gnu-toolchain/bin/../lib/gcc/avr/5.4.0/avr51\libgcc.a(_clear_bss.o)
 .text.libgcc   0x00000000        0x0 c:/program files (x86)/atmel/studio/7.0/toolchain/avr8/avr8-gnu-toolchain/bin/../lib/gcc/avr/5.4.0/avr51\libgcc.a(_clear_bss.o)
 .text.libgcc.prologue
                0x00000000        0x0 c:/program files (x86)/atmel/studio/7.0/toolchain/avr8/avr8-gnu-toolchain/bin/../lib/gcc/avr/5.4.0/avr51\libgcc.a(_clear_bss.o)
 .text.libgcc.builtins
                0x00000000        0x0 c:/program files (x86)/atmel/studio/7.0/toolchain/avr8/avr8-gnu-toolchain/bin/../lib/gcc/avr/5.4.0/avr51\libgcc.a(_clear_bss.o)
 .text.libgcc.fmul
                0x00000000        0x0 c:/program files (x86)/atmel/studio/7.0/toolchain/avr8/avr8-gnu-toolchain/bin/../lib/gcc/avr/5.4.0/avr51\libgcc.a(_clear_bss.o)
 .text.libgcc.fixed
                0x00000000        0x0 c:/program files (x86)/atmel/studio/7.0/toolchain/avr8/avr8-gnu-toolchain/bin/../lib/gcc/avr/5.4.0/avr51\libgcc.a(_clear_bss.o)
 .text          0x00000000        0x0 c:/program files (x86)/atmel/studio/7.0/toolchain/avr8/avr8-gnu-toolchain/bin/../lib/gcc/avr/5.4.0/avr51\libgcc.a(_ctors.o)
 .data          0x00000000        0x0 c:/program files (x86)/atmel/studio/7.0/toolchain/avr8/avr8-gnu-toolchain/bin/../lib/gcc/avr/5.4.0/avr51\libgcc.a(_ctors.o)
 .bss           0x00000000        0x0 c:/program files (x86)/atmel/studio/7.0/toolchain/avr8/avr8-gnu-toolchain/bin/../lib/gcc/avr/5.4.0/avr51\libgcc.a(_ctors.o)
 .text.libgcc.mul
                0x00000000        0x0 c:/program files (x86)/atmel/studio/7.0/toolchain/avr8/avr8-gnu-toolchain/bin/../lib/gcc/avr/5.4.0/avr51\libgcc.a(_ctors.o)
 .text.libgcc.div
                0x00000000        0x0 c:/program files (x86)/atmel/studio/7.0/toolchain/avr8/avr8-gnu-toolchain/bin/../lib/gcc/avr/5.4.0/avr51\libgcc.a(_ctors.o)
 .text.libgcc   0x00000000        0x0 c:/program files (x86)/atmel/studio/7.0/toolchain/avr8/avr8-gnu-toolchain/bin/../lib/gcc/avr/5.4.0/avr51\libgcc.a(_ctors.o)
 .text.libgcc.prologue
                0x00000000        0x0 c:/program files (x86)/atmel/studio/7.0/toolchain/avr8/avr8-gnu-toolchain/bin/../lib/gcc/avr/5.4.0/avr51\libgcc.a(_ctors.o)
 .text.libgcc.builtins
                0x00000000        0x0 c:/program files (x86)/atmel/studio/7.0/toolchain/avr8/avr8-gnu-toolchain/bin/../lib/gcc/avr/5.4.0/avr51\libgcc.a(_ctors.o)
 .text.libgcc.fmul
                0x00000000        0x0 c:/program files (x86)/atmel/studio/7.0/toolchain/avr8/avr8-gnu-toolchain/bin/../lib/gcc/avr/5.4.0/avr51\libgcc.a(_ctors.o)
 .text.libgcc.fixed
                0x00000000        0x0 c:/program files (x86)/atmel/studio/7.0/toolchain/avr8/avr8-gnu-toolchain/bin/../lib/gcc/avr/5.4.0/avr51\libgcc.a(_ctors.o)
 .text          0x00000000        0x0 c:/program files (x86)/atmel/studio/7.0/toolchain/avr8/avr8-gnu-toolchain/bin/../lib/gcc/avr/5.4.0/avr51\libgcc.a(_dtors.o)
 .data          0x00000000        0x0 c:/program files (x86)/atmel/studio/7.0/toolchain/avr8/avr8-gnu-toolchain/bin/../lib/gcc/avr/5.4.0/avr51\libgcc.a(_dtors.o)
 .bss           0x00000000        0x0 c:/program files (x86)/atmel/studio/7.0/toolchain/avr8/avr8-gnu-toolchain/bin/../lib/gcc/avr/5.4.0/avr51\libgcc.a(_dtors.o)
 .text.libgcc.mul
                0x00000000        0x0 c:/program files (x86)/atmel/studio/7.0/toolchain/avr8/avr8-gnu-toolchain/bin/../lib/gcc/avr/5.4.0/avr51\libgcc.a(_dtors.o)
 .text.libgcc.div
                0x00000000        0x0 c:/program files (x86)/atmel/studio/7.0/toolchain/avr8/avr8-gnu-toolchain/bin/../lib/gcc/avr/5.4.0/avr51\libgcc.a(_dtors.o)
 .text.libgcc   0x00000000        0x0 c:/program files (x86)/atmel/studio/7.0/toolchain/avr8/avr8-gnu-toolchain/bin/../lib/gcc/avr/5.4.0/avr51\libgcc.a(_dtors.o)
 .text.libgcc.prologue
                0x00000000        0x0 c:/program files (x86)/atmel/studio/7.0/toolchain/avr8/avr8-gnu-toolchain/bin/../lib/gcc/avr/5.4.0/avr51\libgcc.a(_dtors.o)
 .text.libgcc.builtins
                0x00000000        0x0 c:/program files (x86)/atmel/studio/7.0/toolchain/avr8/avr8-gnu-toolchain/bin/../lib/gcc/avr/5.4.0/avr51\libgcc.a(_dtors.o)
 .text.libgcc.fmul
                0x00000000        0x0 c:/program files (x86)/atmel/studio/7.0/toolchain/avr8/avr8-gnu-toolchain/bin/../lib/gcc/avr/5.4.0/avr51\libgcc.a(_dtors.o)
 .text.libgcc.fixed
                0x00000000        0x0 c:/program files (x86)/atmel/studio/7.0/toolchain/avr8/avr8-gnu-toolchain/bin/../lib/gcc/avr/5.4.0/avr51\libgcc.a(_dtors.o)
 .text          0x00000000        0x0 c:/program files (x86)/atmel/studio/7.0/toolchain/avr8/avr8-gnu-toolchain/bin/../lib/gcc/avr/5.4.0/avr51\libgcc.a(_udivmodhi4.o)
 .data          0x00000000        0x0 c:/program files (x86)/atmel/studio/7.0/toolchain/avr8/avr8-gnu-toolchain/bin/../lib/gcc/avr/5.4.0/avr51\libgcc.a(_udivmodhi4.o)
 .bss           0x00000000        0x0 c:/program files (x86)/atmel/studio/7.0/toolchain/avr8/avr8-gnu-toolchain/bin/../lib/gcc/avr/5.4.0/avr51\libgcc.a(_udivmodhi4.o)
 .text.libgcc.mul
                0x00000000        0x0 c:/program files (x86)/atmel/studio/7.0/toolchain/avr8/avr8-gnu-toolchain/bin/../lib/gcc/avr/5.4.0/avr51\libgcc.a(_udivmodhi4.o)
 .text.libgcc.div
                0x00000000       0x28 c:/program files (x86)/atmel/studio/7.0/toolchain/avr8/avr8-gnu-toolchain/bin/../lib/gcc/avr/5.4.0/avr51\libgcc.a(_udivmodhi4.o)
 .text.libgcc   0x00000000        0x0 c:/program files (x86)/atmel/studio/7.0/toolchain/avr8/avr8-gnu-toolchain/bin/../lib/gcc/avr/5.4.0/avr51\libgcc.a(_udivmodhi4.o)
 .text.libgcc.prologue
                0x00000000        0x0 c:/program files (x86)/atmel/studio/7.0/toolchain/avr8/avr8-gnu-toolchain/bin/../lib/gcc/avr/5.4.0/avr51\libgcc.a(_udivmodhi4.o)
 .text.libgcc.builtins
                0x00000000        0x0 c:/program files (x86)/atmel/studio/7.0/toolchain/avr8/avr8-gnu-toolchain/bin/../lib/gcc/avr/5.4.0/avr51\libgcc.a(_udivmodhi4.o)
 .text.libgcc.fmul
                0x00000000        0x0 c:/program files (x86)/atmel/studio/7.0/toolchain/avr8/avr8-gnu-toolchain/bin/../lib/gcc/avr/5.4.0/avr51\libgcc.a(_udivmodhi4.o)
 .text.libgcc.fixed
                0x00000000        0x0 c:/program files (x86)/atmel/studio/7.0/toolchain/avr8/avr8-gnu-toolchain/bin/../lib/gcc/avr/5.4.0/avr51\libgcc.a(_udivmodhi4.o)
 .text          0x00000000        0x0 c:/program files (x86)/atmel/studio/7.0/toolchain/avr8/avr8-gnu-toolchain/bin/../lib/gcc/avr/5.4.0/avr51\libgcc.a(_tablejump2.o)
 .data          0x00000000        0x0 c:/program files (x86)/atmel/studio/7.0/toolchain/avr8/avr8-gnu-toolchain/bin/../lib/gcc/avr/5.4.0/avr51\libgcc.a(_tablejump2.o)
 .bss           0x00000000        0x0 c:/program files (x86)/atmel/studio/7.0/toolchain/avr8/avr8-gnu-toolchain/bin/../lib/gcc/avr/5.4.0/avr51\libgcc.a(_tablejump2.o)
 .text.libgcc.mul
                0x00000000        0x0 c:/program files (x86)/atmel/studio/7.0/toolchain/avr8/avr8-gnu-toolchain/bin/../lib/gcc/avr/5.4.0/avr51\libgcc.a(_tablejump2.o)
 .text.libgcc.div
                0x00000000        0x0 c:/program files (x86)/atmel/studio/7.0/toolchain/avr8/avr8-gnu-toolchain/bin/../lib/gcc/avr/5.4.0/avr51\libgcc.a(_tablejump2.o)
 .text.libgcc.prologue
                0x00000000        0x0 c:/program files (x86)/atmel/studio/7.0/toolchain/avr8/avr8-gnu-toolchain/bin/../lib/gcc/avr/5.4.0/avr51\libgcc.a(_tablejump2.o)
 .text.libgcc.builtins
                0x00000000        0x0 c:/program files (x86)/atmel/studio/7.0/toolchain/avr8/avr8-gnu-toolchain/bin/../lib/gcc/avr/5.4.0/avr51\libgcc.a(_tablejump2.o)
 .text.libgcc.fmul
                0x00000000        0x0 c:/program files (x86)/atmel/studio/7.0/toolchain/avr8/avr8-gnu-toolchain/bin/../lib/gcc/avr/5.4.0/avr51\libgcc.a(_tablejump2.o)
 .text.libgcc.fixed
                0x00000000        0x0 c:/program files (x86)/atmel/studio/7.0/toolchain/avr8/avr8-gnu-toolchain/bin/../lib/gcc/avr/5.4.0/avr51\libgcc.a(_tablejump2.o)
 .text          0x00000000        0x0 c:/program files (x86)/atmel/studio/7.0/toolchain/avr8/avr8-gnu-toolchain/bin/../lib/gcc/avr/5.4.0/../../../../avr/lib/avr51\libc.a(memcpy.o)
 .data          0x00000000        0x0 c:/program files (x86)/atmel/studio/7.0/toolchain/avr8/avr8-gnu-toolchain/bin/../lib/gcc/avr/5.4.0/../../../../avr/lib/avr51\libc.a(memcpy.o)
 .bss           0x00000000        0x0 c:/program files (x86)/atmel/studio/7.0/toolchain/avr8/avr8-gnu-toolchain/bin/../lib/gcc/avr/5.4.0/../../../../avr/lib/avr51\libc.a(memcpy.o)

Memory Configuration

Name             Origin             Length             Attributes
text             0x00000000         0x00020000         xr
data             0x00800100         0x0000ff00         rw !x
eeprom           0x00810000         0x00010000         rw !x
fuse             0x00820000         0x00000003         rw !x
lock             0x00830000         0x00000400         rw !x
signature        0x00840000         0x00000400         rw !x
user_signatures  0x00850000         0x00000400         rw !x
*default*        0x00000000         0xffffffff

Linker script and memory map

Address of section .data set to 0x800100
LOAD C:/Program Files (x86)/Atmel/Studio/7.0/Packs/atmel/ATmega_DFP/1.1.130/gcc/dev/atmega128a/avr51/crtatmega128a.o
LOAD CommunicateProtocols/src/Modbus_rtu.o
LOAD Datastructure/src/SerialBuffer.o
LOAD DeviceDriver/src/Dev_Manager.o
LOAD DeviceDriver/src/per_sec_timer.o
LOAD DeviceDriver/src/RS485Driver.o
LOAD DeviceDriver/src/UartDriver.o
LOAD Eth_Udp/SRC/enc28j60.o
LOAD Eth_Udp/SRC/ip_arp_udp_tcp.o
LOAD Eth_Udp/SRC/spi.o
LOAD Eth_Udp/SRC/timeout.o
LOAD main.o
LOAD MiddleWare/SRC/MiddleWare.o
LOAD RTOS/SRC/croutine.o
LOAD RTOS/SRC/event_groups.o
LOAD RTOS/SRC/heap_1.o
LOAD RTOS/SRC/list.o
LOAD RTOS/SRC/port.o
LOAD RTOS/SRC/queue.o
LOAD RTOS/SRC/tasks.o
LOAD RTOS/SRC/timers.o
START GROUP
LOAD c:/program files (x86)/atmel/studio/7.0/toolchain/avr8/avr8-gnu-toolchain/bin/../lib/gcc/avr/5.4.0/../../../../avr/lib/avr51\libm.a
END GROUP
LOAD c:/program files (x86)/atmel/studio/7.0/toolchain/avr8/avr8-gnu-toolchain/bin/../lib/gcc/avr/5.4.0/avr51\libgcc.a
LOAD c:/program files (x86)/atmel/studio/7.0/toolchain/avr8/avr8-gnu-toolchain/bin/../lib/gcc/avr/5.4.0/../../../../avr/lib/avr51\libm.a
START GROUP
LOAD c:/program files (x86)/atmel/studio/7.0/toolchain/avr8/avr8-gnu-toolchain/bin/../lib/gcc/avr/5.4.0/avr51\libgcc.a
LOAD c:/program files (x86)/atmel/studio/7.0/toolchain/avr8/avr8-gnu-toolchain/bin/../lib/gcc/avr/5.4.0/../../../../avr/lib/avr51\libm.a
LOAD c:/program files (x86)/atmel/studio/7.0/toolchain/avr8/avr8-gnu-toolchain/bin/../lib/gcc/avr/5.4.0/../../../../avr/lib/avr51\libc.a
LOAD C:/Program Files (x86)/Atmel/Studio/7.0/Packs/atmel/ATmega_DFP/1.1.130/gcc/dev/atmega128a/avr51\libatmega128a.a
END GROUP
                0x00020000                __TEXT_REGION_LENGTH__ = DEFINED (__TEXT_REGION_LENGTH__)?__TEXT_REGION_LENGTH__:0x20000
                0x0000ff00                __DATA_REGION_LENGTH__ = DEFINED (__DATA_REGION_LENGTH__)?__DATA_REGION_LENGTH__:0xff00
                0x00010000                __EEPROM_REGION_LENGTH__ = DEFINED (__EEPROM_REGION_LENGTH__)?__EEPROM_REGION_LENGTH__:0x10000
                [0x00000003]                __FUSE_REGION_LENGTH__ = DEFINED (__FUSE_REGION_LENGTH__)?__FUSE_REGION_LENGTH__:0x400
                0x00000400                __LOCK_REGION_LENGTH__ = DEFINED (__LOCK_REGION_LENGTH__)?__LOCK_REGION_LENGTH__:0x400
                0x00000400                __SIGNATURE_REGION_LENGTH__ = DEFINED (__SIGNATURE_REGION_LENGTH__)?__SIGNATURE_REGION_LENGTH__:0x400
                0x00000400                __USER_SIGNATURE_REGION_LENGTH__ = DEFINED (__USER_SIGNATURE_REGION_LENGTH__)?__USER_SIGNATURE_REGION_LENGTH__:0x400

.hash
 *(.hash)

.dynsym
 *(.dynsym)

.dynstr
 *(.dynstr)

.gnu.version
 *(.gnu.version)

.gnu.version_d
 *(.gnu.version_d)

.gnu.version_r
 *(.gnu.version_r)

.rel.init
 *(.rel.init)

.rela.init
 *(.rela.init)

.rel.text
 *(.rel.text)
 *(.rel.text.*)
 *(.rel.gnu.linkonce.t*)

.rela.text
 *(.rela.text)
 *(.rela.text.*)
 *(.rela.gnu.linkonce.t*)

.rel.fini
 *(.rel.fini)

.rela.fini
 *(.rela.fini)

.rel.rodata
 *(.rel.rodata)
 *(.rel.rodata.*)
 *(.rel.gnu.linkonce.r*)

.rela.rodata
 *(.rela.rodata)
 *(.rela.rodata.*)
 *(.rela.gnu.linkonce.r*)

.rel.data
 *(.rel.data)
 *(.rel.data.*)
 *(.rel.gnu.linkonce.d*)

.rela.data
 *(.rela.data)
 *(.rela.data.*)
 *(.rela.gnu.linkonce.d*)

.rel.ctors
 *(.rel.ctors)

.rela.ctors
 *(.rela.ctors)

.rel.dtors
 *(.rel.dtors)

.rela.dtors
 *(.rela.dtors)

.rel.got
 *(.rel.got)

.rela.got
 *(.rela.got)

.rel.bss
 *(.rel.bss)

.rela.bss
 *(.rela.bss)

.rel.plt
 *(.rel.plt)

.rela.plt
 *(.rela.plt)

.text           0x00000000     0x2832
 *(.vectors)
 .vectors       0x00000000       0x8c C:/Program Files (x86)/Atmel/Studio/7.0/Packs/atmel/ATmega_DFP/1.1.130/gcc/dev/atmega128a/avr51/crtatmega128a.o
                0x00000000                __vector_default
                0x00000000                __vectors
 *(.vectors)
 *(.progmem.gcc*)
                0x0000008c                . = ALIGN (0x2)
                0x0000008c                __trampolines_start = .
 *(.trampolines)
 .trampolines   0x0000008c        0x0 linker stubs
 *(.trampolines*)
                0x0000008c                __trampolines_end = .
 *libprintf_flt.a:*(.progmem.data)
 *libc.a:*(.progmem.data)
 *(.progmem*)
                0x0000008c                . = ALIGN (0x2)
 *(.jumptables)
 *(.jumptables*)
 *(.lowtext)
 *(.lowtext*)
                0x0000008c                __ctors_start = .
 *(.ctors)
 .ctors         0x0000008c        0x2 DeviceDriver/src/per_sec_timer.o
                0x0000008e                __ctors_end = .
                0x0000008e                __dtors_start = .
 *(.dtors)
 .dtors         0x0000008e        0x2 DeviceDriver/src/per_sec_timer.o
                0x00000090                __dtors_end = .
 SORT(*)(.ctors)
 SORT(*)(.dtors)
 *(.init0)
 .init0         0x00000090        0x0 C:/Program Files (x86)/Atmel/Studio/7.0/Packs/atmel/ATmega_DFP/1.1.130/gcc/dev/atmega128a/avr51/crtatmega128a.o
                0x00000090                __init
 *(.init0)
 *(.init1)
 *(.init1)
 *(.init2)
 .init2         0x00000090        0xc C:/Program Files (x86)/Atmel/Studio/7.0/Packs/atmel/ATmega_DFP/1.1.130/gcc/dev/atmega128a/avr51/crtatmega128a.o
 *(.init2)
 *(.init3)
 *(.init3)
 *(.init4)
 .init4         0x0000009c       0x1a c:/program files (x86)/atmel/studio/7.0/toolchain/avr8/avr8-gnu-toolchain/bin/../lib/gcc/avr/5.4.0/avr51\libgcc.a(_copy_data.o)
                0x0000009c                __do_copy_data
 .init4         0x000000b6       0x10 c:/program files (x86)/atmel/studio/7.0/toolchain/avr8/avr8-gnu-toolchain/bin/../lib/gcc/avr/5.4.0/avr51\libgcc.a(_clear_bss.o)
                0x000000b6                __do_clear_bss
 *(.init4)
 *(.init5)
 *(.init5)
 *(.init6)
 .init6         0x000000c6       0x16 c:/program files (x86)/atmel/studio/7.0/toolchain/avr8/avr8-gnu-toolchain/bin/../lib/gcc/avr/5.4.0/avr51\libgcc.a(_ctors.o)
                0x000000c6                __do_global_ctors
 *(.init6)
 *(.init7)
 *(.init7)
 *(.init8)
 *(.init8)
 *(.init9)
 .init9         0x000000dc        0x8 C:/Program Files (x86)/Atmel/Studio/7.0/Packs/atmel/ATmega_DFP/1.1.130/gcc/dev/atmega128a/avr51/crtatmega128a.o
 *(.init9)
 *(.text)
 .text          0x000000e4        0x2 C:/Program Files (x86)/Atmel/Studio/7.0/Packs/atmel/ATmega_DFP/1.1.130/gcc/dev/atmega128a/avr51/crtatmega128a.o
                0x000000e4                __vector_22
                0x000000e4                __vector_1
                0x000000e4                __vector_32
                0x000000e4                __vector_34
                0x000000e4                __vector_24
                0x000000e4                __bad_interrupt
                0x000000e4                __vector_6
                0x000000e4                __vector_31
                0x000000e4                __vector_3
                0x000000e4                __vector_23
                0x000000e4                __vector_25
                0x000000e4                __vector_11
                0x000000e4                __vector_13
                0x000000e4                __vector_17
                0x000000e4                __vector_19
                0x000000e4                __vector_7
                0x000000e4                __vector_27
                0x000000e4                __vector_5
                0x000000e4                __vector_33
                0x000000e4                __vector_4
                0x000000e4                __vector_9
                0x000000e4                __vector_2
                0x000000e4                __vector_21
                0x000000e4                __vector_15
                0x000000e4                __vector_29
                0x000000e4                __vector_8
                0x000000e4                __vector_26
                0x000000e4                __vector_14
                0x000000e4                __vector_10
                0x000000e4                __vector_16
                0x000000e4                __vector_20
                0x000000e6                . = ALIGN (0x2)
 *(.text.*)
 .text._Z5CRC16Phi
                0x000000e6       0x38 CommunicateProtocols/src/Modbus_rtu.o
                0x000000e6                _Z5CRC16Phi
 .text._Z13GetFunc04DataPcP17GetFunctionCode04Pi
                0x0000011e       0x42 CommunicateProtocols/src/Modbus_rtu.o
                0x0000011e                _Z13GetFunc04DataPcP17GetFunctionCode04Pi
 .text._Z13GetFunc05DataPcP17GetFunctionCode05
                0x00000160       0x32 CommunicateProtocols/src/Modbus_rtu.o
                0x00000160                _Z13GetFunc05DataPcP17GetFunctionCode05
 .text._Z13GetFucc10DataPcP17GetFunctionCode10Pi
                0x00000192       0x54 CommunicateProtocols/src/Modbus_rtu.o
                0x00000192                _Z13GetFucc10DataPcP17GetFunctionCode10Pi
 .text._Z18ResponseFucc10DataPcP22ResponseFunctionCode10
                0x000001e6       0x32 CommunicateProtocols/src/Modbus_rtu.o
                0x000001e6                _Z18ResponseFucc10DataPcP22ResponseFunctionCode10
 .text._Z16GetExceptionCodeP16RspExceptionCodecc
                0x00000218       0x20 CommunicateProtocols/src/Modbus_rtu.o
                0x00000218                _Z16GetExceptionCodeP16RspExceptionCodecc
 .text._ZN12SerialBufferC2EP11Dev_Manager8Dev_type
                0x00000238       0x4a Datastructure/src/SerialBuffer.o
                0x00000238                _ZN12SerialBufferC2EP11Dev_Manager8Dev_type
                0x00000238                _ZN12SerialBufferC1EP11Dev_Manager8Dev_type
 .text._ZN12SerialBuffernwEj
                0x00000282        0x6 Datastructure/src/SerialBuffer.o
                0x00000282                _ZN12SerialBuffernwEj
 .text._ZN12SerialBuffer11SerialstoreEc
                0x00000288       0x4a Datastructure/src/SerialBuffer.o
                0x00000288                _ZN12SerialBuffer11SerialstoreEc
 .text._ZN12SerialBuffer11SerialWriteEPKci
                0x000002d2       0x78 Datastructure/src/SerialBuffer.o
                0x000002d2                _ZN12SerialBuffer11SerialWriteEPKci
 .text._ZN12SerialBuffer10SerialReadEv
                0x0000034a       0x58 Datastructure/src/SerialBuffer.o
                0x0000034a                _ZN12SerialBuffer10SerialReadEv
 .text._ZN12SerialBuffer15SerialAvailableEv
                0x000003a2       0x16 Datastructure/src/SerialBuffer.o
                0x000003a2                _ZN12SerialBuffer15SerialAvailableEv
 .text._ZN12SerialBuffer11SerialFlushEv
                0x000003b8       0x16 Datastructure/src/SerialBuffer.o
                0x000003b8                _ZN12SerialBuffer11SerialFlushEv
 .text._ZN11Dev_ManagerC2Ev
                0x000003ce       0x22 DeviceDriver/src/Dev_Manager.o
                0x000003ce                _ZN11Dev_ManagerC2Ev
                0x000003ce                _ZN11Dev_ManagerC1Ev
 .text._ZN11Dev_ManagerD2Ev
                0x000003f0        0xa DeviceDriver/src/Dev_Manager.o
                0x000003f0                _ZN11Dev_ManagerD2Ev
                0x000003f0                _ZN11Dev_ManagerD1Ev
 .text._ZN11Dev_Manager11getInstanceEv
                0x000003fa       0x32 DeviceDriver/src/Dev_Manager.o
                0x000003fa                _ZN11Dev_Manager11getInstanceEv
 .text._ZN11Dev_Manager12Register_DevEP20DeviceDriveInterFace8Dev_type
                0x0000042c       0x12 DeviceDriver/src/Dev_Manager.o
                0x0000042c                _ZN11Dev_Manager12Register_DevEP20DeviceDriveInterFace8Dev_type
 .text._ZN11Dev_ManagernwEj
                0x0000043e        0x6 DeviceDriver/src/Dev_Manager.o
                0x0000043e                _ZN11Dev_ManagernwEj
 .text._ZN11Dev_Manager5WriteE8Dev_typec
                0x00000444       0x28 DeviceDriver/src/Dev_Manager.o
                0x00000444                _ZN11Dev_Manager5WriteE8Dev_typec
 .text._ZN11Dev_Manager6WritesE8Dev_typePc
                0x0000046c       0x28 DeviceDriver/src/Dev_Manager.o
                0x0000046c                _ZN11Dev_Manager6WritesE8Dev_typePc
 .text._ZN11Dev_Manager11Device_InitE8Dev_type
                0x00000494       0x24 DeviceDriver/src/Dev_Manager.o
                0x00000494                _ZN11Dev_Manager11Device_InitE8Dev_type
 .text._ZN11Dev_Manager11Open_HandleE8Dev_typePFvS0_jE
                0x000004b8       0x1a DeviceDriver/src/Dev_Manager.o
                0x000004b8                _ZN11Dev_Manager11Open_HandleE8Dev_typePFvS0_jE
 .text._ZN11Dev_Manager12Driver_CheckE8Dev_type
                0x000004d2       0x1a DeviceDriver/src/Dev_Manager.o
                0x000004d2                _ZN11Dev_Manager12Driver_CheckE8Dev_type
 .text._ZN11Dev_Manager16getInterfaceAddrE8Dev_type
                0x000004ec       0x12 DeviceDriver/src/Dev_Manager.o
                0x000004ec                _ZN11Dev_Manager16getInterfaceAddrE8Dev_type
 .text.__vector_18
                0x000004fe       0x60 DeviceDriver/src/Dev_Manager.o
                0x000004fe                __vector_18
 .text.__vector_30
                0x0000055e       0x62 DeviceDriver/src/Dev_Manager.o
                0x0000055e                __vector_30
 .text.__vector_28
                0x000005c0       0x60 DeviceDriver/src/Dev_Manager.o
                0x000005c0                __vector_28
 .text._ZN20DeviceDriveInterFace11Device_ReadEv
                0x00000620        0x2 DeviceDriver/src/per_sec_timer.o
                0x00000620                _ZN20DeviceDriveInterFace11Device_ReadEv
 .text._ZN20DeviceDriveInterFace13Device_WritesEPKc
                0x00000622        0x2 DeviceDriver/src/per_sec_timer.o
                0x00000622                _ZN20DeviceDriveInterFace13Device_WritesEPKc
 .text._ZN20DeviceDriveInterFace12Device_WriteEc
                0x00000624        0x2 DeviceDriver/src/per_sec_timer.o
                0x00000624                _ZN20DeviceDriveInterFace12Device_WriteEc
 .text._ZN5Timer11Device_InitEv
                0x00000626       0x20 DeviceDriver/src/per_sec_timer.o
                0x00000626                _ZN5Timer11Device_InitEv
 .text._ZN5TimerC2Ev
                0x00000646        0xc DeviceDriver/src/per_sec_timer.o
                0x00000646                _ZN5TimerC2Ev
                0x00000646                _ZN5TimerC1Ev
 .text._ZN5TimernwEj
                0x00000652        0x4 DeviceDriver/src/per_sec_timer.o
                0x00000652                _ZN5TimernwEj
 .text._GLOBAL__sub_I_dev1
                0x00000656        0x8 DeviceDriver/src/per_sec_timer.o
 .text._GLOBAL__sub_D_dev1
                0x0000065e        0x8 DeviceDriver/src/per_sec_timer.o
 .text._ZN11RS485Driver11Device_InitEv
                0x00000666       0x3a DeviceDriver/src/RS485Driver.o
                0x00000666                _ZN11RS485Driver11Device_InitEv
 .text._ZN11RS485DriverC2Ev
                0x000006a0       0x20 DeviceDriver/src/RS485Driver.o
                0x000006a0                _ZN11RS485DriverC1Ev
                0x000006a0                _ZN11RS485DriverC2Ev
 .text._ZN11RS485DrivernwEj
                0x000006c0        0x4 DeviceDriver/src/RS485Driver.o
                0x000006c0                _ZN11RS485DrivernwEj
 .text._ZN11RS485Driver12UART_PutcharEc
                0x000006c4       0x48 DeviceDriver/src/RS485Driver.o
                0x000006c4                _ZN11RS485Driver12UART_PutcharEc
 .text._ZN11RS485Driver12Device_WriteEc
                0x0000070c        0x4 DeviceDriver/src/RS485Driver.o
                0x0000070c                _ZN11RS485Driver12Device_WriteEc
 .text._ZN11RS485Driver14UART_PutStringEPKc
                0x00000710       0x54 DeviceDriver/src/RS485Driver.o
                0x00000710                _ZN11RS485Driver14UART_PutStringEPKc
 .text._ZN11RS485Driver13Device_WritesEPKc
                0x00000764        0x4 DeviceDriver/src/RS485Driver.o
                0x00000764                _ZN11RS485Driver13Device_WritesEPKc
 .text._ZN10UartDriver11Device_InitEv
                0x00000768       0x32 DeviceDriver/src/UartDriver.o
                0x00000768                _ZN10UartDriver11Device_InitEv
 .text._ZN10UartDriverC2Ev
                0x0000079a       0x20 DeviceDriver/src/UartDriver.o
                0x0000079a                _ZN10UartDriverC2Ev
                0x0000079a                _ZN10UartDriverC1Ev
 .text._ZN10UartDrivernwEj
                0x000007ba        0x4 DeviceDriver/src/UartDriver.o
                0x000007ba                _ZN10UartDrivernwEj
 .text._ZN10UartDriver12UART_PutcharEc
                0x000007be       0x40 DeviceDriver/src/UartDriver.o
                0x000007be                _ZN10UartDriver12UART_PutcharEc
 .text._ZN10UartDriver12Device_WriteEc
                0x000007fe        0x4 DeviceDriver/src/UartDriver.o
                0x000007fe                _ZN10UartDriver12Device_WriteEc
 .text._ZN10UartDriver14UART_PutStringEPKc
                0x00000802       0x54 DeviceDriver/src/UartDriver.o
                0x00000802                _ZN10UartDriver14UART_PutStringEPKc
 .text._ZN10UartDriver13Device_WritesEPKc
                0x00000856        0x4 DeviceDriver/src/UartDriver.o
                0x00000856                _ZN10UartDriver13Device_WritesEPKc
 .text._Z14enc28j60ReadOphh
                0x0000085a       0x24 Eth_Udp/SRC/enc28j60.o
                0x0000085a                _Z14enc28j60ReadOphh
 .text._Z15enc28j60WriteOphhh
                0x0000087e       0x16 Eth_Udp/SRC/enc28j60.o
                0x0000087e                _Z15enc28j60WriteOphhh
 .text._Z18enc28j60ReadBufferjPh
                0x00000894       0x30 Eth_Udp/SRC/enc28j60.o
                0x00000894                _Z18enc28j60ReadBufferjPh
 .text._Z19enc28j60WriteBufferjPh
                0x000008c4       0x2c Eth_Udp/SRC/enc28j60.o
                0x000008c4                _Z19enc28j60WriteBufferjPh
 .text._Z15enc28j60SetBankh
                0x000008f0       0x4a Eth_Udp/SRC/enc28j60.o
                0x000008f0                _Z15enc28j60SetBankh
 .text._Z12enc28j60Readh
                0x0000093a       0x10 Eth_Udp/SRC/enc28j60.o
                0x0000093a                _Z12enc28j60Readh
 .text._Z13enc28j60Writehh
                0x0000094a       0x18 Eth_Udp/SRC/enc28j60.o
                0x0000094a                _Z13enc28j60Writehh
 .text._Z16enc28j60PhyWritehj
                0x00000962       0x30 Eth_Udp/SRC/enc28j60.o
                0x00000962                _Z16enc28j60PhyWritehj
 .text._Z14enc28j60clkouth
                0x00000992        0xa Eth_Udp/SRC/enc28j60.o
                0x00000992                _Z14enc28j60clkouth
 .text._Z12enc28j60InitPh
                0x0000099c       0xf4 Eth_Udp/SRC/enc28j60.o
                0x0000099c                _Z12enc28j60InitPh
 .text._Z18enc28j60PacketSendjPh
                0x00000a90       0x5c Eth_Udp/SRC/enc28j60.o
                0x00000a90                _Z18enc28j60PacketSendjPh
 .text._Z21enc28j60PacketReceivejPh
                0x00000aec       0xca Eth_Udp/SRC/enc28j60.o
                0x00000aec                _Z21enc28j60PacketReceivejPh
 .text._Z8checksumPhjh
                0x00000bb6       0xec Eth_Udp/SRC/ip_arp_udp_tcp.o
                0x00000bb6                _Z8checksumPhjh
 .text._Z19init_ip_arp_udp_tcpPhS_h
                0x00000ca2       0x32 Eth_Udp/SRC/ip_arp_udp_tcp.o
                0x00000ca2                _Z19init_ip_arp_udp_tcpPhS_h
 .text._Z25eth_type_is_arp_and_my_ipPhj
                0x00000cd4       0x4c Eth_Udp/SRC/ip_arp_udp_tcp.o
                0x00000cd4                _Z25eth_type_is_arp_and_my_ipPhj
 .text._Z24eth_type_is_ip_and_my_ipPhj
                0x00000d20       0x54 Eth_Udp/SRC/ip_arp_udp_tcp.o
                0x00000d20                _Z24eth_type_is_ip_and_my_ipPhj
 .text._Z8make_ethPh
                0x00000d74       0x1c Eth_Udp/SRC/ip_arp_udp_tcp.o
                0x00000d74                _Z8make_ethPh
 .text._Z20fill_ip_hdr_checksumPh
                0x00000d90       0x28 Eth_Udp/SRC/ip_arp_udp_tcp.o
                0x00000d90                _Z20fill_ip_hdr_checksumPh
 .text._Z7make_ipPh
                0x00000db8       0x22 Eth_Udp/SRC/ip_arp_udp_tcp.o
                0x00000db8                _Z7make_ipPh
 .text._Z28make_arp_answer_from_requestPh
                0x00000dda       0x50 Eth_Udp/SRC/ip_arp_udp_tcp.o
                0x00000dda                _Z28make_arp_answer_from_requestPh
 .text._Z28make_echo_reply_from_requestPhj
                0x00000e2a       0x34 Eth_Udp/SRC/ip_arp_udp_tcp.o
                0x00000e2a                _Z28make_echo_reply_from_requestPhj
 .text._Z27make_udp_reply_from_requestPhPchj
                0x00000e5e       0x96 Eth_Udp/SRC/ip_arp_udp_tcp.o
                0x00000e5e                _Z27make_udp_reply_from_requestPhPchj
 .text._Z8spi_initv
                0x00000ef4       0x1a Eth_Udp/SRC/spi.o
                0x00000ef4                _Z8spi_initv
 .text._Z8delay_msj
                0x00000f0e       0x16 Eth_Udp/SRC/timeout.o
                0x00000f0e                _Z8delay_msj
 .text._Z9Timer_ISR8Dev_typej
                0x00000f24       0x10 main.o
                0x00000f24                _Z9Timer_ISR8Dev_typej
 .text._ZL5proc2Pv
                0x00000f34       0xbc main.o
 .text._ZL5proc1Pv
                0x00000ff0      0x11c main.o
 .text._ZL4procPv
                0x0000110c      0x23e main.o
 .text._Z8Uart_ISR8Dev_typej
                0x0000134a        0xe main.o
                0x0000134a                _Z8Uart_ISR8Dev_typej
 .text._Z9RS485_ISR8Dev_typej
                0x00001358        0xe main.o
                0x00001358                _Z9RS485_ISR8Dev_typej
 .text._Z8Init_Devv
                0x00001366       0xa8 main.o
                0x00001366                _Z8Init_Devv
 .text.main     0x0000140e       0xe8 main.o
                0x0000140e                main
 .text.vApplicationStackOverflowHook
                0x000014f6        0x2 main.o
                0x000014f6                vApplicationStackOverflowHook
 .text.pvPortMalloc
                0x000014f8       0x66 RTOS/SRC/heap_1.o
                0x000014f8                pvPortMalloc
 .text.vPortFree
                0x0000155e        0x2 RTOS/SRC/heap_1.o
                0x0000155e                vPortFree
 .text.vListInitialise
                0x00001560       0x1c RTOS/SRC/list.o
                0x00001560                vListInitialise
 .text.vListInitialiseItem
                0x0000157c        0x8 RTOS/SRC/list.o
                0x0000157c                vListInitialiseItem
 .text.vListInsertEnd
                0x00001584       0x42 RTOS/SRC/list.o
                0x00001584                vListInsertEnd
 .text.vListInsert
                0x000015c6       0x62 RTOS/SRC/list.o
                0x000015c6                vListInsert
 .text.uxListRemove
                0x00001628       0x4c RTOS/SRC/list.o
                0x00001628                uxListRemove
 .text.pxPortInitialiseStack
                0x00001674       0xd8 RTOS/SRC/port.o
                0x00001674                pxPortInitialiseStack
 .text.xPortStartScheduler
                0x0000174c       0x6a RTOS/SRC/port.o
                0x0000174c                xPortStartScheduler
 .text.vPortYield
                0x000017b6       0xb0 RTOS/SRC/port.o
                0x000017b6                vPortYield
 .text.vPortYieldFromTick
                0x00001866       0xb4 RTOS/SRC/port.o
                0x00001866                vPortYieldFromTick
 .text.__vector_12
                0x0000191a        0x4 RTOS/SRC/port.o
                0x0000191a                __vector_12
 .text.prvCopyDataToQueue
                0x0000191e       0xb8 RTOS/SRC/queue.o
 .text.prvCopyDataFromQueue
                0x000019d6       0x32 RTOS/SRC/queue.o
 .text.prvUnlockQueue
                0x00001a08       0x92 RTOS/SRC/queue.o
 .text.xQueueGenericReset
                0x00001a9a       0x72 RTOS/SRC/queue.o
                0x00001a9a                xQueueGenericReset
 .text.xQueueGenericCreate
                0x00001b0c       0x54 RTOS/SRC/queue.o
                0x00001b0c                xQueueGenericCreate
 .text.xQueueGenericSend
                0x00001b60      0x124 RTOS/SRC/queue.o
                0x00001b60                xQueueGenericSend
 .text.xQueueCreateMutex
                0x00001c84       0x30 RTOS/SRC/queue.o
                0x00001c84                xQueueCreateMutex
 .text.xQueueGenericReceive
                0x00001cb4      0x174 RTOS/SRC/queue.o
                0x00001cb4                xQueueGenericReceive
 .text.prvResetNextTaskUnblockTime
                0x00001e28       0x3e RTOS/SRC/tasks.o
 .text.prvAddCurrentTaskToDelayedList
                0x00001e66       0xa8 RTOS/SRC/tasks.o
 .text.xTaskCreate
                0x00001f0e      0x1fc RTOS/SRC/tasks.o
                0x00001f0e                xTaskCreate
 .text.vTaskStartScheduler
                0x0000210a       0x50 RTOS/SRC/tasks.o
                0x0000210a                vTaskStartScheduler
 .text.vTaskSuspendAll
                0x0000215a        0xc RTOS/SRC/tasks.o
                0x0000215a                vTaskSuspendAll
 .text.xTaskIncrementTick
                0x00002166      0x16e RTOS/SRC/tasks.o
                0x00002166                xTaskIncrementTick
 .text.xTaskResumeAll
                0x000022d4       0xf2 RTOS/SRC/tasks.o
                0x000022d4                xTaskResumeAll
 .text.vTaskDelay
                0x000023c6       0x20 RTOS/SRC/tasks.o
                0x000023c6                vTaskDelay
 .text.prvIdleTask
                0x000023e6       0x6e RTOS/SRC/tasks.o
 .text.vTaskSwitchContext
                0x00002454      0x100 RTOS/SRC/tasks.o
                0x00002454                vTaskSwitchContext
 .text.vTaskPlaceOnEventList
                0x00002554       0x20 RTOS/SRC/tasks.o
                0x00002554                vTaskPlaceOnEventList
 .text.xTaskRemoveFromEventList
                0x00002574       0x8c RTOS/SRC/tasks.o
                0x00002574                xTaskRemoveFromEventList
 .text.vTaskSetTimeOutState
                0x00002600       0x16 RTOS/SRC/tasks.o
                0x00002600                vTaskSetTimeOutState
 .text.xTaskCheckForTimeOut
                0x00002616       0x70 RTOS/SRC/tasks.o
                0x00002616                xTaskCheckForTimeOut
 .text.vTaskMissedYield
                0x00002686        0x8 RTOS/SRC/tasks.o
                0x00002686                vTaskMissedYield
 .text.vTaskPriorityInherit
                0x0000268e       0xc4 RTOS/SRC/tasks.o
                0x0000268e                vTaskPriorityInherit
 .text.xTaskPriorityDisinherit
                0x00002752       0x80 RTOS/SRC/tasks.o
                0x00002752                xTaskPriorityDisinherit
 .text.pvTaskIncrementMutexHeldCount
                0x000027d2       0x24 RTOS/SRC/tasks.o
                0x000027d2                pvTaskIncrementMutexHeldCount
 .text.libgcc   0x000027f6       0x12 c:/program files (x86)/atmel/studio/7.0/toolchain/avr8/avr8-gnu-toolchain/bin/../lib/gcc/avr/5.4.0/avr51\libgcc.a(_tablejump2.o)
                0x000027f6                __tablejump2__
 .text.avr-libc
                0x00002808       0x12 c:/program files (x86)/atmel/studio/7.0/toolchain/avr8/avr8-gnu-toolchain/bin/../lib/gcc/avr/5.4.0/../../../../avr/lib/avr51\libc.a(memcpy.o)
                0x00002808                memcpy
                0x0000281a                . = ALIGN (0x2)
 *(.fini9)
 .fini9         0x0000281a        0x0 c:/program files (x86)/atmel/studio/7.0/toolchain/avr8/avr8-gnu-toolchain/bin/../lib/gcc/avr/5.4.0/avr51\libgcc.a(_exit.o)
                0x0000281a                _exit
                0x0000281a                exit
 *(.fini9)
 *(.fini8)
 *(.fini8)
 *(.fini7)
 *(.fini7)
 *(.fini6)
 .fini6         0x0000281a       0x14 c:/program files (x86)/atmel/studio/7.0/toolchain/avr8/avr8-gnu-toolchain/bin/../lib/gcc/avr/5.4.0/avr51\libgcc.a(_dtors.o)
                0x0000281a                __do_global_dtors
 *(.fini6)
 *(.fini5)
 *(.fini5)
 *(.fini4)
 *(.fini4)
 *(.fini3)
 *(.fini3)
 *(.fini2)
 *(.fini2)
 *(.fini1)
 *(.fini1)
 *(.fini0)
 .fini0         0x0000282e        0x4 c:/program files (x86)/atmel/studio/7.0/toolchain/avr8/avr8-gnu-toolchain/bin/../lib/gcc/avr/5.4.0/avr51\libgcc.a(_exit.o)
 *(.fini0)
                0x00002832                _etext = .

.data           0x00800100       0x94 load address 0x00002832
                0x00800100                PROVIDE (__data_start, .)
 *(.data)
 *(.data*)
 .data._ZL7wwwport
                0x00800100        0x1 Eth_Udp/SRC/ip_arp_udp_tcp.o
 .data._ZZL5proc2PvE4myip
                0x00800101        0x4 main.o
 .data._ZZL5proc2PvE5mymac
                0x00800105        0x6 main.o
 *(.rodata)
 *(.rodata*)
 .rodata._ZTV5Timer
                0x0080010b        0xc DeviceDriver/src/per_sec_timer.o
                0x0080010b                _ZTV5Timer
 .rodata._ZTV11RS485Driver
                0x00800117        0xc DeviceDriver/src/RS485Driver.o
                0x00800117                _ZTV11RS485Driver
 .rodata._ZTV10UartDriver
                0x00800123        0xc DeviceDriver/src/UartDriver.o
                0x00800123                _ZTV10UartDriver
 .rodata.str1.1
                0x0080012f       0x5f main.o
 .rodata.str1.1
                0x0080018e        0x5 RTOS/SRC/tasks.o
 *(.gnu.linkonce.d*)
                0x00800194                . = ALIGN (0x2)
 *fill*         0x00800193        0x1 
                0x00800194                _edata = .
                0x00800194                PROVIDE (__data_end, .)

.bss            0x00800194      0xbd5
                0x00800194                PROVIDE (__bss_start, .)
 *(.bss)
 *(.bss*)
 .bss._ZN11Dev_Manager4instE
                0x00800194        0x2 DeviceDriver/src/Dev_Manager.o
                0x00800194                _ZN11Dev_Manager4instE
 .bss.dev1      0x00800196        0xc DeviceDriver/src/per_sec_timer.o
                0x00800196                dev1
 .bss._ZN11RS485Driver4instE
                0x008001a2        0x2 DeviceDriver/src/RS485Driver.o
                0x008001a2                _ZN11RS485Driver4instE
 .bss._ZN10UartDriver4instE
                0x008001a4        0x2 DeviceDriver/src/UartDriver.o
                0x008001a4                _ZN10UartDriver4instE
 .bss._ZL13NextPacketPtr
                0x008001a6        0x2 Eth_Udp/SRC/enc28j60.o
 .bss._ZL12Enc28j60Bank
                0x008001a8        0x1 Eth_Udp/SRC/enc28j60.o
 .bss._ZL6ipaddr
                0x008001a9        0x4 Eth_Udp/SRC/ip_arp_udp_tcp.o
 .bss._ZL7macaddr
                0x008001ad        0x6 Eth_Udp/SRC/ip_arp_udp_tcp.o
 .bss._ZZL5proc2PvE4data
                0x008001b3        0x6 main.o
 .bss._ZZL5proc2PvE3buf
                0x008001b9      0x201 main.o
 .bss.mem4      0x008003ba       0x14 main.o
                0x008003ba                mem4
 .bss.current_pressure
                0x008003ce        0x2 main.o
                0x008003ce                current_pressure
 .bss.current_temp
                0x008003d0        0x2 main.o
                0x008003d0                current_temp
 .bss.count_number
                0x008003d2        0x2 main.o
                0x008003d2                count_number
 .bss.rsp10     0x008003d4        0x8 main.o
                0x008003d4                rsp10
 .bss.exception
                0x008003dc        0x5 main.o
                0x008003dc                exception
 .bss.func10    0x008003e1        0xb main.o
                0x008003e1                func10
 .bss.func04    0x008003ec        0x7 main.o
                0x008003ec                func04
 .bss.func05    0x008003f3        0x8 main.o
                0x008003f3                func05
 .bss.DataStruct
                0x008003fb        0x6 main.o
                0x008003fb                DataStruct
 .bss.dev       0x00800401        0x2 main.o
                0x00800401                dev
 .bss.pucAlignedHeap.2069
                0x00800403        0x2 RTOS/SRC/heap_1.o
 .bss.xNextFreeByte
                0x00800405        0x2 RTOS/SRC/heap_1.o
 .bss.ucHeap    0x00800407      0x8fc RTOS/SRC/heap_1.o
 .bss.uxSchedulerSuspended
                0x00800d03        0x1 RTOS/SRC/tasks.o
 .bss.xIdleTaskHandle
                0x00800d04        0x2 RTOS/SRC/tasks.o
 .bss.xNextTaskUnblockTime
                0x00800d06        0x2 RTOS/SRC/tasks.o
 .bss.uxTaskNumber
                0x00800d08        0x1 RTOS/SRC/tasks.o
 .bss.xNumOfOverflows
                0x00800d09        0x1 RTOS/SRC/tasks.o
 .bss.xYieldPending
                0x00800d0a        0x1 RTOS/SRC/tasks.o
 .bss.uxPendedTicks
                0x00800d0b        0x1 RTOS/SRC/tasks.o
 .bss.xSchedulerRunning
                0x00800d0c        0x1 RTOS/SRC/tasks.o
 .bss.uxTopReadyPriority
                0x00800d0d        0x1 RTOS/SRC/tasks.o
 .bss.xTickCount
                0x00800d0e        0x2 RTOS/SRC/tasks.o
 .bss.uxCurrentNumberOfTasks
                0x00800d10        0x1 RTOS/SRC/tasks.o
 .bss.xSuspendedTaskList
                0x00800d11        0x9 RTOS/SRC/tasks.o
 .bss.uxDeletedTasksWaitingCleanUp
                0x00800d1a        0x1 RTOS/SRC/tasks.o
 .bss.xTasksWaitingTermination
                0x00800d1b        0x9 RTOS/SRC/tasks.o
 .bss.xPendingReadyList
                0x00800d24        0x9 RTOS/SRC/tasks.o
 .bss.pxOverflowDelayedTaskList
                0x00800d2d        0x2 RTOS/SRC/tasks.o
 .bss.pxDelayedTaskList
                0x00800d2f        0x2 RTOS/SRC/tasks.o
 .bss.xDelayedTaskList2
                0x00800d31        0x9 RTOS/SRC/tasks.o
 .bss.xDelayedTaskList1
                0x00800d3a        0x9 RTOS/SRC/tasks.o
 .bss.pxReadyTasksLists
                0x00800d43       0x24 RTOS/SRC/tasks.o
 .bss.pxCurrentTCB
                0x00800d67        0x2 RTOS/SRC/tasks.o
                0x00800d67                pxCurrentTCB
 *(COMMON)
                0x00800d69                PROVIDE (__bss_end, .)
                0x00002832                __data_load_start = LOADADDR (.data)
                0x000028c6                __data_load_end = (__data_load_start + SIZEOF (.data))

.noinit         0x00800d69        0x0
                [!provide]                PROVIDE (__noinit_start, .)
 *(.noinit*)
                [!provide]                PROVIDE (__noinit_end, .)
                0x00800d69                _end = .
                [!provide]                PROVIDE (__heap_start, .)

.eeprom         0x00810000        0x0
 *(.eeprom*)
                0x00810000                __eeprom_end = .

.fuse
 *(.fuse)
 *(.lfuse)
 *(.hfuse)
 *(.efuse)

.lock
 *(.lock*)

.signature
 *(.signature*)

.user_signatures
 *(.user_signatures*)

.stab
 *(.stab)

.stabstr
 *(.stabstr)

.stab.excl
 *(.stab.excl)

.stab.exclstr
 *(.stab.exclstr)

.stab.index
 *(.stab.index)

.stab.indexstr
 *(.stab.indexstr)

.comment        0x00000000       0x30
 *(.comment)
 .comment       0x00000000       0x30 CommunicateProtocols/src/Modbus_rtu.o
                                 0x31 (size before relaxing)
 .comment       0x00000030       0x31 Datastructure/src/SerialBuffer.o
 .comment       0x00000030       0x31 DeviceDriver/src/Dev_Manager.o
 .comment       0x00000030       0x31 DeviceDriver/src/per_sec_timer.o
 .comment       0x00000030       0x31 DeviceDriver/src/RS485Driver.o
 .comment       0x00000030       0x31 DeviceDriver/src/UartDriver.o
 .comment       0x00000030       0x31 Eth_Udp/SRC/enc28j60.o
 .comment       0x00000030       0x31 Eth_Udp/SRC/ip_arp_udp_tcp.o
 .comment       0x00000030       0x31 Eth_Udp/SRC/spi.o
 .comment       0x00000030       0x31 Eth_Udp/SRC/timeout.o
 .comment       0x00000030       0x31 main.o
 .comment       0x00000030       0x31 RTOS/SRC/heap_1.o
 .comment       0x00000030       0x31 RTOS/SRC/list.o
 .comment       0x00000030       0x31 RTOS/SRC/port.o
 .comment       0x00000030       0x31 RTOS/SRC/queue.o
 .comment       0x00000030       0x31 RTOS/SRC/tasks.o

.note.gnu.avr.deviceinfo
                0x00000000       0x40
 .note.gnu.avr.deviceinfo
                0x00000000       0x40 C:/Program Files (x86)/Atmel/Studio/7.0/Packs/atmel/ATmega_DFP/1.1.130/gcc/dev/atmega128a/avr51/crtatmega128a.o

.note.gnu.build-id
 *(.note.gnu.build-id)

.debug
 *(.debug)

.line
 *(.line)

.debug_srcinfo
 *(.debug_srcinfo)

.debug_sfnames
 *(.debug_sfnames)

.debug_aranges  0x00000000      0x788
 *(.debug_aranges)
 .debug_aranges
                0x00000000       0x78 CommunicateProtocols/src/Modbus_rtu.o
 .debug_aranges
                0x00000078       0x70 Datastructure/src/SerialBuffer.o
 .debug_aranges
                0x000000e8       0x98 DeviceDriver/src/Dev_Manager.o
 .debug_aranges
                0x00000180       0x60 DeviceDriver/src/per_sec_timer.o
 .debug_aranges
                0x000001e0       0x78 DeviceDriver/src/RS485Driver.o
 .debug_aranges
                0x00000258       0x78 DeviceDriver/src/UartDriver.o
 .debug_aranges
                0x000002d0       0x90 Eth_Udp/SRC/enc28j60.o
 .debug_aranges
                0x00000360       0xa8 Eth_Udp/SRC/ip_arp_udp_tcp.o
 .debug_aranges
                0x00000408       0x20 Eth_Udp/SRC/spi.o
 .debug_aranges
                0x00000428       0x30 Eth_Udp/SRC/timeout.o
 .debug_aranges
                0x00000458       0x60 main.o
 .debug_aranges
                0x000004b8       0x38 RTOS/SRC/heap_1.o
 .debug_aranges
                0x000004f0       0x40 RTOS/SRC/list.o
 .debug_aranges
                0x00000530       0x48 RTOS/SRC/port.o
 .debug_aranges
                0x00000578       0xc8 RTOS/SRC/queue.o
 .debug_aranges
                0x00000640      0x148 RTOS/SRC/tasks.o

.debug_pubnames
 *(.debug_pubnames)

.debug_info     0x00000000     0xa28f
 *(.debug_info .gnu.linkonce.wi.*)
 .debug_info    0x00000000      0x780 C:/Program Files (x86)/Atmel/Studio/7.0/Packs/atmel/ATmega_DFP/1.1.130/gcc/dev/atmega128a/avr51/crtatmega128a.o
 .debug_info    0x00000780      0x9d6 CommunicateProtocols/src/Modbus_rtu.o
 .debug_info    0x00001156      0x96b Datastructure/src/SerialBuffer.o
 .debug_info    0x00001ac1      0x780 DeviceDriver/src/Dev_Manager.o
 .debug_info    0x00002241      0x7d6 DeviceDriver/src/per_sec_timer.o
 .debug_info    0x00002a17      0x880 DeviceDriver/src/RS485Driver.o
 .debug_info    0x00003297      0x880 DeviceDriver/src/UartDriver.o
 .debug_info    0x00003b17      0xc07 Eth_Udp/SRC/enc28j60.o
 .debug_info    0x0000471e      0x9da Eth_Udp/SRC/ip_arp_udp_tcp.o
 .debug_info    0x000050f8       0x86 Eth_Udp/SRC/spi.o
 .debug_info    0x0000517e      0x1a7 Eth_Udp/SRC/timeout.o
 .debug_info    0x00005325     0x1743 main.o
 .debug_info    0x00006a68      0x1a4 RTOS/SRC/heap_1.o
 .debug_info    0x00006c0c      0x2cd RTOS/SRC/list.o
 .debug_info    0x00006ed9      0x263 RTOS/SRC/port.o
 .debug_info    0x0000713c     0x14b7 RTOS/SRC/queue.o
 .debug_info    0x000085f3     0x1c9c RTOS/SRC/tasks.o

.debug_abbrev   0x00000000     0x2b45
 *(.debug_abbrev)
 .debug_abbrev  0x00000000      0x718 C:/Program Files (x86)/Atmel/Studio/7.0/Packs/atmel/ATmega_DFP/1.1.130/gcc/dev/atmega128a/avr51/crtatmega128a.o
 .debug_abbrev  0x00000718      0x1d1 CommunicateProtocols/src/Modbus_rtu.o
 .debug_abbrev  0x000008e9      0x2e5 Datastructure/src/SerialBuffer.o
 .debug_abbrev  0x00000bce      0x2ef DeviceDriver/src/Dev_Manager.o
 .debug_abbrev  0x00000ebd      0x356 DeviceDriver/src/per_sec_timer.o
 .debug_abbrev  0x00001213      0x34e DeviceDriver/src/RS485Driver.o
 .debug_abbrev  0x00001561      0x34e DeviceDriver/src/UartDriver.o
 .debug_abbrev  0x000018af      0x245 Eth_Udp/SRC/enc28j60.o
 .debug_abbrev  0x00001af4      0x24b Eth_Udp/SRC/ip_arp_udp_tcp.o
 .debug_abbrev  0x00001d3f       0x52 Eth_Udp/SRC/spi.o
 .debug_abbrev  0x00001d91      0x113 Eth_Udp/SRC/timeout.o
 .debug_abbrev  0x00001ea4      0x3ae main.o
 .debug_abbrev  0x00002252      0x11c RTOS/SRC/heap_1.o
 .debug_abbrev  0x0000236e       0xf8 RTOS/SRC/list.o
 .debug_abbrev  0x00002466      0x155 RTOS/SRC/port.o
 .debug_abbrev  0x000025bb      0x261 RTOS/SRC/queue.o
 .debug_abbrev  0x0000281c      0x329 RTOS/SRC/tasks.o

.debug_line     0x00000000     0x48c6
 *(.debug_line .debug_line.* .debug_line_end)
 .debug_line    0x00000000      0x169 C:/Program Files (x86)/Atmel/Studio/7.0/Packs/atmel/ATmega_DFP/1.1.130/gcc/dev/atmega128a/avr51/crtatmega128a.o
 .debug_line    0x00000169      0x343 CommunicateProtocols/src/Modbus_rtu.o
 .debug_line    0x000004ac      0x3b1 Datastructure/src/SerialBuffer.o
 .debug_line    0x0000085d      0x31b DeviceDriver/src/Dev_Manager.o
 .debug_line    0x00000b78      0x267 DeviceDriver/src/per_sec_timer.o
 .debug_line    0x00000ddf      0x347 DeviceDriver/src/RS485Driver.o
 .debug_line    0x00001126      0x33f DeviceDriver/src/UartDriver.o
 .debug_line    0x00001465      0x54e Eth_Udp/SRC/enc28j60.o
 .debug_line    0x000019b3      0x64d Eth_Udp/SRC/ip_arp_udp_tcp.o
 .debug_line    0x00002000       0xd0 Eth_Udp/SRC/spi.o
 .debug_line    0x000020d0      0x1c0 Eth_Udp/SRC/timeout.o
 .debug_line    0x00002290      0x5f6 main.o
 .debug_line    0x00002886      0x1bb RTOS/SRC/heap_1.o
 .debug_line    0x00002a41      0x1e7 RTOS/SRC/list.o
 .debug_line    0x00002c28      0x2a4 RTOS/SRC/port.o
 .debug_line    0x00002ecc      0xa60 RTOS/SRC/queue.o
 .debug_line    0x0000392c      0xf9a RTOS/SRC/tasks.o

.debug_frame    0x00000000     0x1520
 *(.debug_frame)
 .debug_frame   0x00000000      0x134 CommunicateProtocols/src/Modbus_rtu.o
 .debug_frame   0x00000134      0x15c Datastructure/src/SerialBuffer.o
 .debug_frame   0x00000290      0x1f8 DeviceDriver/src/Dev_Manager.o
 .debug_frame   0x00000488       0xa4 DeviceDriver/src/per_sec_timer.o
 .debug_frame   0x0000052c      0x110 DeviceDriver/src/RS485Driver.o
 .debug_frame   0x0000063c      0x110 DeviceDriver/src/UartDriver.o
 .debug_frame   0x0000074c      0x18c Eth_Udp/SRC/enc28j60.o
 .debug_frame   0x000008d8      0x1e8 Eth_Udp/SRC/ip_arp_udp_tcp.o
 .debug_frame   0x00000ac0       0x24 Eth_Udp/SRC/spi.o
 .debug_frame   0x00000ae4       0x44 Eth_Udp/SRC/timeout.o
 .debug_frame   0x00000b28       0xf4 main.o
 .debug_frame   0x00000c1c       0x60 RTOS/SRC/heap_1.o
 .debug_frame   0x00000c7c       0x88 RTOS/SRC/list.o
 .debug_frame   0x00000d04       0x74 RTOS/SRC/port.o
 .debug_frame   0x00000d78      0x2f0 RTOS/SRC/queue.o
 .debug_frame   0x00001068      0x4b8 RTOS/SRC/tasks.o

.debug_str      0x00000000     0x2e79
 *(.debug_str)
 .debug_str     0x00000000      0x27d C:/Program Files (x86)/Atmel/Studio/7.0/Packs/atmel/ATmega_DFP/1.1.130/gcc/dev/atmega128a/avr51/crtatmega128a.o
 .debug_str     0x0000027d      0x5dc CommunicateProtocols/src/Modbus_rtu.o
                                0x656 (size before relaxing)
 .debug_str     0x00000859      0x54b Datastructure/src/SerialBuffer.o
                                0x733 (size before relaxing)
 .debug_str     0x00000da4       0xb1 DeviceDriver/src/Dev_Manager.o
                                0x564 (size before relaxing)
 .debug_str     0x00000e55      0x299 DeviceDriver/src/per_sec_timer.o
                                0x751 (size before relaxing)
 .debug_str     0x000010ee      0x234 DeviceDriver/src/RS485Driver.o
                                0x624 (size before relaxing)
 .debug_str     0x00001322      0x187 DeviceDriver/src/UartDriver.o
                                0x615 (size before relaxing)
 .debug_str     0x000014a9      0x300 Eth_Udp/SRC/enc28j60.o
                                0x4ab (size before relaxing)
 .debug_str     0x000017a9      0x3e5 Eth_Udp/SRC/ip_arp_udp_tcp.o
                                0x5df (size before relaxing)
 .debug_str     0x00001b8e       0x17 Eth_Udp/SRC/spi.o
                                0x1b3 (size before relaxing)
 .debug_str     0x00001ba5       0x63 Eth_Udp/SRC/timeout.o
                                0x243 (size before relaxing)
 .debug_str     0x00001c08      0x258 main.o
                                0xdee (size before relaxing)
 .debug_str     0x00001e60      0x14c RTOS/SRC/heap_1.o
                                0x214 (size before relaxing)
 .debug_str     0x00001fac      0x13c RTOS/SRC/list.o
                                0x2a3 (size before relaxing)
 .debug_str     0x000020e8      0x120 RTOS/SRC/port.o
                                0x29d (size before relaxing)
 .debug_str     0x00002208      0x4fe RTOS/SRC/queue.o
                                0x7e7 (size before relaxing)
 .debug_str     0x00002706      0x773 RTOS/SRC/tasks.o
                                0xc82 (size before relaxing)

.debug_loc      0x00000000     0x7811
 *(.debug_loc)
 .debug_loc     0x00000000      0x826 CommunicateProtocols/src/Modbus_rtu.o
 .debug_loc     0x00000826      0x834 Datastructure/src/SerialBuffer.o
 .debug_loc     0x0000105a      0x52d DeviceDriver/src/Dev_Manager.o
 .debug_loc     0x00001587       0xea DeviceDriver/src/per_sec_timer.o
 .debug_loc     0x00001671      0x2ff DeviceDriver/src/RS485Driver.o
 .debug_loc     0x00001970      0x2ff DeviceDriver/src/UartDriver.o
 .debug_loc     0x00001c6f      0x6d0 Eth_Udp/SRC/enc28j60.o
 .debug_loc     0x0000233f      0xd62 Eth_Udp/SRC/ip_arp_udp_tcp.o
 .debug_loc     0x000030a1       0x82 Eth_Udp/SRC/timeout.o
 .debug_loc     0x00003123      0x5ce main.o
 .debug_loc     0x000036f1       0xf1 RTOS/SRC/heap_1.o
 .debug_loc     0x000037e2      0x145 RTOS/SRC/list.o
 .debug_loc     0x00003927      0x2a0 RTOS/SRC/port.o
 .debug_loc     0x00003bc7     0x1cf6 RTOS/SRC/queue.o
 .debug_loc     0x000058bd     0x1f54 RTOS/SRC/tasks.o

.debug_macinfo
 *(.debug_macinfo)

.debug_weaknames
 *(.debug_weaknames)

.debug_funcnames
 *(.debug_funcnames)

.debug_typenames
 *(.debug_typenames)

.debug_varnames
 *(.debug_varnames)

.debug_pubtypes
 *(.debug_pubtypes)

.debug_ranges   0x00000000      0x7d8
 *(.debug_ranges)
 .debug_ranges  0x00000000       0x68 CommunicateProtocols/src/Modbus_rtu.o
 .debug_ranges  0x00000068       0x78 Datastructure/src/SerialBuffer.o
 .debug_ranges  0x000000e0       0x88 DeviceDriver/src/Dev_Manager.o
 .debug_ranges  0x00000168       0x50 DeviceDriver/src/per_sec_timer.o
 .debug_ranges  0x000001b8       0x68 DeviceDriver/src/RS485Driver.o
 .debug_ranges  0x00000220       0x68 DeviceDriver/src/UartDriver.o
 .debug_ranges  0x00000288       0x80 Eth_Udp/SRC/enc28j60.o
 .debug_ranges  0x00000308       0xb0 Eth_Udp/SRC/ip_arp_udp_tcp.o
 .debug_ranges  0x000003b8       0x10 Eth_Udp/SRC/spi.o
 .debug_ranges  0x000003c8       0x20 Eth_Udp/SRC/timeout.o
 .debug_ranges  0x000003e8       0x98 main.o
 .debug_ranges  0x00000480       0x28 RTOS/SRC/heap_1.o
 .debug_ranges  0x000004a8       0x30 RTOS/SRC/list.o
 .debug_ranges  0x000004d8       0x38 RTOS/SRC/port.o
 .debug_ranges  0x00000510      0x118 RTOS/SRC/queue.o
 .debug_ranges  0x00000628      0x1b0 RTOS/SRC/tasks.o

.debug_macro
 *(.debug_macro)
OUTPUT(RTOS.elf elf32-avr)
LOAD linker stubs
