Archive member included to satisfy reference by file (symbol)

c:/program files (x86)/atmel/studio/7.0/toolchain/avr8/avr8-gnu-toolchain/bin/../lib/gcc/avr/5.4.0/../../../../avr/lib/avr51\libm.a(addsf3.o)
                              Sensors/src/DFRobotHighTemperatureSensor.o (__subsf3)
c:/program files (x86)/atmel/studio/7.0/toolchain/avr8/avr8-gnu-toolchain/bin/../lib/gcc/avr/5.4.0/../../../../avr/lib/avr51\libm.a(addsf3x.o)
                              c:/program files (x86)/atmel/studio/7.0/toolchain/avr8/avr8-gnu-toolchain/bin/../lib/gcc/avr/5.4.0/../../../../avr/lib/avr51\libm.a(addsf3.o) (__addsf3x)
c:/program files (x86)/atmel/studio/7.0/toolchain/avr8/avr8-gnu-toolchain/bin/../lib/gcc/avr/5.4.0/../../../../avr/lib/avr51\libm.a(cmpsf2.o)
                              Sensors/src/DFRobotHighTemperatureSensor.o (__nesf2)
c:/program files (x86)/atmel/studio/7.0/toolchain/avr8/avr8-gnu-toolchain/bin/../lib/gcc/avr/5.4.0/../../../../avr/lib/avr51\libm.a(divsf3.o)
                              Sensors/src/DFRobotHighTemperatureSensor.o (__divsf3)
c:/program files (x86)/atmel/studio/7.0/toolchain/avr8/avr8-gnu-toolchain/bin/../lib/gcc/avr/5.4.0/../../../../avr/lib/avr51\libm.a(divsf3x.o)
                              c:/program files (x86)/atmel/studio/7.0/toolchain/avr8/avr8-gnu-toolchain/bin/../lib/gcc/avr/5.4.0/../../../../avr/lib/avr51\libm.a(divsf3.o) (__divsf3x)
c:/program files (x86)/atmel/studio/7.0/toolchain/avr8/avr8-gnu-toolchain/bin/../lib/gcc/avr/5.4.0/../../../../avr/lib/avr51\libm.a(fixsfsi.o)
                              main.o (__fixsfsi)
c:/program files (x86)/atmel/studio/7.0/toolchain/avr8/avr8-gnu-toolchain/bin/../lib/gcc/avr/5.4.0/../../../../avr/lib/avr51\libm.a(fixunssfsi.o)
                              DeviceDriver/src/Ubbr_Calculate.o (__fixunssfsi)
c:/program files (x86)/atmel/studio/7.0/toolchain/avr8/avr8-gnu-toolchain/bin/../lib/gcc/avr/5.4.0/../../../../avr/lib/avr51\libm.a(floatsisf.o)
                              Sensors/src/DFRobotHighTemperatureSensor.o (__floatunsisf)
c:/program files (x86)/atmel/studio/7.0/toolchain/avr8/avr8-gnu-toolchain/bin/../lib/gcc/avr/5.4.0/../../../../avr/lib/avr51\libm.a(fp_cmp.o)
                              c:/program files (x86)/atmel/studio/7.0/toolchain/avr8/avr8-gnu-toolchain/bin/../lib/gcc/avr/5.4.0/../../../../avr/lib/avr51\libm.a(cmpsf2.o) (__fp_cmp)
c:/program files (x86)/atmel/studio/7.0/toolchain/avr8/avr8-gnu-toolchain/bin/../lib/gcc/avr/5.4.0/../../../../avr/lib/avr51\libm.a(fp_inf.o)
                              c:/program files (x86)/atmel/studio/7.0/toolchain/avr8/avr8-gnu-toolchain/bin/../lib/gcc/avr/5.4.0/../../../../avr/lib/avr51\libm.a(addsf3x.o) (__fp_inf)
c:/program files (x86)/atmel/studio/7.0/toolchain/avr8/avr8-gnu-toolchain/bin/../lib/gcc/avr/5.4.0/../../../../avr/lib/avr51\libm.a(fp_nan.o)
                              c:/program files (x86)/atmel/studio/7.0/toolchain/avr8/avr8-gnu-toolchain/bin/../lib/gcc/avr/5.4.0/../../../../avr/lib/avr51\libm.a(addsf3x.o) (__fp_nan)
c:/program files (x86)/atmel/studio/7.0/toolchain/avr8/avr8-gnu-toolchain/bin/../lib/gcc/avr/5.4.0/../../../../avr/lib/avr51\libm.a(fp_pscA.o)
                              c:/program files (x86)/atmel/studio/7.0/toolchain/avr8/avr8-gnu-toolchain/bin/../lib/gcc/avr/5.4.0/../../../../avr/lib/avr51\libm.a(addsf3x.o) (__fp_pscA)
c:/program files (x86)/atmel/studio/7.0/toolchain/avr8/avr8-gnu-toolchain/bin/../lib/gcc/avr/5.4.0/../../../../avr/lib/avr51\libm.a(fp_pscB.o)
                              c:/program files (x86)/atmel/studio/7.0/toolchain/avr8/avr8-gnu-toolchain/bin/../lib/gcc/avr/5.4.0/../../../../avr/lib/avr51\libm.a(addsf3x.o) (__fp_pscB)
c:/program files (x86)/atmel/studio/7.0/toolchain/avr8/avr8-gnu-toolchain/bin/../lib/gcc/avr/5.4.0/../../../../avr/lib/avr51\libm.a(fp_round.o)
                              c:/program files (x86)/atmel/studio/7.0/toolchain/avr8/avr8-gnu-toolchain/bin/../lib/gcc/avr/5.4.0/../../../../avr/lib/avr51\libm.a(addsf3.o) (__fp_round)
c:/program files (x86)/atmel/studio/7.0/toolchain/avr8/avr8-gnu-toolchain/bin/../lib/gcc/avr/5.4.0/../../../../avr/lib/avr51\libm.a(fp_split3.o)
                              c:/program files (x86)/atmel/studio/7.0/toolchain/avr8/avr8-gnu-toolchain/bin/../lib/gcc/avr/5.4.0/../../../../avr/lib/avr51\libm.a(addsf3x.o) (__fp_split3)
c:/program files (x86)/atmel/studio/7.0/toolchain/avr8/avr8-gnu-toolchain/bin/../lib/gcc/avr/5.4.0/../../../../avr/lib/avr51\libm.a(fp_zero.o)
                              c:/program files (x86)/atmel/studio/7.0/toolchain/avr8/avr8-gnu-toolchain/bin/../lib/gcc/avr/5.4.0/../../../../avr/lib/avr51\libm.a(addsf3x.o) (__fp_zero)
c:/program files (x86)/atmel/studio/7.0/toolchain/avr8/avr8-gnu-toolchain/bin/../lib/gcc/avr/5.4.0/../../../../avr/lib/avr51\libm.a(gesf2.o)
                              Sensors/src/DFRobotHighTemperatureSensor.o (__gtsf2)
[...]
Memory Configuration

Name             Origin             Length             Attributes
text             0x00000000         0x00020000         xr
data             0x00800100         0x0000ff00         rw !x
eeprom           0x00810000         0x00010000         rw !x
fuse             0x00820000         0x00000003         rw !x
lock             0x00830000         0x00000400         rw !x
signature        0x00840000         0x00000400         rw !x
user_signatures  0x00850000         0x00000400         rw !x
*default*        0x00000000         0xffffffff

Linker script and memory map

Address of section .data set to 0x800100
LOAD C:/Program Files (x86)/Atmel/Studio/7.0/Packs/atmel/ATmega_DFP/1.1.130/gcc/dev/atmega128a/avr51/crtatmega128a.o
LOAD CommunicateProtocols/src/Modbus_rtu.o
LOAD Datastructure/src/SerialBuffer.o
LOAD Sensors/src/DFRobotHighTemperatureSensor.o
LOAD DeviceDriver/src/Adc.o
LOAD DeviceDriver/src/Alarm.o
LOAD DeviceDriver/src/Char_LCD2004A.o
LOAD DeviceDriver/src/Count_Sensor.o
LOAD DeviceDriver/src/Dev_Manager.o
LOAD DeviceDriver/src/per_sec_timer.o
LOAD DeviceDriver/src/RS485Driver.o
LOAD DeviceDriver/src/Timer_Alarm.o
LOAD DeviceDriver/src/UartDriver.o
LOAD DeviceDriver/src/Ubbr_Calculate.o
LOAD Eth_Udp/SRC/enc28j60.o
LOAD Eth_Udp/SRC/ip_arp_udp_tcp.o
LOAD Eth_Udp/SRC/spi.o
LOAD Eth_Udp/SRC/timeout.o
LOAD main.o
LOAD MiddleWare/SRC/MiddleWare.o
LOAD RTOS/SRC/croutine.o
LOAD RTOS/SRC/event_groups.o
LOAD RTOS/SRC/heap_1.o
LOAD RTOS/SRC/list.o
LOAD RTOS/SRC/port.o
LOAD RTOS/SRC/queue.o
LOAD RTOS/SRC/tasks.o
LOAD RTOS/SRC/timers.o
START GROUP
LOAD c:/program files (x86)/atmel/studio/7.0/toolchain/avr8/avr8-gnu-toolchain/bin/../lib/gcc/avr/5.4.0/../../../../avr/lib/avr51\libm.a
END GROUP
LOAD c:/program files (x86)/atmel/studio/7.0/toolchain/avr8/avr8-gnu-toolchain/bin/../lib/gcc/avr/5.4.0/avr51\libgcc.a
LOAD c:/program files (x86)/atmel/studio/7.0/toolchain/avr8/avr8-gnu-toolchain/bin/../lib/gcc/avr/5.4.0/../../../../avr/lib/avr51\libm.a
START GROUP
LOAD c:/program files (x86)/atmel/studio/7.0/toolchain/avr8/avr8-gnu-toolchain/bin/../lib/gcc/avr/5.4.0/avr51\libgcc.a
LOAD c:/program files (x86)/atmel/studio/7.0/toolchain/avr8/avr8-gnu-toolchain/bin/../lib/gcc/avr/5.4.0/../../../../avr/lib/avr51\libm.a
LOAD c:/program files (x86)/atmel/studio/7.0/toolchain/avr8/avr8-gnu-toolchain/bin/../lib/gcc/avr/5.4.0/../../../../avr/lib/avr51\libc.a
LOAD C:/Program Files (x86)/Atmel/Studio/7.0/Packs/atmel/ATmega_DFP/1.1.130/gcc/dev/atmega128a/avr51\libatmega128a.a
END GROUP
                0x00020000                __TEXT_REGION_LENGTH__ = DEFINED (__TEXT_REGION_LENGTH__)?__TEXT_REGION_LENGTH__:0x20000
                0x0000ff00                __DATA_REGION_LENGTH__ = DEFINED (__DATA_REGION_LENGTH__)?__DATA_REGION_LENGTH__:0xff00
                0x00010000                __EEPROM_REGION_LENGTH__ = DEFINED (__EEPROM_REGION_LENGTH__)?__EEPROM_REGION_LENGTH__:0x10000
                [0x00000003]                __FUSE_REGION_LENGTH__ = DEFINED (__FUSE_REGION_LENGTH__)?__FUSE_REGION_LENGTH__:0x400
                0x00000400                __LOCK_REGION_LENGTH__ = DEFINED (__LOCK_REGION_LENGTH__)?__LOCK_REGION_LENGTH__:0x400
                0x00000400                __SIGNATURE_REGION_LENGTH__ = DEFINED (__SIGNATURE_REGION_LENGTH__)?__SIGNATURE_REGION_LENGTH__:0x400
                0x00000400                __USER_SIGNATURE_REGION_LENGTH__ = DEFINED (__USER_SIGNATURE_REGION_LENGTH__)?__USER_SIGNATURE_REGION_LENGTH__:0x400

.hash
 *(.hash)

.dynsym
 *(.dynsym)

.dynstr
 *(.dynstr)

.gnu.version
 *(.gnu.version)

.gnu.version_d
 *(.gnu.version_d)

.gnu.version_r
 *(.gnu.version_r)

.rel.init
 *(.rel.init)

.rela.init
 *(.rela.init)

.rel.text
 *(.rel.text)
 *(.rel.text.*)
 *(.rel.gnu.linkonce.t*)

.rela.text
 *(.rela.text)
 *(.rela.text.*)
 *(.rela.gnu.linkonce.t*)

.rel.fini
 *(.rel.fini)

.rela.fini
 *(.rela.fini)

.rel.rodata
 *(.rel.rodata)
 *(.rel.rodata.*)
 *(.rel.gnu.linkonce.r*)

.rela.rodata
 *(.rela.rodata)
 *(.rela.rodata.*)
 *(.rela.gnu.linkonce.r*)

.rel.data
 *(.rel.data)
 *(.rel.data.*)
 *(.rel.gnu.linkonce.d*)

.rela.data
 *(.rela.data)
 *(.rela.data.*)
 *(.rela.gnu.linkonce.d*)

.rel.ctors
 *(.rel.ctors)

.rela.ctors
 *(.rela.ctors)

.rel.dtors
 *(.rel.dtors)

.rela.dtors
 *(.rela.dtors)

.rel.got
 *(.rel.got)

.rela.got
 *(.rela.got)

.rel.bss
 *(.rel.bss)

.rela.bss
 *(.rela.bss)

.rel.plt
 *(.rel.plt)

.rela.plt
 *(.rela.plt)

.text           0x00000000     0x45e2
 *(.vectors)
 .vectors       0x00000000       0x8c C:/Program Files (x86)/Atmel/Studio/7.0/Packs/atmel/ATmega_DFP/1.1.130/gcc/dev/atmega128a/avr51/crtatmega128a.o
                0x00000000                __vector_default
                0x00000000                __vectors
 *(.vectors)
 *(.progmem.gcc*)
                0x0000008c                . = ALIGN (0x2)
                0x0000008c                __trampolines_start = .
 *(.trampolines)
 .trampolines   0x0000008c        0x0 linker stubs
 *(.trampolines*)
                0x0000008c                __trampolines_end = .
 *libprintf_flt.a:*(.progmem.data)
 *libc.a:*(.progmem.data)
 *(.progmem*)
 .progmem.data._ZL8PT100Tab
                0x0000008c      0x640 Sensors/src/DFRobotHighTemperatureSensor.o
 .progmem.data._ZL8g_adTemp
                0x000006cc      0x142 main.o
 .progmem.data._ZL9g_alfVolt
                0x0000080e      0x284 main.o
                0x00000a92                . = ALIGN (0x2)
 *(.jumptables)
 *(.jumptables*)
 *(.lowtext)
 *(.lowtext*)
                0x00000a92                __ctors_start = .
 *(.ctors)
                0x00000a92                __ctors_end = .
                0x00000a92                __dtors_start = .
 *(.dtors)
                0x00000a92                __dtors_end = .
 SORT(*)(.ctors)
 SORT(*)(.dtors)
 *(.init0)
 .init0         0x00000a92        0x0 C:/Program Files (x86)/Atmel/Studio/7.0/Packs/atmel/ATmega_DFP/1.1.130/gcc/dev/atmega128a/avr51/crtatmega128a.o
                0x00000a92                __init
 *(.init0)
 *(.init1)
 *(.init1)
 *(.init2)
 .init2         0x00000a92        0xc C:/Program Files (x86)/Atmel/Studio/7.0/Packs/atmel/ATmega_DFP/1.1.130/gcc/dev/atmega128a/avr51/crtatmega128a.o
 *(.init2)
 *(.init3)
 *(.init3)
 *(.init4)
 .init4         0x00000a9e       0x1a c:/program files (x86)/atmel/studio/7.0/toolchain/avr8/avr8-gnu-toolchain/bin/../lib/gcc/avr/5.4.0/avr51\libgcc.a(_copy_data.o)
                0x00000a9e                __do_copy_data
 .init4         0x00000ab8       0x10 c:/program files (x86)/atmel/studio/7.0/toolchain/avr8/avr8-gnu-toolchain/bin/../lib/gcc/avr/5.4.0/avr51\libgcc.a(_clear_bss.o)
                0x00000ab8                __do_clear_bss
 *(.init4)
 *(.init5)
 *(.init5)
 *(.init6)
 *(.init6)
 *(.init7)
 *(.init7)
 *(.init8)
 *(.init8)
 *(.init9)
 .init9         0x00000ac8        0x8 C:/Program Files (x86)/Atmel/Studio/7.0/Packs/atmel/ATmega_DFP/1.1.130/gcc/dev/atmega128a/avr51/crtatmega128a.o
 *(.init9)
 *(.text)
 .text          0x00000ad0        0x2 C:/Program Files (x86)/Atmel/Studio/7.0/Packs/atmel/ATmega_DFP/1.1.130/gcc/dev/atmega128a/avr51/crtatmega128a.o
                0x00000ad0                __vector_22
                0x00000ad0                __vector_32
                0x00000ad0                __vector_34
                0x00000ad0                __vector_24
                0x00000ad0                __bad_interrupt
                0x00000ad0                __vector_6
                0x00000ad0                __vector_31
                0x00000ad0                __vector_3
                0x00000ad0                __vector_23
                0x00000ad0                __vector_25
                0x00000ad0                __vector_11
                0x00000ad0                __vector_13
                0x00000ad0                __vector_17
                0x00000ad0                __vector_19
                0x00000ad0                __vector_7
                0x00000ad0                __vector_27
                0x00000ad0                __vector_5
                0x00000ad0                __vector_33
                0x00000ad0                __vector_4
                0x00000ad0                __vector_2
                0x00000ad0                __vector_29
                0x00000ad0                __vector_8
                0x00000ad0                __vector_26
                0x00000ad0                __vector_14
                0x00000ad0                __vector_10
                0x00000ad0                __vector_16
                0x00000ad0                __vector_20
                0x00000ad2                . = ALIGN (0x2)
 *(.text.*)
 .text._Z5CRC16Phi
                0x00000ad2       0x38 CommunicateProtocols/src/Modbus_rtu.o
                0x00000ad2                _Z5CRC16Phi
 .text._Z13GetFunc04DataPcP17GetFunctionCode04Pi
                0x00000b0a       0x42 CommunicateProtocols/src/Modbus_rtu.o
                0x00000b0a                _Z13GetFunc04DataPcP17GetFunctionCode04Pi
 .text._Z13GetFunc05DataPcP17GetFunctionCode05
                0x00000b4c       0x32 CommunicateProtocols/src/Modbus_rtu.o
                0x00000b4c                _Z13GetFunc05DataPcP17GetFunctionCode05
 .text._Z13GetFucc10DataPcP17GetFunctionCode10Pi
                0x00000b7e       0x54 CommunicateProtocols/src/Modbus_rtu.o
                0x00000b7e                _Z13GetFucc10DataPcP17GetFunctionCode10Pi
 .text._Z18ResponseFucc10DataPcP22ResponseFunctionCode10
                0x00000bd2       0x32 CommunicateProtocols/src/Modbus_rtu.o
                0x00000bd2                _Z18ResponseFucc10DataPcP22ResponseFunctionCode10
 .text._Z16GetExceptionCodeP16RspExceptionCodecc
                0x00000c04       0x20 CommunicateProtocols/src/Modbus_rtu.o
                0x00000c04                _Z16GetExceptionCodeP16RspExceptionCodecc
 .text._ZN12SerialBufferC2EP11Dev_Manager8Dev_type
                0x00000c24       0x4a Datastructure/src/SerialBuffer.o
                0x00000c24                _ZN12SerialBufferC2EP11Dev_Manager8Dev_type
                0x00000c24                _ZN12SerialBufferC1EP11Dev_Manager8Dev_type
 .text._ZN12SerialBuffernwEj
                0x00000c6e        0x6 Datastructure/src/SerialBuffer.o
                0x00000c6e                _ZN12SerialBuffernwEj
 .text._ZN12SerialBuffer11SerialstoreEc
                0x00000c74       0x4a Datastructure/src/SerialBuffer.o
                0x00000c74                _ZN12SerialBuffer11SerialstoreEc
 .text._ZN12SerialBuffer11SerialWriteEPKci
                0x00000cbe       0x78 Datastructure/src/SerialBuffer.o
                0x00000cbe                _ZN12SerialBuffer11SerialWriteEPKci
 .text._ZN12SerialBuffer10SerialReadEv
                0x00000d36       0x58 Datastructure/src/SerialBuffer.o
                0x00000d36                _ZN12SerialBuffer10SerialReadEv
 .text._ZN12SerialBuffer15SerialAvailableEv
                0x00000d8e       0x16 Datastructure/src/SerialBuffer.o
                0x00000d8e                _ZN12SerialBuffer15SerialAvailableEv
 .text._ZN12SerialBuffer11SerialFlushEv
                0x00000da4       0x16 Datastructure/src/SerialBuffer.o
                0x00000da4                _ZN12SerialBuffer11SerialFlushEv
 .text._ZN22DFRobotHighTemperatureC2Ef
                0x00000dba        0xc Sensors/src/DFRobotHighTemperatureSensor.o
                0x00000dba                _ZN22DFRobotHighTemperatureC1Ef
                0x00000dba                _ZN22DFRobotHighTemperatureC2Ef
 .text._ZN22DFRobotHighTemperature4compEfi
                0x00000dc6       0xba Sensors/src/DFRobotHighTemperatureSensor.o
                0x00000dc6                _ZN22DFRobotHighTemperature4compEfi
 .text._ZN22DFRobotHighTemperature15readTemperatureEj
                0x00000e80      0x186 Sensors/src/DFRobotHighTemperatureSensor.o
                0x00000e80                _ZN22DFRobotHighTemperature15readTemperatureEj
 .text._ZN20DeviceDriveInterFace13Device_WritesEPKc
                0x00001006        0x2 DeviceDriver/src/Adc.o
                0x00001006                _ZN20DeviceDriveInterFace13Device_WritesEPKc
 .text._ZN20DeviceDriveInterFace12Device_WriteEc
                0x00001008        0x2 DeviceDriver/src/Adc.o
                0x00001008                _ZN20DeviceDriveInterFace12Device_WriteEc
 .text._ZN20DeviceDriveInterFace11Stop_DeviceEv
                0x0000100a        0x2 DeviceDriver/src/Adc.o
                0x0000100a                _ZN20DeviceDriveInterFace11Stop_DeviceEv
 .text._ZN3Adc11Device_InitEv
                0x0000100c        0xa DeviceDriver/src/Adc.o
                0x0000100c                _ZN3Adc11Device_InitEv
 .text._ZN3Adc12Start_DeviceEh
                0x00001016       0x10 DeviceDriver/src/Adc.o
                0x00001016                _ZN3Adc12Start_DeviceEh
 .text._ZNK3Adc11Device_ReadEv
                0x00001026        0x6 DeviceDriver/src/Adc.o
                0x00001026                _ZNK3Adc11Device_ReadEv
 .text._ZN3AdcnwEj
                0x0000102c        0x6 DeviceDriver/src/Adc.o
                0x0000102c                _ZN3AdcnwEj
 .text.Alarm_Init
                0x00001032       0x10 DeviceDriver/src/Alarm.o
                0x00001032                Alarm_Init
 .text.Alarm_Stop
                0x00001042        0x8 DeviceDriver/src/Alarm.o
                0x00001042                Alarm_Stop
 .text.Alarm_Start
                0x0000104a        0x8 DeviceDriver/src/Alarm.o
                0x0000104a                Alarm_Start
 .text.Alarm_Open
                0x00001052       0x2c DeviceDriver/src/Alarm.o
                0x00001052                Alarm_Open
 .text.__vector_15
                0x0000107e       0xa2 DeviceDriver/src/Alarm.o
                0x0000107e                __vector_15
 .text._ZNK20DeviceDriveInterFace11Device_ReadEv
                0x00001120        0x4 DeviceDriver/src/Char_LCD2004A.o
                0x00001120                _ZNK20DeviceDriveInterFace11Device_ReadEv
 .text._ZN20DeviceDriveInterFace12Start_DeviceEh
                0x00001124        0x2 DeviceDriver/src/Char_LCD2004A.o
                0x00001124                _ZN20DeviceDriveInterFace12Start_DeviceEh
 .text._ZN12Count_Sensor11Device_InitEv
                0x00001126       0x1e DeviceDriver/src/Count_Sensor.o
                0x00001126                _ZN12Count_Sensor11Device_InitEv
 .text._ZN12Count_SensornwEj
                0x00001144        0x6 DeviceDriver/src/Count_Sensor.o
                0x00001144                _ZN12Count_SensornwEj
 .text._ZN11Dev_ManagerC2Ev
                0x0000114a       0x22 DeviceDriver/src/Dev_Manager.o
                0x0000114a                _ZN11Dev_ManagerC2Ev
                0x0000114a                _ZN11Dev_ManagerC1Ev
 .text._ZN11Dev_Manager11getInstanceEv
                0x0000116c       0x32 DeviceDriver/src/Dev_Manager.o
                0x0000116c                _ZN11Dev_Manager11getInstanceEv
 .text._ZN11Dev_Manager12Register_DevEP20DeviceDriveInterFace8Dev_type
                0x0000119e       0x12 DeviceDriver/src/Dev_Manager.o
                0x0000119e                _ZN11Dev_Manager12Register_DevEP20DeviceDriveInterFace8Dev_type
 .text._ZN11Dev_ManagernwEj
                0x000011b0        0x6 DeviceDriver/src/Dev_Manager.o
                0x000011b0                _ZN11Dev_ManagernwEj
 .text._ZN11Dev_Manager5WriteE8Dev_typec
                0x000011b6       0x28 DeviceDriver/src/Dev_Manager.o
                0x000011b6                _ZN11Dev_Manager5WriteE8Dev_typec
 .text._ZN11Dev_Manager6WritesE8Dev_typePKc
                0x000011de       0x28 DeviceDriver/src/Dev_Manager.o
                0x000011de                _ZN11Dev_Manager6WritesE8Dev_typePKc
 .text._ZN11Dev_Manager11Device_InitE8Dev_type
                0x00001206       0x24 DeviceDriver/src/Dev_Manager.o
                0x00001206                _ZN11Dev_Manager11Device_InitE8Dev_type
 .text._ZN11Dev_Manager11Open_HandleE8Dev_typePFvS0_jE
                0x0000122a       0x1a DeviceDriver/src/Dev_Manager.o
                0x0000122a                _ZN11Dev_Manager11Open_HandleE8Dev_typePFvS0_jE
 .text._ZN11Dev_Manager12Driver_CheckE8Dev_type
                0x00001244       0x1a DeviceDriver/src/Dev_Manager.o
                0x00001244                _ZN11Dev_Manager12Driver_CheckE8Dev_type
 .text._ZNK11Dev_Manager16getInterfaceAddrE8Dev_type
                0x0000125e       0x12 DeviceDriver/src/Dev_Manager.o
                0x0000125e                _ZNK11Dev_Manager16getInterfaceAddrE8Dev_type
 .text.__vector_18
                0x00001270       0x60 DeviceDriver/src/Dev_Manager.o
                0x00001270                __vector_18
 .text.__vector_30
                0x000012d0       0x62 DeviceDriver/src/Dev_Manager.o
                0x000012d0                __vector_30
 .text.__vector_28
                0x00001332       0x60 DeviceDriver/src/Dev_Manager.o
                0x00001332                __vector_28
 .text.__vector_1
                0x00001392       0x60 DeviceDriver/src/Dev_Manager.o
                0x00001392                __vector_1
 .text.__vector_21
                0x000013f2       0x6a DeviceDriver/src/Dev_Manager.o
                0x000013f2                __vector_21
 .text._ZN5Timer11Device_InitEv
                0x0000145c       0x20 DeviceDriver/src/per_sec_timer.o
                0x0000145c                _ZN5Timer11Device_InitEv
 .text._ZN5TimerC2Ev
                0x0000147c        0xc DeviceDriver/src/per_sec_timer.o
                0x0000147c                _ZN5TimerC2Ev
                0x0000147c                _ZN5TimerC1Ev
 .text._ZN5TimernwEj
                0x00001488        0x6 DeviceDriver/src/per_sec_timer.o
                0x00001488                _ZN5TimernwEj
 .text._ZN11RS485Driver11Device_InitEv
                0x0000148e       0x42 DeviceDriver/src/RS485Driver.o
                0x0000148e                _ZN11RS485Driver11Device_InitEv
 .text._ZN11RS485DriverC2Ev
                0x000014d0       0x28 DeviceDriver/src/RS485Driver.o
                0x000014d0                _ZN11RS485DriverC1Ev
                0x000014d0                _ZN11RS485DriverC2Ev
 .text._ZN11RS485DrivernwEj
                0x000014f8        0x6 DeviceDriver/src/RS485Driver.o
                0x000014f8                _ZN11RS485DrivernwEj
 .text._ZN11RS485Driver12UART_PutcharEc
                0x000014fe       0x48 DeviceDriver/src/RS485Driver.o
                0x000014fe                _ZN11RS485Driver12UART_PutcharEc
 .text._ZN11RS485Driver12Device_WriteEc
                0x00001546        0x4 DeviceDriver/src/RS485Driver.o
                0x00001546                _ZN11RS485Driver12Device_WriteEc
 .text._ZN11RS485Driver14UART_PutStringEPKc
                0x0000154a       0x54 DeviceDriver/src/RS485Driver.o
                0x0000154a                _ZN11RS485Driver14UART_PutStringEPKc
 .text._ZN11RS485Driver13Device_WritesEPKc
                0x0000159e        0x4 DeviceDriver/src/RS485Driver.o
                0x0000159e                _ZN11RS485Driver13Device_WritesEPKc
 .text.__vector_9
                0x000015a2       0x3a DeviceDriver/src/Timer_Alarm.o
                0x000015a2                __vector_9
 .text._ZN10UartDriver11Device_InitEv
                0x000015dc       0x3a DeviceDriver/src/UartDriver.o
                0x000015dc                _ZN10UartDriver11Device_InitEv
 .text._ZN10UartDriverC2Ev
                0x00001616       0x28 DeviceDriver/src/UartDriver.o
                0x00001616                _ZN10UartDriverC2Ev
                0x00001616                _ZN10UartDriverC1Ev
 .text._ZN10UartDrivernwEj
                0x0000163e        0x6 DeviceDriver/src/UartDriver.o
                0x0000163e                _ZN10UartDrivernwEj
 .text._ZN10UartDriver12UART_PutcharEc
                0x00001644       0x40 DeviceDriver/src/UartDriver.o
                0x00001644                _ZN10UartDriver12UART_PutcharEc
 .text._ZN10UartDriver12Device_WriteEc
                0x00001684        0x4 DeviceDriver/src/UartDriver.o
                0x00001684                _ZN10UartDriver12Device_WriteEc
 .text._ZN10UartDriver14UART_PutStringEPKc
                0x00001688       0x54 DeviceDriver/src/UartDriver.o
                0x00001688                _ZN10UartDriver14UART_PutStringEPKc
 .text._ZN10UartDriver13Device_WritesEPKc
                0x000016dc        0x4 DeviceDriver/src/UartDriver.o
                0x000016dc                _ZN10UartDriver13Device_WritesEPKc
 .text._ZN4Ubbr10Ubbr_ValueERKj
                0x000016e0       0x8c DeviceDriver/src/Ubbr_Calculate.o
                0x000016e0                _ZN4Ubbr10Ubbr_ValueERKj
 .text._Z14enc28j60ReadOphh
                0x0000176c       0x24 Eth_Udp/SRC/enc28j60.o
                0x0000176c                _Z14enc28j60ReadOphh
 .text._Z15enc28j60WriteOphhh
                0x00001790       0x16 Eth_Udp/SRC/enc28j60.o
                0x00001790                _Z15enc28j60WriteOphhh
 .text._Z18enc28j60ReadBufferjPh
                0x000017a6       0x30 Eth_Udp/SRC/enc28j60.o
                0x000017a6                _Z18enc28j60ReadBufferjPh
 .text._Z19enc28j60WriteBufferjPh
                0x000017d6       0x2c Eth_Udp/SRC/enc28j60.o
                0x000017d6                _Z19enc28j60WriteBufferjPh
 .text._Z15enc28j60SetBankh
                0x00001802       0x4a Eth_Udp/SRC/enc28j60.o
                0x00001802                _Z15enc28j60SetBankh
 .text._Z12enc28j60Readh
                0x0000184c       0x10 Eth_Udp/SRC/enc28j60.o
                0x0000184c                _Z12enc28j60Readh
 .text._Z13enc28j60Writehh
                0x0000185c       0x18 Eth_Udp/SRC/enc28j60.o
                0x0000185c                _Z13enc28j60Writehh
 .text._Z16enc28j60PhyWritehj
                0x00001874       0x30 Eth_Udp/SRC/enc28j60.o
                0x00001874                _Z16enc28j60PhyWritehj
 .text._Z14enc28j60clkouth
                0x000018a4        0xa Eth_Udp/SRC/enc28j60.o
                0x000018a4                _Z14enc28j60clkouth
 .text._Z12enc28j60InitPh
                0x000018ae       0xf4 Eth_Udp/SRC/enc28j60.o
                0x000018ae                _Z12enc28j60InitPh
 .text._Z18enc28j60PacketSendjPh
                0x000019a2       0x5c Eth_Udp/SRC/enc28j60.o
                0x000019a2                _Z18enc28j60PacketSendjPh
 .text._Z21enc28j60PacketReceivejPh
                0x000019fe       0xca Eth_Udp/SRC/enc28j60.o
                0x000019fe                _Z21enc28j60PacketReceivejPh
 .text._Z8checksumPhjh
                0x00001ac8       0xec Eth_Udp/SRC/ip_arp_udp_tcp.o
                0x00001ac8                _Z8checksumPhjh
 .text._Z19init_ip_arp_udp_tcpPhS_h
                0x00001bb4       0x32 Eth_Udp/SRC/ip_arp_udp_tcp.o
                0x00001bb4                _Z19init_ip_arp_udp_tcpPhS_h
 .text._Z25eth_type_is_arp_and_my_ipPhj
                0x00001be6       0x4c Eth_Udp/SRC/ip_arp_udp_tcp.o
                0x00001be6                _Z25eth_type_is_arp_and_my_ipPhj
 .text._Z24eth_type_is_ip_and_my_ipPhj
                0x00001c32       0x54 Eth_Udp/SRC/ip_arp_udp_tcp.o
                0x00001c32                _Z24eth_type_is_ip_and_my_ipPhj
 .text._Z8make_ethPh
                0x00001c86       0x1c Eth_Udp/SRC/ip_arp_udp_tcp.o
                0x00001c86                _Z8make_ethPh
 .text._Z20fill_ip_hdr_checksumPh
                0x00001ca2       0x28 Eth_Udp/SRC/ip_arp_udp_tcp.o
                0x00001ca2                _Z20fill_ip_hdr_checksumPh
 .text._Z7make_ipPh
                0x00001cca       0x22 Eth_Udp/SRC/ip_arp_udp_tcp.o
                0x00001cca                _Z7make_ipPh
 .text._Z28make_arp_answer_from_requestPh
                0x00001cec       0x50 Eth_Udp/SRC/ip_arp_udp_tcp.o
                0x00001cec                _Z28make_arp_answer_from_requestPh
 .text._Z28make_echo_reply_from_requestPhj
                0x00001d3c       0x34 Eth_Udp/SRC/ip_arp_udp_tcp.o
                0x00001d3c                _Z28make_echo_reply_from_requestPhj
 .text._Z27make_udp_reply_from_requestPhPchj
                0x00001d70       0x96 Eth_Udp/SRC/ip_arp_udp_tcp.o
                0x00001d70                _Z27make_udp_reply_from_requestPhPchj
 .text._Z8spi_initv
                0x00001e06       0x14 Eth_Udp/SRC/spi.o
                0x00001e06                _Z8spi_initv
 .text._Z8delay_msj
                0x00001e1a       0x16 Eth_Udp/SRC/timeout.o
                0x00001e1a                _Z8delay_msj
 .text._Z9Timer_ISR8Dev_typej
                0x00001e30       0x44 main.o
                0x00001e30                _Z9Timer_ISR8Dev_typej
 .text._Z7ADC_ISR8Dev_typej
                0x00001e74        0x2 main.o
                0x00001e74                _Z7ADC_ISR8Dev_typej
 .text._Z9Set_Alarmv
                0x00001e76       0x10 main.o
                0x00001e76                _Z9Set_Alarmv
 .text._ZL5proc2Pv
                0x00001e86      0x3d8 main.o
 .text._ZL5proc1Pv
                0x0000225e      0x1c4 main.o
 .text._ZL4procPv
                0x00002422      0x3ca main.o
 .text._Z8Uart_ISR8Dev_typej
                0x000027ec       0x10 main.o
                0x000027ec                _Z8Uart_ISR8Dev_typej
 .text._Z9RS485_ISR8Dev_typej
                0x000027fc       0x10 main.o
                0x000027fc                _Z9RS485_ISR8Dev_typej
 .text._Z16Count_Sensor_ISR8Dev_typej
                0x0000280c       0x10 main.o
                0x0000280c                _Z16Count_Sensor_ISR8Dev_typej
 .text._Z8Init_Devv
                0x0000281c      0x134 main.o
                0x0000281c                _Z8Init_Devv
 .text.main     0x00002950      0x18c main.o
                0x00002950                main
 .text._Z9fnCalTempf
                0x00002adc      0x160 main.o
                0x00002adc                _Z9fnCalTempf
 .text._ZL5proc3Pv
                0x00002c3c      0x1f6 main.o
 .text.pvPortMalloc
                0x00002e32       0x66 RTOS/SRC/heap_1.o
                0x00002e32                pvPortMalloc
 .text.vPortFree
                0x00002e98        0x2 RTOS/SRC/heap_1.o
                0x00002e98                vPortFree
 .text.vListInitialise
                0x00002e9a       0x1c RTOS/SRC/list.o
                0x00002e9a                vListInitialise
 .text.vListInitialiseItem
                0x00002eb6        0x8 RTOS/SRC/list.o
                0x00002eb6                vListInitialiseItem
 .text.vListInsertEnd
                0x00002ebe       0x42 RTOS/SRC/list.o
                0x00002ebe                vListInsertEnd
 .text.vListInsert
                0x00002f00       0x62 RTOS/SRC/list.o
                0x00002f00                vListInsert
 .text.uxListRemove
                0x00002f62       0x4c RTOS/SRC/list.o
                0x00002f62                uxListRemove
 .text.pxPortInitialiseStack
                0x00002fae       0xd8 RTOS/SRC/port.o
                0x00002fae                pxPortInitialiseStack
 .text.xPortStartScheduler
                0x00003086       0x6a RTOS/SRC/port.o
                0x00003086                xPortStartScheduler
 .text.vPortYield
                0x000030f0       0xb0 RTOS/SRC/port.o
                0x000030f0                vPortYield
 .text.vPortYieldFromTick
                0x000031a0       0xb4 RTOS/SRC/port.o
                0x000031a0                vPortYieldFromTick
 .text.__vector_12
                0x00003254        0x4 RTOS/SRC/port.o
                0x00003254                __vector_12
 .text.prvCopyDataToQueue
                0x00003258       0xbc RTOS/SRC/queue.o
 .text.prvCopyDataFromQueue
                0x00003314       0x34 RTOS/SRC/queue.o
 .text.prvUnlockQueue
                0x00003348       0x92 RTOS/SRC/queue.o
 .text.xQueueGenericReset
                0x000033da       0x72 RTOS/SRC/queue.o
                0x000033da                xQueueGenericReset
 .text.xQueueGenericCreate
                0x0000344c       0x54 RTOS/SRC/queue.o
                0x0000344c                xQueueGenericCreate
 .text.xQueueGenericSend
                0x000034a0      0x124 RTOS/SRC/queue.o
                0x000034a0                xQueueGenericSend
 .text.xQueueCreateMutex
                0x000035c4       0x30 RTOS/SRC/queue.o
                0x000035c4                xQueueCreateMutex
 .text.xQueueGenericReceive
                0x000035f4      0x174 RTOS/SRC/queue.o
                0x000035f4                xQueueGenericReceive
 .text.prvResetNextTaskUnblockTime
                0x00003768       0x3e RTOS/SRC/tasks.o
 .text.prvAddCurrentTaskToDelayedList
                0x000037a6       0xa8 RTOS/SRC/tasks.o
 .text.xTaskCreate
                0x0000384e      0x1fc RTOS/SRC/tasks.o
                0x0000384e                xTaskCreate
 .text.vTaskStartScheduler
                0x00003a4a       0x50 RTOS/SRC/tasks.o
                0x00003a4a                vTaskStartScheduler
 .text.vTaskSuspendAll
                0x00003a9a        0xc RTOS/SRC/tasks.o
                0x00003a9a                vTaskSuspendAll
 .text.xTaskIncrementTick
                0x00003aa6      0x16e RTOS/SRC/tasks.o
                0x00003aa6                xTaskIncrementTick
 .text.xTaskResumeAll
                0x00003c14       0xf2 RTOS/SRC/tasks.o
                0x00003c14                xTaskResumeAll
 .text.vTaskDelay
                0x00003d06       0x20 RTOS/SRC/tasks.o
                0x00003d06                vTaskDelay
 .text.prvIdleTask
                0x00003d26       0x6e RTOS/SRC/tasks.o
 .text.vTaskSwitchContext
                0x00003d94       0xcc RTOS/SRC/tasks.o
                0x00003d94                vTaskSwitchContext
 .text.vTaskPlaceOnEventList
                0x00003e60       0x20 RTOS/SRC/tasks.o
                0x00003e60                vTaskPlaceOnEventList
 .text.xTaskRemoveFromEventList
                0x00003e80       0x8c RTOS/SRC/tasks.o
                0x00003e80                xTaskRemoveFromEventList
 .text.vTaskSetTimeOutState
                0x00003f0c       0x16 RTOS/SRC/tasks.o
                0x00003f0c                vTaskSetTimeOutState
 .text.xTaskCheckForTimeOut
                0x00003f22       0x70 RTOS/SRC/tasks.o
                0x00003f22                xTaskCheckForTimeOut
 .text.vTaskMissedYield
                0x00003f92        0x8 RTOS/SRC/tasks.o
                0x00003f92                vTaskMissedYield
 .text.vTaskPriorityInherit
                0x00003f9a       0xc4 RTOS/SRC/tasks.o
                0x00003f9a                vTaskPriorityInherit
 .text.xTaskPriorityDisinherit
                0x0000405e       0x80 RTOS/SRC/tasks.o
                0x0000405e                xTaskPriorityDisinherit
 .text.pvTaskIncrementMutexHeldCount
                0x000040de       0x24 RTOS/SRC/tasks.o
                0x000040de                pvTaskIncrementMutexHeldCount
 .text.avr-libc.fplib
                0x00004102        0xa c:/program files (x86)/atmel/studio/7.0/toolchain/avr8/avr8-gnu-toolchain/bin/../lib/gcc/avr/5.4.0/../../../../avr/lib/avr51\libm.a(addsf3.o)
                0x00004102                __subsf3
                0x00004104                __addsf3
 .text.avr-libc.fplib
                0x0000410c       0xc0 c:/program files (x86)/atmel/studio/7.0/toolchain/avr8/avr8-gnu-toolchain/bin/../lib/gcc/avr/5.4.0/../../../../avr/lib/avr51\libm.a(addsf3x.o)
                0x00004126                __addsf3x
 .text.avr-libc.fplib
                0x000041cc        0x8 c:/program files (x86)/atmel/studio/7.0/toolchain/avr8/avr8-gnu-toolchain/bin/../lib/gcc/avr/5.4.0/../../../../avr/lib/avr51\libm.a(cmpsf2.o)
                0x000041cc                __nesf2
                0x000041cc                __eqsf2
                0x000041cc                __cmpsf2
                0x000041cc                __ltsf2
                0x000041cc                __lesf2
 .text.avr-libc.fplib
                0x000041d4        0x4 c:/program files (x86)/atmel/studio/7.0/toolchain/avr8/avr8-gnu-toolchain/bin/../lib/gcc/avr/5.4.0/../../../../avr/lib/avr51\libm.a(divsf3.o)
                0x000041d4                __divsf3
 .text.avr-libc.fplib
                0x000041d8       0xcc c:/program files (x86)/atmel/studio/7.0/toolchain/avr8/avr8-gnu-toolchain/bin/../lib/gcc/avr/5.4.0/../../../../avr/lib/avr51\libm.a(divsf3x.o)
                0x000041ee                __divsf3x
                0x000041f2                __divsf3_pse
 .text.avr-libc.fplib
                0x000042a4        0xa c:/program files (x86)/atmel/studio/7.0/toolchain/avr8/avr8-gnu-toolchain/bin/../lib/gcc/avr/5.4.0/../../../../avr/lib/avr51\libm.a(fixsfsi.o)
                0x000042a4                __fixsfsi
 .text.avr-libc.fplib
                0x000042ae       0x58 c:/program files (x86)/atmel/studio/7.0/toolchain/avr8/avr8-gnu-toolchain/bin/../lib/gcc/avr/5.4.0/../../../../avr/lib/avr51\libm.a(fixunssfsi.o)
                0x000042ae                __fixunssfsi
 .text.avr-libc.fplib
                0x00004306       0x7a c:/program files (x86)/atmel/studio/7.0/toolchain/avr8/avr8-gnu-toolchain/bin/../lib/gcc/avr/5.4.0/../../../../avr/lib/avr51\libm.a(floatsisf.o)
                0x00004306                __floatunsisf
                0x0000430a                __floatsisf
 .text.avr-libc.fplib
                0x00004380       0x48 c:/program files (x86)/atmel/studio/7.0/toolchain/avr8/avr8-gnu-toolchain/bin/../lib/gcc/avr/5.4.0/../../../../avr/lib/avr51\libm.a(fp_cmp.o)
                0x00004380                __fp_cmp
 .text.avr-libc.fplib
                0x000043c8        0xc c:/program files (x86)/atmel/studio/7.0/toolchain/avr8/avr8-gnu-toolchain/bin/../lib/gcc/avr/5.4.0/../../../../avr/lib/avr51\libm.a(fp_inf.o)
                0x000043c8                __fp_inf
 .text.avr-libc.fplib
                0x000043d4        0x6 c:/program files (x86)/atmel/studio/7.0/toolchain/avr8/avr8-gnu-toolchain/bin/../lib/gcc/avr/5.4.0/../../../../avr/lib/avr51\libm.a(fp_nan.o)
                0x000043d4                __fp_nan
 .text.avr-libc.fplib
                0x000043da        0xe c:/program files (x86)/atmel/studio/7.0/toolchain/avr8/avr8-gnu-toolchain/bin/../lib/gcc/avr/5.4.0/../../../../avr/lib/avr51\libm.a(fp_pscA.o)
                0x000043da                __fp_pscA
 .text.avr-libc.fplib
                0x000043e8        0xe c:/program files (x86)/atmel/studio/7.0/toolchain/avr8/avr8-gnu-toolchain/bin/../lib/gcc/avr/5.4.0/../../../../avr/lib/avr51\libm.a(fp_pscB.o)
                0x000043e8                __fp_pscB
 .text.avr-libc.fplib
                0x000043f6       0x22 c:/program files (x86)/atmel/studio/7.0/toolchain/avr8/avr8-gnu-toolchain/bin/../lib/gcc/avr/5.4.0/../../../../avr/lib/avr51\libm.a(fp_round.o)
                0x000043f6                __fp_round
 .text.avr-libc.fplib
                0x00004418       0x44 c:/program files (x86)/atmel/studio/7.0/toolchain/avr8/avr8-gnu-toolchain/bin/../lib/gcc/avr/5.4.0/../../../../avr/lib/avr51\libm.a(fp_split3.o)
                0x00004418                __fp_split3
                0x00004428                __fp_splitA
 .text.avr-libc.fplib
                0x0000445c        0xe c:/program files (x86)/atmel/studio/7.0/toolchain/avr8/avr8-gnu-toolchain/bin/../lib/gcc/avr/5.4.0/../../../../avr/lib/avr51\libm.a(fp_zero.o)
                0x0000445c                __fp_zero
                0x0000445e                __fp_szero
 .text.avr-libc.fplib
                0x0000446a        0x8 c:/program files (x86)/atmel/studio/7.0/toolchain/avr8/avr8-gnu-toolchain/bin/../lib/gcc/avr/5.4.0/../../../../avr/lib/avr51\libm.a(gesf2.o)
                0x0000446a                __gesf2
                0x0000446a                __gtsf2
 .text.avr-libc.fplib
                0x00004472        0x4 c:/program files (x86)/atmel/studio/7.0/toolchain/avr8/avr8-gnu-toolchain/bin/../lib/gcc/avr/5.4.0/../../../../avr/lib/avr51\libm.a(mulsf3.o)
                0x00004472                __mulsf3
 .text.avr-libc.fplib
                0x00004476       0xc2 c:/program files (x86)/atmel/studio/7.0/toolchain/avr8/avr8-gnu-toolchain/bin/../lib/gcc/avr/5.4.0/../../../../avr/lib/avr51\libm.a(mulsf3x.o)
                0x0000448a                __mulsf3x
                0x0000448e                __mulsf3_pse
 .text.libgcc.div
                0x00004538       0x44 c:/program files (x86)/atmel/studio/7.0/toolchain/avr8/avr8-gnu-toolchain/bin/../lib/gcc/avr/5.4.0/avr51\libgcc.a(_udivmodsi4.o)
                0x00004538                __udivmodsi4
 .text.libgcc.mul
                0x0000457c       0x1e c:/program files (x86)/atmel/studio/7.0/toolchain/avr8/avr8-gnu-toolchain/bin/../lib/gcc/avr/5.4.0/avr51\libgcc.a(_umulhisi3.o)
                0x0000457c                __umulhisi3
 .text.avr-libc
                0x0000459a       0x12 c:/program files (x86)/atmel/studio/7.0/toolchain/avr8/avr8-gnu-toolchain/bin/../lib/gcc/avr/5.4.0/../../../../avr/lib/avr51\libc.a(memcpy.o)
                0x0000459a                memcpy
 .text.avr-libc
                0x000045ac       0x10 C:/Program Files (x86)/Atmel/Studio/7.0/Packs/atmel/ATmega_DFP/1.1.130/gcc/dev/atmega128a/avr51\libatmega128a.a(eerd_byte.o)
                0x000045ac                eeprom_read_byte
 .text.avr-libc
                0x000045bc       0x22 C:/Program Files (x86)/Atmel/Studio/7.0/Packs/atmel/ATmega_DFP/1.1.130/gcc/dev/atmega128a/avr51\libatmega128a.a(eeupd_byte.o)
                0x000045bc                eeprom_update_byte
                0x000045be                eeprom_update_r18
                0x000045de                . = ALIGN (0x2)
 *(.fini9)
 .fini9         0x000045de        0x0 c:/program files (x86)/atmel/studio/7.0/toolchain/avr8/avr8-gnu-toolchain/bin/../lib/gcc/avr/5.4.0/avr51\libgcc.a(_exit.o)
                0x000045de                _exit
                0x000045de                exit
 *(.fini9)
 *(.fini8)
 *(.fini8)
 *(.fini7)
 *(.fini7)
 *(.fini6)
 *(.fini6)
 *(.fini5)
 *(.fini5)
 *(.fini4)
 *(.fini4)
 *(.fini3)
 *(.fini3)
 *(.fini2)
 *(.fini2)
 *(.fini1)
 *(.fini1)
 *(.fini0)
 .fini0         0x000045de        0x4 c:/program files (x86)/atmel/studio/7.0/toolchain/avr8/avr8-gnu-toolchain/bin/../lib/gcc/avr/5.4.0/avr51\libgcc.a(_exit.o)
 *(.fini0)
                0x000045e2                _etext = .

.data           0x00800100       0xbc load address 0x000045e2
                0x00800100                PROVIDE (__data_start, .)
 *(.data)
 *(.data*)
 .data._ZL7wwwport
                0x00800100        0x1 Eth_Udp/SRC/ip_arp_udp_tcp.o
 .data._ZL5mymac
                0x00800101        0x6 main.o
 *(.rodata)
 *(.rodata*)
 .rodata._ZTV3Adc
                0x00800107       0x10 DeviceDriver/src/Adc.o
                0x00800107                _ZTV3Adc
 .rodata._ZTV12Count_Sensor
                0x00800117       0x10 DeviceDriver/src/Count_Sensor.o
                0x00800117                _ZTV12Count_Sensor
 .rodata._ZTV5Timer
                0x00800127       0x10 DeviceDriver/src/per_sec_timer.o
                0x00800127                _ZTV5Timer
 .rodata._ZTV11RS485Driver
                0x00800137       0x10 DeviceDriver/src/RS485Driver.o
                0x00800137                _ZTV11RS485Driver
 .rodata._ZTV10UartDriver
                0x00800147       0x10 DeviceDriver/src/UartDriver.o
                0x00800147                _ZTV10UartDriver
 .rodata.str1.1
                0x00800157       0x5f main.o
 .rodata.str1.1
                0x008001b6        0x5 RTOS/SRC/tasks.o
 *(.gnu.linkonce.d*)
                0x008001bc                . = ALIGN (0x2)
 *fill*         0x008001bb        0x1 
                0x008001bc                _edata = .
                0x008001bc                PROVIDE (__data_end, .)

.bss            0x008001bc      0xdeb
                0x008001bc                PROVIDE (__bss_start, .)
 *(.bss)
 *(.bss*)
 .bss.AlarmTable
                0x008001bc       0x1e DeviceDriver/src/Alarm.o
                0x008001bc                AlarmTable
 .bss._ZN11Dev_Manager4instE
                0x008001da        0x2 DeviceDriver/src/Dev_Manager.o
                0x008001da                _ZN11Dev_Manager4instE
 .bss._ZN11RS485Driver4instE
                0x008001dc        0x2 DeviceDriver/src/RS485Driver.o
                0x008001dc                _ZN11RS485Driver4instE
 .bss._ZN10UartDriver4instE
                0x008001de        0x2 DeviceDriver/src/UartDriver.o
                0x008001de                _ZN10UartDriver4instE
 .bss._ZL13NextPacketPtr
                0x008001e0        0x2 Eth_Udp/SRC/enc28j60.o
 .bss._ZL12Enc28j60Bank
                0x008001e2        0x1 Eth_Udp/SRC/enc28j60.o
 .bss._ZL6ipaddr
                0x008001e3        0x4 Eth_Udp/SRC/ip_arp_udp_tcp.o
 .bss._ZL7macaddr
                0x008001e7        0x6 Eth_Udp/SRC/ip_arp_udp_tcp.o
 .bss._ZZL5proc2PvE4data
                0x008001ed       0x26 main.o
 .bss._ZL3buf   0x00800213       0x81 main.o
 .bss.Adc_channels
                0x00800294       0x10 main.o
                0x00800294                Adc_channels
 .bss._ZL4myip  0x008002a4        0x4 main.o
 .bss.cls_var   0x008002a8        0x1 main.o
                0x008002a8                cls_var
 .bss.lcd_cnt   0x008002a9        0x1 main.o
                0x008002a9                lcd_cnt
 .bss.chatter_flag
                0x008002aa        0x1 main.o
                0x008002aa                chatter_flag
 .bss.Ctl_LCD_Cursor
                0x008002ab        0x1 main.o
                0x008002ab                Ctl_LCD_Cursor
 .bss.cmp_mem   0x008002ac        0x4 main.o
                0x008002ac                cmp_mem
 .bss.current_cnt_mem
                0x008002b0       0x14 main.o
                0x008002b0                current_cnt_mem
 .bss.mem4      0x008002c4       0x78 main.o
                0x008002c4                mem4
 .bss.current_states_times
                0x0080033c        0x4 main.o
                0x0080033c                current_states_times
 .bss.current_states_lookup_table
                0x00800340        0xa main.o
                0x00800340                current_states_lookup_table
 .bss.current_pressure
                0x0080034a        0x2 main.o
                0x0080034a                current_pressure
 .bss.current_temp
                0x0080034c        0x2 main.o
                0x0080034c                current_temp
 .bss.count_number
                0x0080034e        0x2 main.o
                0x0080034e                count_number
 .bss.rsp10     0x00800350        0x8 main.o
                0x00800350                rsp10
 .bss.exception
                0x00800358        0x5 main.o
                0x00800358                exception
 .bss.func10    0x0080035d        0xb main.o
                0x0080035d                func10
 .bss.func04    0x00800368        0x7 main.o
                0x00800368                func04
 .bss.func05    0x0080036f        0x8 main.o
                0x0080036f                func05
 .bss.DataStruct
                0x00800377        0xa main.o
                0x00800377                DataStruct
 .bss.adc       0x00800381        0x2 main.o
                0x00800381                adc
 .bss.dev       0x00800383        0x2 main.o
                0x00800383                dev
 .bss.pucAlignedHeap.2069
                0x00800385        0x2 RTOS/SRC/heap_1.o
 .bss.xNextFreeByte
                0x00800387        0x2 RTOS/SRC/heap_1.o
 .bss.ucHeap    0x00800389      0xbb8 RTOS/SRC/heap_1.o
 .bss.uxSchedulerSuspended
                0x00800f41        0x1 RTOS/SRC/tasks.o
 .bss.xIdleTaskHandle
                0x00800f42        0x2 RTOS/SRC/tasks.o
 .bss.xNextTaskUnblockTime
                0x00800f44        0x2 RTOS/SRC/tasks.o
 .bss.uxTaskNumber
                0x00800f46        0x1 RTOS/SRC/tasks.o
 .bss.xNumOfOverflows
                0x00800f47        0x1 RTOS/SRC/tasks.o
 .bss.xYieldPending
                0x00800f48        0x1 RTOS/SRC/tasks.o
 .bss.uxPendedTicks
                0x00800f49        0x1 RTOS/SRC/tasks.o
 .bss.xSchedulerRunning
                0x00800f4a        0x1 RTOS/SRC/tasks.o
 .bss.uxTopReadyPriority
                0x00800f4b        0x1 RTOS/SRC/tasks.o
 .bss.xTickCount
                0x00800f4c        0x2 RTOS/SRC/tasks.o
 .bss.uxCurrentNumberOfTasks
                0x00800f4e        0x1 RTOS/SRC/tasks.o
 .bss.xSuspendedTaskList
                0x00800f4f        0x9 RTOS/SRC/tasks.o
 .bss.uxDeletedTasksWaitingCleanUp
                0x00800f58        0x1 RTOS/SRC/tasks.o
 .bss.xTasksWaitingTermination
                0x00800f59        0x9 RTOS/SRC/tasks.o
 .bss.xPendingReadyList
                0x00800f62        0x9 RTOS/SRC/tasks.o
 .bss.pxOverflowDelayedTaskList
                0x00800f6b        0x2 RTOS/SRC/tasks.o
 .bss.pxDelayedTaskList
                0x00800f6d        0x2 RTOS/SRC/tasks.o
 .bss.xDelayedTaskList2
                0x00800f6f        0x9 RTOS/SRC/tasks.o
 .bss.xDelayedTaskList1
                0x00800f78        0x9 RTOS/SRC/tasks.o
 .bss.pxReadyTasksLists
                0x00800f81       0x24 RTOS/SRC/tasks.o
 .bss.pxCurrentTCB
                0x00800fa5        0x2 RTOS/SRC/tasks.o
                0x00800fa5                pxCurrentTCB
 *(COMMON)
                0x00800fa7                PROVIDE (__bss_end, .)
                0x000045e2                __data_load_start = LOADADDR (.data)
                0x0000469e                __data_load_end = (__data_load_start + SIZEOF (.data))

.noinit         0x00800fa7        0x0
                [!provide]                PROVIDE (__noinit_start, .)
 *(.noinit*)
                [!provide]                PROVIDE (__noinit_end, .)
                0x00800fa7                _end = .
                [!provide]                PROVIDE (__heap_start, .)

.eeprom         0x00810000        0x0
 *(.eeprom*)
                0x00810000                __eeprom_end = .

.fuse
 *(.fuse)
 *(.lfuse)
 *(.hfuse)
 *(.efuse)

.lock
 *(.lock*)

.signature
 *(.signature*)

.user_signatures
 *(.user_signatures*)

.stab
 *(.stab)

.stabstr
 *(.stabstr)

.stab.excl
 *(.stab.excl)

.stab.exclstr
 *(.stab.exclstr)

.stab.index
 *(.stab.index)

.stab.indexstr
 *(.stab.indexstr)

.comment        0x00000000       0x30
 *(.comment)
 .comment       0x00000000       0x30 CommunicateProtocols/src/Modbus_rtu.o
                                 0x31 (size before relaxing)
 .comment       0x00000030       0x31 Datastructure/src/SerialBuffer.o
 .comment       0x00000030       0x31 Sensors/src/DFRobotHighTemperatureSensor.o
 .comment       0x00000030       0x31 DeviceDriver/src/Adc.o
 .comment       0x00000030       0x31 DeviceDriver/src/Alarm.o
 .comment       0x00000030       0x31 DeviceDriver/src/Char_LCD2004A.o
 .comment       0x00000030       0x31 DeviceDriver/src/Count_Sensor.o
 .comment       0x00000030       0x31 DeviceDriver/src/Dev_Manager.o
 .comment       0x00000030       0x31 DeviceDriver/src/per_sec_timer.o
 .comment       0x00000030       0x31 DeviceDriver/src/RS485Driver.o
 .comment       0x00000030       0x31 DeviceDriver/src/Timer_Alarm.o
 .comment       0x00000030       0x31 DeviceDriver/src/UartDriver.o
 .comment       0x00000030       0x31 DeviceDriver/src/Ubbr_Calculate.o
 .comment       0x00000030       0x31 Eth_Udp/SRC/enc28j60.o
 .comment       0x00000030       0x31 Eth_Udp/SRC/ip_arp_udp_tcp.o
 .comment       0x00000030       0x31 Eth_Udp/SRC/spi.o
 .comment       0x00000030       0x31 Eth_Udp/SRC/timeout.o
 .comment       0x00000030       0x31 main.o
 .comment       0x00000030       0x31 RTOS/SRC/heap_1.o
 .comment       0x00000030       0x31 RTOS/SRC/list.o
 .comment       0x00000030       0x31 RTOS/SRC/port.o
 .comment       0x00000030       0x31 RTOS/SRC/queue.o
 .comment       0x00000030       0x31 RTOS/SRC/tasks.o

.note.gnu.avr.deviceinfo
                0x00000000       0x40
 .note.gnu.avr.deviceinfo
                0x00000000       0x40 C:/Program Files (x86)/Atmel/Studio/7.0/Packs/atmel/ATmega_DFP/1.1.130/gcc/dev/atmega128a/avr51/crtatmega128a.o

.note.gnu.build-id
 *(.note.gnu.build-id)

.debug
 *(.debug)

.line
 *(.line)

.debug_srcinfo
 *(.debug_srcinfo)

.debug_sfnames
 *(.debug_sfnames)

.debug_aranges  0x00000000      0xab8
 *(.debug_aranges)
 .debug_aranges
                0x00000000       0x78 CommunicateProtocols/src/Modbus_rtu.o
 .debug_aranges
                0x00000078       0x70 Datastructure/src/SerialBuffer.o
 .debug_aranges
                0x000000e8       0x40 Sensors/src/DFRobotHighTemperatureSensor.o
 .debug_aranges
                0x00000128       0x60 DeviceDriver/src/Adc.o
 .debug_aranges
                0x00000188       0x48 DeviceDriver/src/Alarm.o
 .debug_aranges
                0x000001d0       0xd8 DeviceDriver/src/Char_LCD2004A.o
 .debug_aranges
                0x000002a8       0x58 DeviceDriver/src/Count_Sensor.o
 .debug_aranges
                0x00000300       0xa8 DeviceDriver/src/Dev_Manager.o
 .debug_aranges
                0x000003a8       0x60 DeviceDriver/src/per_sec_timer.o
 .debug_aranges
                0x00000408       0x98 DeviceDriver/src/RS485Driver.o
 .debug_aranges
                0x000004a0       0x28 DeviceDriver/src/Timer_Alarm.o
 .debug_aranges
                0x000004c8       0xa8 DeviceDriver/src/UartDriver.o
 .debug_aranges
                0x00000570       0x20 DeviceDriver/src/Ubbr_Calculate.o
 .debug_aranges
                0x00000590       0x90 Eth_Udp/SRC/enc28j60.o
 .debug_aranges
                0x00000620       0xa8 Eth_Udp/SRC/ip_arp_udp_tcp.o
 .debug_aranges
                0x000006c8       0x20 Eth_Udp/SRC/spi.o
 .debug_aranges
                0x000006e8       0x30 Eth_Udp/SRC/timeout.o
 .debug_aranges
                0x00000718       0xb0 main.o
 .debug_aranges
                0x000007c8       0x38 RTOS/SRC/heap_1.o
 .debug_aranges
                0x00000800       0x40 RTOS/SRC/list.o
 .debug_aranges
                0x00000840       0x48 RTOS/SRC/port.o
 .debug_aranges
                0x00000888       0xa8 RTOS/SRC/queue.o
 .debug_aranges
                0x00000930      0x148 RTOS/SRC/tasks.o
 .debug_aranges
                0x00000a78       0x20 C:/Program Files (x86)/Atmel/Studio/7.0/Packs/atmel/ATmega_DFP/1.1.130/gcc/dev/atmega128a/avr51\libatmega128a.a(eerd_byte.o)
 .debug_aranges
                0x00000a98       0x20 C:/Program Files (x86)/Atmel/Studio/7.0/Packs/atmel/ATmega_DFP/1.1.130/gcc/dev/atmega128a/avr51\libatmega128a.a(eeupd_byte.o)

.debug_pubnames
 *(.debug_pubnames)

.debug_info     0x00000000     0xe0e3
 *(.debug_info .gnu.linkonce.wi.*)
 .debug_info    0x00000000      0x780 C:/Program Files (x86)/Atmel/Studio/7.0/Packs/atmel/ATmega_DFP/1.1.130/gcc/dev/atmega128a/avr51/crtatmega128a.o
 .debug_info    0x00000780      0x9d6 CommunicateProtocols/src/Modbus_rtu.o
 .debug_info    0x00001156      0x987 Datastructure/src/SerialBuffer.o
 .debug_info    0x00001add      0x504 Sensors/src/DFRobotHighTemperatureSensor.o
 .debug_info    0x00001fe1      0x575 DeviceDriver/src/Adc.o
 .debug_info    0x00002556      0x219 DeviceDriver/src/Alarm.o
 .debug_info    0x0000276f     0x1134 DeviceDriver/src/Char_LCD2004A.o
 .debug_info    0x000038a3      0x4a3 DeviceDriver/src/Count_Sensor.o
 .debug_info    0x00003d46      0x81d DeviceDriver/src/Dev_Manager.o
 .debug_info    0x00004563      0x555 DeviceDriver/src/per_sec_timer.o
 .debug_info    0x00004ab8      0xb41 DeviceDriver/src/RS485Driver.o
 .debug_info    0x000055f9      0x126 DeviceDriver/src/Timer_Alarm.o
 .debug_info    0x0000571f      0xc41 DeviceDriver/src/UartDriver.o
 .debug_info    0x00006360      0x174 DeviceDriver/src/Ubbr_Calculate.o
 .debug_info    0x000064d4      0xc07 Eth_Udp/SRC/enc28j60.o
 .debug_info    0x000070db      0x9da Eth_Udp/SRC/ip_arp_udp_tcp.o
 .debug_info    0x00007ab5       0x86 Eth_Udp/SRC/spi.o
 .debug_info    0x00007b3b      0x1a7 Eth_Udp/SRC/timeout.o
 .debug_info    0x00007ce2     0x2daf main.o
 .debug_info    0x0000aa91      0x1a4 RTOS/SRC/heap_1.o
 .debug_info    0x0000ac35      0x2cd RTOS/SRC/list.o
 .debug_info    0x0000af02      0x263 RTOS/SRC/port.o
 .debug_info    0x0000b165     0x11a2 RTOS/SRC/queue.o
 .debug_info    0x0000c307     0x1c81 RTOS/SRC/tasks.o
 .debug_info    0x0000df88       0xad C:/Program Files (x86)/Atmel/Studio/7.0/Packs/atmel/ATmega_DFP/1.1.130/gcc/dev/atmega128a/avr51\libatmega128a.a(eerd_byte.o)
 .debug_info    0x0000e035       0xae C:/Program Files (x86)/Atmel/Studio/7.0/Packs/atmel/ATmega_DFP/1.1.130/gcc/dev/atmega128a/avr51\libatmega128a.a(eeupd_byte.o)

.debug_abbrev   0x00000000     0x3a50
 *(.debug_abbrev)
 .debug_abbrev  0x00000000      0x718 C:/Program Files (x86)/Atmel/Studio/7.0/Packs/atmel/ATmega_DFP/1.1.130/gcc/dev/atmega128a/avr51/crtatmega128a.o
 .debug_abbrev  0x00000718      0x1d1 CommunicateProtocols/src/Modbus_rtu.o
 .debug_abbrev  0x000008e9      0x2fd Datastructure/src/SerialBuffer.o
 .debug_abbrev  0x00000be6      0x1c2 Sensors/src/DFRobotHighTemperatureSensor.o
 .debug_abbrev  0x00000da8      0x224 DeviceDriver/src/Adc.o
 .debug_abbrev  0x00000fcc      0x10f DeviceDriver/src/Alarm.o
 .debug_abbrev  0x000010db      0x358 DeviceDriver/src/Char_LCD2004A.o
 .debug_abbrev  0x00001433      0x1e1 DeviceDriver/src/Count_Sensor.o
 .debug_abbrev  0x00001614      0x307 DeviceDriver/src/Dev_Manager.o
 .debug_abbrev  0x0000191b      0x242 DeviceDriver/src/per_sec_timer.o
 .debug_abbrev  0x00001b5d      0x3b5 DeviceDriver/src/RS485Driver.o
 .debug_abbrev  0x00001f12       0xfe DeviceDriver/src/Timer_Alarm.o
 .debug_abbrev  0x00002010      0x41e DeviceDriver/src/UartDriver.o
 .debug_abbrev  0x0000242e       0xe8 DeviceDriver/src/Ubbr_Calculate.o
 .debug_abbrev  0x00002516      0x245 Eth_Udp/SRC/enc28j60.o
 .debug_abbrev  0x0000275b      0x24b Eth_Udp/SRC/ip_arp_udp_tcp.o
 .debug_abbrev  0x000029a6       0x52 Eth_Udp/SRC/spi.o
 .debug_abbrev  0x000029f8      0x113 Eth_Udp/SRC/timeout.o
 .debug_abbrev  0x00002b0b      0x62a main.o
 .debug_abbrev  0x00003135      0x11c RTOS/SRC/heap_1.o
 .debug_abbrev  0x00003251       0xf8 RTOS/SRC/list.o
 .debug_abbrev  0x00003349      0x155 RTOS/SRC/port.o
 .debug_abbrev  0x0000349e      0x261 RTOS/SRC/queue.o
 .debug_abbrev  0x000036ff      0x329 RTOS/SRC/tasks.o
 .debug_abbrev  0x00003a28       0x14 C:/Program Files (x86)/Atmel/Studio/7.0/Packs/atmel/ATmega_DFP/1.1.130/gcc/dev/atmega128a/avr51\libatmega128a.a(eerd_byte.o)
 .debug_abbrev  0x00003a3c       0x14 C:/Program Files (x86)/Atmel/Studio/7.0/Packs/atmel/ATmega_DFP/1.1.130/gcc/dev/atmega128a/avr51\libatmega128a.a(eeupd_byte.o)

.debug_line     0x00000000     0x5dfd
 *(.debug_line .debug_line.* .debug_line_end)
 .debug_line    0x00000000      0x169 C:/Program Files (x86)/Atmel/Studio/7.0/Packs/atmel/ATmega_DFP/1.1.130/gcc/dev/atmega128a/avr51/crtatmega128a.o
 .debug_line    0x00000169      0x343 CommunicateProtocols/src/Modbus_rtu.o
 .debug_line    0x000004ac      0x3b1 Datastructure/src/SerialBuffer.o
 .debug_line    0x0000085d      0x1c5 Sensors/src/DFRobotHighTemperatureSensor.o
 .debug_line    0x00000a22      0x23e DeviceDriver/src/Adc.o
 .debug_line    0x00000c60      0x186 DeviceDriver/src/Alarm.o
 .debug_line    0x00000de6      0x5f1 DeviceDriver/src/Char_LCD2004A.o
 .debug_line    0x000013d7      0x1d2 DeviceDriver/src/Count_Sensor.o
 .debug_line    0x000015a9      0x355 DeviceDriver/src/Dev_Manager.o
 .debug_line    0x000018fe      0x1e4 DeviceDriver/src/per_sec_timer.o
 .debug_line    0x00001ae2      0x3b3 DeviceDriver/src/RS485Driver.o
 .debug_line    0x00001e95       0xa4 DeviceDriver/src/Timer_Alarm.o
 .debug_line    0x00001f39      0x3fc DeviceDriver/src/UartDriver.o
 .debug_line    0x00002335       0xf0 DeviceDriver/src/Ubbr_Calculate.o
 .debug_line    0x00002425      0x54e Eth_Udp/SRC/enc28j60.o
 .debug_line    0x00002973      0x64d Eth_Udp/SRC/ip_arp_udp_tcp.o
 .debug_line    0x00002fc0       0xca Eth_Udp/SRC/spi.o
 .debug_line    0x0000308a      0x1c0 Eth_Udp/SRC/timeout.o
 .debug_line    0x0000324a      0xc39 main.o
 .debug_line    0x00003e83      0x1bb RTOS/SRC/heap_1.o
 .debug_line    0x0000403e      0x1e7 RTOS/SRC/list.o
 .debug_line    0x00004225      0x2a4 RTOS/SRC/port.o
 .debug_line    0x000044c9      0x882 RTOS/SRC/queue.o
 .debug_line    0x00004d4b      0xf88 RTOS/SRC/tasks.o
 .debug_line    0x00005cd3       0x7a C:/Program Files (x86)/Atmel/Studio/7.0/Packs/atmel/ATmega_DFP/1.1.130/gcc/dev/atmega128a/avr51\libatmega128a.a(eerd_byte.o)
 .debug_line    0x00005d4d       0xb0 C:/Program Files (x86)/Atmel/Studio/7.0/Packs/atmel/ATmega_DFP/1.1.130/gcc/dev/atmega128a/avr51\libatmega128a.a(eeupd_byte.o)

.debug_frame    0x00000000     0x1ce4
 *(.debug_frame)
 .debug_frame   0x00000000      0x134 CommunicateProtocols/src/Modbus_rtu.o
 .debug_frame   0x00000134      0x15c Datastructure/src/SerialBuffer.o
 .debug_frame   0x00000290       0xfc Sensors/src/DFRobotHighTemperatureSensor.o
 .debug_frame   0x0000038c       0xa4 DeviceDriver/src/Adc.o
 .debug_frame   0x00000430       0xd8 DeviceDriver/src/Alarm.o
 .debug_frame   0x00000508      0x234 DeviceDriver/src/Char_LCD2004A.o
 .debug_frame   0x0000073c       0x94 DeviceDriver/src/Count_Sensor.o
 .debug_frame   0x000007d0      0x2a8 DeviceDriver/src/Dev_Manager.o
 .debug_frame   0x00000a78       0xa4 DeviceDriver/src/per_sec_timer.o
 .debug_frame   0x00000b1c      0x150 DeviceDriver/src/RS485Driver.o
 .debug_frame   0x00000c6c       0x54 DeviceDriver/src/Timer_Alarm.o
 .debug_frame   0x00000cc0      0x170 DeviceDriver/src/UartDriver.o
 .debug_frame   0x00000e30       0x44 DeviceDriver/src/Ubbr_Calculate.o
 .debug_frame   0x00000e74      0x18c Eth_Udp/SRC/enc28j60.o
 .debug_frame   0x00001000      0x1e8 Eth_Udp/SRC/ip_arp_udp_tcp.o
 .debug_frame   0x000011e8       0x24 Eth_Udp/SRC/spi.o
 .debug_frame   0x0000120c       0x44 Eth_Udp/SRC/timeout.o
 .debug_frame   0x00001250      0x20c main.o
 .debug_frame   0x0000145c       0x60 RTOS/SRC/heap_1.o
 .debug_frame   0x000014bc       0x88 RTOS/SRC/list.o
 .debug_frame   0x00001544       0x74 RTOS/SRC/port.o
 .debug_frame   0x000015b8      0x274 RTOS/SRC/queue.o
 .debug_frame   0x0000182c      0x4b8 RTOS/SRC/tasks.o

.debug_str      0x00000000     0x3cda
 *(.debug_str)
 .debug_str     0x00000000      0x27d C:/Program Files (x86)/Atmel/Studio/7.0/Packs/atmel/ATmega_DFP/1.1.130/gcc/dev/atmega128a/avr51/crtatmega128a.o
 .debug_str     0x0000027d      0x5d7 CommunicateProtocols/src/Modbus_rtu.o
                                0x656 (size before relaxing)
 .debug_str     0x00000854      0x552 Datastructure/src/SerialBuffer.o
                                0x747 (size before relaxing)
 .debug_str     0x00000da6      0x1c1 Sensors/src/DFRobotHighTemperatureSensor.o
                                0x36c (size before relaxing)
 .debug_str     0x00000f67      0x2bd DeviceDriver/src/Adc.o
                                0x4d6 (size before relaxing)
 .debug_str     0x00001224       0xd9 DeviceDriver/src/Alarm.o
                                0x2bd (size before relaxing)
 .debug_str     0x000012fd      0x4bb DeviceDriver/src/Char_LCD2004A.o
                                0x8e7 (size before relaxing)
 .debug_str     0x000017b8       0x96 DeviceDriver/src/Count_Sensor.o
                                0x4a5 (size before relaxing)
 .debug_str     0x0000184e       0xb7 DeviceDriver/src/Dev_Manager.o
                                0x597 (size before relaxing)
 .debug_str     0x00001905       0x9f DeviceDriver/src/per_sec_timer.o
                                0x4ae (size before relaxing)
 .debug_str     0x000019a4      0x2c2 DeviceDriver/src/RS485Driver.o
                                0x715 (size before relaxing)
 .debug_str     0x00001c66       0x7a DeviceDriver/src/Timer_Alarm.o
                                0x1fc (size before relaxing)
 .debug_str     0x00001ce0      0x21b DeviceDriver/src/UartDriver.o
                                0x78f (size before relaxing)
 .debug_str     0x00001efb       0x35 DeviceDriver/src/Ubbr_Calculate.o
                                0x247 (size before relaxing)
 .debug_str     0x00001f30      0x2cb Eth_Udp/SRC/enc28j60.o
                                0x4ab (size before relaxing)
 .debug_str     0x000021fb      0x3d3 Eth_Udp/SRC/ip_arp_udp_tcp.o
                                0x5df (size before relaxing)
 .debug_str     0x000025ce       0x17 Eth_Udp/SRC/spi.o
                                0x1b3 (size before relaxing)
 .debug_str     0x000025e5       0x54 Eth_Udp/SRC/timeout.o
                                0x243 (size before relaxing)
 .debug_str     0x00002639      0x73f main.o
                               0x1759 (size before relaxing)
 .debug_str     0x00002d78      0x14c RTOS/SRC/heap_1.o
                                0x214 (size before relaxing)
 .debug_str     0x00002ec4      0x13c RTOS/SRC/list.o
                                0x2a3 (size before relaxing)
 .debug_str     0x00003000      0x115 RTOS/SRC/port.o
                                0x29d (size before relaxing)
 .debug_str     0x00003115      0x452 RTOS/SRC/queue.o
                                0x73b (size before relaxing)
 .debug_str     0x00003567      0x773 RTOS/SRC/tasks.o
                                0xc64 (size before relaxing)

.debug_loc      0x00000000     0x92cf
 *(.debug_loc)
 .debug_loc     0x00000000      0x826 CommunicateProtocols/src/Modbus_rtu.o
 .debug_loc     0x00000826      0x834 Datastructure/src/SerialBuffer.o
 .debug_loc     0x0000105a      0x561 Sensors/src/DFRobotHighTemperatureSensor.o
 .debug_loc     0x000015bb       0xe1 DeviceDriver/src/Adc.o
 .debug_loc     0x0000169c      0x12d DeviceDriver/src/Alarm.o
 .debug_loc     0x000017c9      0xc2d DeviceDriver/src/Char_LCD2004A.o
 .debug_loc     0x000023f6       0x98 DeviceDriver/src/Count_Sensor.o
 .debug_loc     0x0000248e      0x6c3 DeviceDriver/src/Dev_Manager.o
 .debug_loc     0x00002b51       0x98 DeviceDriver/src/per_sec_timer.o
 .debug_loc     0x00002be9      0x395 DeviceDriver/src/RS485Driver.o
 .debug_loc     0x00002f7e       0x89 DeviceDriver/src/Timer_Alarm.o
 .debug_loc     0x00003007      0x395 DeviceDriver/src/UartDriver.o
 .debug_loc     0x0000339c      0x1a0 DeviceDriver/src/Ubbr_Calculate.o
 .debug_loc     0x0000353c      0x6d0 Eth_Udp/SRC/enc28j60.o
 .debug_loc     0x00003c0c      0xd62 Eth_Udp/SRC/ip_arp_udp_tcp.o
 .debug_loc     0x0000496e       0x82 Eth_Udp/SRC/timeout.o
 .debug_loc     0x000049f0      0xed0 main.o
 .debug_loc     0x000058c0       0xf1 RTOS/SRC/heap_1.o
 .debug_loc     0x000059b1      0x145 RTOS/SRC/list.o
 .debug_loc     0x00005af6      0x2a0 RTOS/SRC/port.o
 .debug_loc     0x00005d96     0x15e5 RTOS/SRC/queue.o
 .debug_loc     0x0000737b     0x1f54 RTOS/SRC/tasks.o

.debug_macinfo
 *(.debug_macinfo)

.debug_weaknames
 *(.debug_weaknames)

.debug_funcnames
 *(.debug_funcnames)

.debug_typenames
 *(.debug_typenames)

.debug_varnames
 *(.debug_varnames)

.debug_pubtypes
 *(.debug_pubtypes)

.debug_ranges   0x00000000      0xb18
 *(.debug_ranges)
 .debug_ranges  0x00000000       0x68 CommunicateProtocols/src/Modbus_rtu.o
 .debug_ranges  0x00000068       0x78 Datastructure/src/SerialBuffer.o
 .debug_ranges  0x000000e0       0x30 Sensors/src/DFRobotHighTemperatureSensor.o
 .debug_ranges  0x00000110       0x50 DeviceDriver/src/Adc.o
 .debug_ranges  0x00000160       0x38 DeviceDriver/src/Alarm.o
 .debug_ranges  0x00000198       0xc8 DeviceDriver/src/Char_LCD2004A.o
 .debug_ranges  0x00000260       0x48 DeviceDriver/src/Count_Sensor.o
 .debug_ranges  0x000002a8       0x98 DeviceDriver/src/Dev_Manager.o
 .debug_ranges  0x00000340       0x50 DeviceDriver/src/per_sec_timer.o
 .debug_ranges  0x00000390       0x88 DeviceDriver/src/RS485Driver.o
 .debug_ranges  0x00000418       0x18 DeviceDriver/src/Timer_Alarm.o
 .debug_ranges  0x00000430       0x98 DeviceDriver/src/UartDriver.o
 .debug_ranges  0x000004c8       0x10 DeviceDriver/src/Ubbr_Calculate.o
 .debug_ranges  0x000004d8       0x80 Eth_Udp/SRC/enc28j60.o
 .debug_ranges  0x00000558       0xb0 Eth_Udp/SRC/ip_arp_udp_tcp.o
 .debug_ranges  0x00000608       0x10 Eth_Udp/SRC/spi.o
 .debug_ranges  0x00000618       0x20 Eth_Udp/SRC/timeout.o
 .debug_ranges  0x00000638      0x1a8 main.o
 .debug_ranges  0x000007e0       0x28 RTOS/SRC/heap_1.o
 .debug_ranges  0x00000808       0x30 RTOS/SRC/list.o
 .debug_ranges  0x00000838       0x38 RTOS/SRC/port.o
 .debug_ranges  0x00000870       0xf8 RTOS/SRC/queue.o
 .debug_ranges  0x00000968      0x1b0 RTOS/SRC/tasks.o

.debug_macro
 *(.debug_macro)
OUTPUT(RTOS.elf elf32-avr)
LOAD linker stubs
