Archive member included to satisfy reference by file (symbol)

c:/program files (x86)/atmel/studio/7.0/toolchain/avr8/avr8-gnu-toolchain/bin/../lib/gcc/avr/5.4.0/../../../../avr/lib/avr51\libm.a(addsf3.o)
                              Sensors/src/DFRobotHighTemperatureSensor.o (__subsf3)
c:/program files (x86)/atmel/studio/7.0/toolchain/avr8/avr8-gnu-toolchain/bin/../lib/gcc/avr/5.4.0/../../../../avr/lib/avr51\libm.a(addsf3x.o)
                              c:/program files (x86)/atmel/studio/7.0/toolchain/avr8/avr8-gnu-toolchain/bin/../lib/gcc/avr/5.4.0/../../../../avr/lib/avr51\libm.a(addsf3.o) (__addsf3x)
c:/program files (x86)/atmel/studio/7.0/toolchain/avr8/avr8-gnu-toolchain/bin/../lib/gcc/avr/5.4.0/../../../../avr/lib/avr51\libm.a(cmpsf2.o)
                              Sensors/src/DFRobotHighTemperatureSensor.o (__nesf2)
c:/program files (x86)/atmel/studio/7.0/toolchain/avr8/avr8-gnu-toolchain/bin/../lib/gcc/avr/5.4.0/../../../../avr/lib/avr51\libm.a(divsf3.o)
                              Sensors/src/DFRobotHighTemperatureSensor.o (__divsf3)
c:/program files (x86)/atmel/studio/7.0/toolchain/avr8/avr8-gnu-toolchain/bin/../lib/gcc/avr/5.4.0/../../../../avr/lib/avr51\libm.a(divsf3x.o)
                              c:/program files (x86)/atmel/studio/7.0/toolchain/avr8/avr8-gnu-toolchain/bin/../lib/gcc/avr/5.4.0/../../../../avr/lib/avr51\libm.a(divsf3.o) (__divsf3x)
c:/program files (x86)/atmel/studio/7.0/toolchain/avr8/avr8-gnu-toolchain/bin/../lib/gcc/avr/5.4.0/../../../../avr/lib/avr51\libm.a(fixsfsi.o)
                              main.o (__fixsfsi)
c:/program files (x86)/atmel/studio/7.0/toolchain/avr8/avr8-gnu-toolchain/bin/../lib/gcc/avr/5.4.0/../../../../avr/lib/avr51\libm.a(fixunssfsi.o)
                              DeviceDriver/src/Ubbr_Calculate.o (__fixunssfsi)
c:/program files (x86)/atmel/studio/7.0/toolchain/avr8/avr8-gnu-toolchain/bin/../lib/gcc/avr/5.4.0/../../../../avr/lib/avr51\libm.a(floatsisf.o)
                              Sensors/src/DFRobotHighTemperatureSensor.o (__floatunsisf)
c:/program files (x86)/atmel/studio/7.0/toolchain/avr8/avr8-gnu-toolchain/bin/../lib/gcc/avr/5.4.0/../../../../avr/lib/avr51\libm.a(fp_cmp.o)
                              c:/program files (x86)/atmel/studio/7.0/toolchain/avr8/avr8-gnu-toolchain/bin/../lib/gcc/avr/5.4.0/../../../../avr/lib/avr51\libm.a(cmpsf2.o) (__fp_cmp)
c:/program files (x86)/atmel/studio/7.0/toolchain/avr8/avr8-gnu-toolchain/bin/../lib/gcc/avr/5.4.0/../../../../avr/lib/avr51\libm.a(fp_inf.o)
                              c:/program files (x86)/atmel/studio/7.0/toolchain/avr8/avr8-gnu-toolchain/bin/../lib/gcc/avr/5.4.0/../../../../avr/lib/avr51\libm.a(addsf3x.o) (__fp_inf)
c:/program files (x86)/atmel/studio/7.0/toolchain/avr8/avr8-gnu-toolchain/bin/../lib/gcc/avr/5.4.0/../../../../avr/lib/avr51\libm.a(fp_nan.o)
                              c:/program files (x86)/atmel/studio/7.0/toolchain/avr8/avr8-gnu-toolchain/bin/../lib/gcc/avr/5.4.0/../../../../avr/lib/avr51\libm.a(addsf3x.o) (__fp_nan)
c:/program files (x86)/atmel/studio/7.0/toolchain/avr8/avr8-gnu-toolchain/bin/../lib/gcc/avr/5.4.0/../../../../avr/lib/avr51\libm.a(fp_pscA.o)
                              c:/program files (x86)/atmel/studio/7.0/toolchain/avr8/avr8-gnu-toolchain/bin/../lib/gcc/avr/5.4.0/../../../../avr/lib/avr51\libm.a(addsf3x.o) (__fp_pscA)
c:/program files (x86)/atmel/studio/7.0/toolchain/avr8/avr8-gnu-toolchain/bin/../lib/gcc/avr/5.4.0/../../../../avr/lib/avr51\libm.a(fp_pscB.o)
                              c:/program files (x86)/atmel/studio/7.0/toolchain/avr8/avr8-gnu-toolchain/bin/../lib/gcc/avr/5.4.0/../../../../avr/lib/avr51\libm.a(addsf3x.o) (__fp_pscB)
c:/program files (x86)/atmel/studio/7.0/toolchain/avr8/avr8-gnu-toolchain/bin/../lib/gcc/avr/5.4.0/../../../../avr/lib/avr51\libm.a(fp_round.o)
                              c:/program files (x86)/atmel/studio/7.0/toolchain/avr8/avr8-gnu-toolchain/bin/../lib/gcc/avr/5.4.0/../../../../avr/lib/avr51\libm.a(addsf3.o) (__fp_round)
c:/program files (x86)/atmel/studio/7.0/toolchain/avr8/avr8-gnu-toolchain/bin/../lib/gcc/avr/5.4.0/../../../../avr/lib/avr51\libm.a(fp_split3.o)
                              c:/program files (x86)/atmel/studio/7.0/toolchain/avr8/avr8-gnu-toolchain/bin/../lib/gcc/avr/5.4.0/../../../../avr/lib/avr51\libm.a(addsf3x.o) (__fp_split3)
c:/program files (x86)/atmel/studio/7.0/toolchain/avr8/avr8-gnu-toolchain/bin/../lib/gcc/avr/5.4.0/../../../../avr/lib/avr51\libm.a(fp_zero.o)
                              c:/program files (x86)/atmel/studio/7.0/toolchain/avr8/avr8-gnu-toolchain/bin/../lib/gcc/avr/5.4.0/../../../../avr/lib/avr51\libm.a(addsf3x.o) (__fp_zero)
c:/program files (x86)/atmel/studio/7.0/toolchain/avr8/avr8-gnu-toolchain/bin/../lib/gcc/avr/5.4.0/../../../../avr/lib/avr51\libm.a(gesf2.o)
                              Sensors/src/DFRobotHighTemperatureSensor.o (__gtsf2)
[...]
Memory Configuration

Name             Origin             Length             Attributes
text             0x00000000         0x00020000         xr
data             0x00800100         0x0000ff00         rw !x
eeprom           0x00810000         0x00010000         rw !x
fuse             0x00820000         0x00000003         rw !x
lock             0x00830000         0x00000400         rw !x
signature        0x00840000         0x00000400         rw !x
user_signatures  0x00850000         0x00000400         rw !x
*default*        0x00000000         0xffffffff

Linker script and memory map

Address of section .data set to 0x800100
LOAD C:/Program Files (x86)/Atmel/Studio/7.0/Packs/atmel/ATmega_DFP/1.1.130/gcc/dev/atmega128a/avr51/crtatmega128a.o
LOAD CommunicateProtocols/src/Modbus_rtu.o
LOAD Datastructure/src/SerialBuffer.o
LOAD Sensors/src/DFRobotHighTemperatureSensor.o
LOAD DeviceDriver/src/Adc.o
LOAD DeviceDriver/src/Alarm.o
LOAD DeviceDriver/src/Char_LCD2004A.o
LOAD DeviceDriver/src/Count_Sensor.o
LOAD DeviceDriver/src/Dev_Manager.o
LOAD DeviceDriver/src/per_sec_timer.o
LOAD DeviceDriver/src/RS485Driver.o
LOAD DeviceDriver/src/Timer_Alarm.o
LOAD DeviceDriver/src/UartDriver.o
LOAD DeviceDriver/src/Ubbr_Calculate.o
LOAD Eth_Udp/SRC/enc28j60.o
LOAD Eth_Udp/SRC/ip_arp_udp_tcp.o
LOAD Eth_Udp/SRC/spi.o
LOAD Eth_Udp/SRC/timeout.o
LOAD main.o
LOAD MiddleWare/SRC/MiddleWare.o
LOAD RTOS/SRC/croutine.o
LOAD RTOS/SRC/event_groups.o
LOAD RTOS/SRC/heap_1.o
LOAD RTOS/SRC/list.o
LOAD RTOS/SRC/port.o
LOAD RTOS/SRC/queue.o
LOAD RTOS/SRC/tasks.o
LOAD RTOS/SRC/timers.o
START GROUP
LOAD c:/program files (x86)/atmel/studio/7.0/toolchain/avr8/avr8-gnu-toolchain/bin/../lib/gcc/avr/5.4.0/../../../../avr/lib/avr51\libm.a
END GROUP
LOAD c:/program files (x86)/atmel/studio/7.0/toolchain/avr8/avr8-gnu-toolchain/bin/../lib/gcc/avr/5.4.0/avr51\libgcc.a
LOAD c:/program files (x86)/atmel/studio/7.0/toolchain/avr8/avr8-gnu-toolchain/bin/../lib/gcc/avr/5.4.0/../../../../avr/lib/avr51\libm.a
START GROUP
LOAD c:/program files (x86)/atmel/studio/7.0/toolchain/avr8/avr8-gnu-toolchain/bin/../lib/gcc/avr/5.4.0/avr51\libgcc.a
LOAD c:/program files (x86)/atmel/studio/7.0/toolchain/avr8/avr8-gnu-toolchain/bin/../lib/gcc/avr/5.4.0/../../../../avr/lib/avr51\libm.a
LOAD c:/program files (x86)/atmel/studio/7.0/toolchain/avr8/avr8-gnu-toolchain/bin/../lib/gcc/avr/5.4.0/../../../../avr/lib/avr51\libc.a
LOAD C:/Program Files (x86)/Atmel/Studio/7.0/Packs/atmel/ATmega_DFP/1.1.130/gcc/dev/atmega128a/avr51\libatmega128a.a
END GROUP
                0x00020000                __TEXT_REGION_LENGTH__ = DEFINED (__TEXT_REGION_LENGTH__)?__TEXT_REGION_LENGTH__:0x20000
                0x0000ff00                __DATA_REGION_LENGTH__ = DEFINED (__DATA_REGION_LENGTH__)?__DATA_REGION_LENGTH__:0xff00
                0x00010000                __EEPROM_REGION_LENGTH__ = DEFINED (__EEPROM_REGION_LENGTH__)?__EEPROM_REGION_LENGTH__:0x10000
                [0x00000003]                __FUSE_REGION_LENGTH__ = DEFINED (__FUSE_REGION_LENGTH__)?__FUSE_REGION_LENGTH__:0x400
                0x00000400                __LOCK_REGION_LENGTH__ = DEFINED (__LOCK_REGION_LENGTH__)?__LOCK_REGION_LENGTH__:0x400
                0x00000400                __SIGNATURE_REGION_LENGTH__ = DEFINED (__SIGNATURE_REGION_LENGTH__)?__SIGNATURE_REGION_LENGTH__:0x400
                0x00000400                __USER_SIGNATURE_REGION_LENGTH__ = DEFINED (__USER_SIGNATURE_REGION_LENGTH__)?__USER_SIGNATURE_REGION_LENGTH__:0x400

.hash
 *(.hash)

.dynsym
 *(.dynsym)

.dynstr
 *(.dynstr)

.gnu.version
 *(.gnu.version)

.gnu.version_d
 *(.gnu.version_d)

.gnu.version_r
 *(.gnu.version_r)

.rel.init
 *(.rel.init)

.rela.init
 *(.rela.init)

.rel.text
 *(.rel.text)
 *(.rel.text.*)
 *(.rel.gnu.linkonce.t*)

.rela.text
 *(.rela.text)
 *(.rela.text.*)
 *(.rela.gnu.linkonce.t*)

.rel.fini
 *(.rel.fini)

.rela.fini
 *(.rela.fini)

.rel.rodata
 *(.rel.rodata)
 *(.rel.rodata.*)
 *(.rel.gnu.linkonce.r*)

.rela.rodata
 *(.rela.rodata)
 *(.rela.rodata.*)
 *(.rela.gnu.linkonce.r*)

.rel.data
 *(.rel.data)
 *(.rel.data.*)
 *(.rel.gnu.linkonce.d*)

.rela.data
 *(.rela.data)
 *(.rela.data.*)
 *(.rela.gnu.linkonce.d*)

.rel.ctors
 *(.rel.ctors)

.rela.ctors
 *(.rela.ctors)

.rel.dtors
 *(.rel.dtors)

.rela.dtors
 *(.rela.dtors)

.rel.got
 *(.rel.got)

.rela.got
 *(.rela.got)

.rel.bss
 *(.rel.bss)

.rela.bss
 *(.rela.bss)

.rel.plt
 *(.rel.plt)

.rela.plt
 *(.rela.plt)

.text           0x00000000     0x3992
 *(.vectors)
 .vectors       0x00000000       0x8c C:/Program Files (x86)/Atmel/Studio/7.0/Packs/atmel/ATmega_DFP/1.1.130/gcc/dev/atmega128a/avr51/crtatmega128a.o
                0x00000000                __vector_default
                0x00000000                __vectors
 *(.vectors)
 *(.progmem.gcc*)
                0x0000008c                . = ALIGN (0x2)
                0x0000008c                __trampolines_start = .
 *(.trampolines)
 .trampolines   0x0000008c        0x0 linker stubs
 *(.trampolines*)
                0x0000008c                __trampolines_end = .
 *libprintf_flt.a:*(.progmem.data)
 *libc.a:*(.progmem.data)
 *(.progmem*)
 .progmem.data._ZL8g_adTemp
                0x0000008c      0x142 main.o
 .progmem.data._ZL9g_alfVolt
                0x000001ce      0x284 main.o
                0x00000452                . = ALIGN (0x2)
 *(.jumptables)
 *(.jumptables*)
 *(.lowtext)
 *(.lowtext*)
                0x00000452                __ctors_start = .
 *(.ctors)
                0x00000452                __ctors_end = .
                0x00000452                __dtors_start = .
 *(.dtors)
                0x00000452                __dtors_end = .
 SORT(*)(.ctors)
 SORT(*)(.dtors)
 *(.init0)
 .init0         0x00000452        0x0 C:/Program Files (x86)/Atmel/Studio/7.0/Packs/atmel/ATmega_DFP/1.1.130/gcc/dev/atmega128a/avr51/crtatmega128a.o
                0x00000452                __init
 *(.init0)
 *(.init1)
 *(.init1)
 *(.init2)
 .init2         0x00000452        0xc C:/Program Files (x86)/Atmel/Studio/7.0/Packs/atmel/ATmega_DFP/1.1.130/gcc/dev/atmega128a/avr51/crtatmega128a.o
 *(.init2)
 *(.init3)
 *(.init3)
 *(.init4)
 .init4         0x0000045e       0x1a c:/program files (x86)/atmel/studio/7.0/toolchain/avr8/avr8-gnu-toolchain/bin/../lib/gcc/avr/5.4.0/avr51\libgcc.a(_copy_data.o)
                0x0000045e                __do_copy_data
 .init4         0x00000478       0x10 c:/program files (x86)/atmel/studio/7.0/toolchain/avr8/avr8-gnu-toolchain/bin/../lib/gcc/avr/5.4.0/avr51\libgcc.a(_clear_bss.o)
                0x00000478                __do_clear_bss
 *(.init4)
 *(.init5)
 *(.init5)
 *(.init6)
 *(.init6)
 *(.init7)
 *(.init7)
 *(.init8)
 *(.init8)
 *(.init9)
 .init9         0x00000488        0x8 C:/Program Files (x86)/Atmel/Studio/7.0/Packs/atmel/ATmega_DFP/1.1.130/gcc/dev/atmega128a/avr51/crtatmega128a.o
 *(.init9)
 *(.text)
 .text          0x00000490        0x2 C:/Program Files (x86)/Atmel/Studio/7.0/Packs/atmel/ATmega_DFP/1.1.130/gcc/dev/atmega128a/avr51/crtatmega128a.o
                0x00000490                __vector_22
                0x00000490                __vector_32
                0x00000490                __vector_34
                0x00000490                __vector_24
                0x00000490                __bad_interrupt
                0x00000490                __vector_6
                0x00000490                __vector_31
                0x00000490                __vector_3
                0x00000490                __vector_23
                0x00000490                __vector_25
                0x00000490                __vector_11
                0x00000490                __vector_13
                0x00000490                __vector_17
                0x00000490                __vector_19
                0x00000490                __vector_7
                0x00000490                __vector_27
                0x00000490                __vector_5
                0x00000490                __vector_33
                0x00000490                __vector_4
                0x00000490                __vector_2
                0x00000490                __vector_29
                0x00000490                __vector_8
                0x00000490                __vector_26
                0x00000490                __vector_14
                0x00000490                __vector_10
                0x00000490                __vector_16
                0x00000490                __vector_20
                0x00000492                . = ALIGN (0x2)
 *(.text.*)
 .text._Z5CRC16Phi
                0x00000492       0x38 CommunicateProtocols/src/Modbus_rtu.o
                0x00000492                _Z5CRC16Phi
 .text._Z13GetFunc04DataPcP17GetFunctionCode04Pi
                0x000004ca       0x3a CommunicateProtocols/src/Modbus_rtu.o
                0x000004ca                _Z13GetFunc04DataPcP17GetFunctionCode04Pi
 .text._Z13GetFunc05DataPcP17GetFunctionCode05
                0x00000504       0x32 CommunicateProtocols/src/Modbus_rtu.o
                0x00000504                _Z13GetFunc05DataPcP17GetFunctionCode05
 .text._Z13GetFucc10DataPcP17GetFunctionCode10Pi
                0x00000536       0x50 CommunicateProtocols/src/Modbus_rtu.o
                0x00000536                _Z13GetFucc10DataPcP17GetFunctionCode10Pi
 .text._Z18ResponseFucc10DataPcP22ResponseFunctionCode10
                0x00000586       0x32 CommunicateProtocols/src/Modbus_rtu.o
                0x00000586                _Z18ResponseFucc10DataPcP22ResponseFunctionCode10
 .text._Z16GetExceptionCodeP16RspExceptionCodecc
                0x000005b8       0x20 CommunicateProtocols/src/Modbus_rtu.o
                0x000005b8                _Z16GetExceptionCodeP16RspExceptionCodecc
 .text._ZN12SerialBufferC2EP11Dev_Manager8Dev_type
                0x000005d8       0x52 Datastructure/src/SerialBuffer.o
                0x000005d8                _ZN12SerialBufferC2EP11Dev_Manager8Dev_type
                0x000005d8                _ZN12SerialBufferC1EP11Dev_Manager8Dev_type
 .text._ZN12SerialBuffernwEj
                0x0000062a        0x4 Datastructure/src/SerialBuffer.o
                0x0000062a                _ZN12SerialBuffernwEj
 .text._ZN12SerialBuffer11SerialstoreEc
                0x0000062e       0x44 Datastructure/src/SerialBuffer.o
                0x0000062e                _ZN12SerialBuffer11SerialstoreEc
 .text._ZN12SerialBuffer11SerialWriteEPKci
                0x00000672       0x66 Datastructure/src/SerialBuffer.o
                0x00000672                _ZN12SerialBuffer11SerialWriteEPKci
 .text._ZN12SerialBuffer10SerialReadEv
                0x000006d8       0x5e Datastructure/src/SerialBuffer.o
                0x000006d8                _ZN12SerialBuffer10SerialReadEv
 .text._ZN12SerialBuffer15SerialAvailableEv
                0x00000736       0x16 Datastructure/src/SerialBuffer.o
                0x00000736                _ZN12SerialBuffer15SerialAvailableEv
 .text._ZN12SerialBuffer11SerialFlushEv
                0x0000074c       0x16 Datastructure/src/SerialBuffer.o
                0x0000074c                _ZN12SerialBuffer11SerialFlushEv
 .text._ZN20DeviceDriveInterFace13Device_WritesEPKc
                0x00000762        0x2 DeviceDriver/src/Adc.o
                0x00000762                _ZN20DeviceDriveInterFace13Device_WritesEPKc
 .text._ZN20DeviceDriveInterFace12Device_WriteEc
                0x00000764        0x2 DeviceDriver/src/Adc.o
                0x00000764                _ZN20DeviceDriveInterFace12Device_WriteEc
 .text._ZN20DeviceDriveInterFace11Stop_DeviceEv
                0x00000766        0x2 DeviceDriver/src/Adc.o
                0x00000766                _ZN20DeviceDriveInterFace11Stop_DeviceEv
 .text._ZN3Adc11Device_InitEv
                0x00000768        0xa DeviceDriver/src/Adc.o
                0x00000768                _ZN3Adc11Device_InitEv
 .text._ZN3Adc12Start_DeviceEh
                0x00000772       0x10 DeviceDriver/src/Adc.o
                0x00000772                _ZN3Adc12Start_DeviceEh
 .text._ZNK3Adc11Device_ReadEv
                0x00000782        0x6 DeviceDriver/src/Adc.o
                0x00000782                _ZNK3Adc11Device_ReadEv
 .text._ZN3AdcnwEj
                0x00000788        0x4 DeviceDriver/src/Adc.o
                0x00000788                _ZN3AdcnwEj
 .text.Alarm_Init
                0x0000078c       0x10 DeviceDriver/src/Alarm.o
                0x0000078c                Alarm_Init
 .text.Alarm_Stop
                0x0000079c        0x8 DeviceDriver/src/Alarm.o
                0x0000079c                Alarm_Stop
 .text.Alarm_Start
                0x000007a4        0x8 DeviceDriver/src/Alarm.o
                0x000007a4                Alarm_Start
 .text.Alarm_Open
                0x000007ac       0x1c DeviceDriver/src/Alarm.o
                0x000007ac                Alarm_Open
 .text.__vector_15
                0x000007c8       0x88 DeviceDriver/src/Alarm.o
                0x000007c8                __vector_15
 .text._ZNK20DeviceDriveInterFace11Device_ReadEv
                0x00000850        0x4 DeviceDriver/src/Char_LCD2004A.o
                0x00000850                _ZNK20DeviceDriveInterFace11Device_ReadEv
 .text._ZN20DeviceDriveInterFace12Start_DeviceEh
                0x00000854        0x2 DeviceDriver/src/Char_LCD2004A.o
                0x00000854                _ZN20DeviceDriveInterFace12Start_DeviceEh
 .text._ZN12Count_Sensor11Device_InitEv
                0x00000856       0x1e DeviceDriver/src/Count_Sensor.o
                0x00000856                _ZN12Count_Sensor11Device_InitEv
 .text._ZN12Count_SensornwEj
                0x00000874        0x4 DeviceDriver/src/Count_Sensor.o
                0x00000874                _ZN12Count_SensornwEj
 .text._ZN11Dev_ManagerC2Ev
                0x00000878       0x22 DeviceDriver/src/Dev_Manager.o
                0x00000878                _ZN11Dev_ManagerC2Ev
                0x00000878                _ZN11Dev_ManagerC1Ev
 .text._ZN11Dev_Manager11getInstanceEv
                0x0000089a       0x32 DeviceDriver/src/Dev_Manager.o
                0x0000089a                _ZN11Dev_Manager11getInstanceEv
 .text._ZN11Dev_Manager12Register_DevEP20DeviceDriveInterFace8Dev_type
                0x000008cc       0x10 DeviceDriver/src/Dev_Manager.o
                0x000008cc                _ZN11Dev_Manager12Register_DevEP20DeviceDriveInterFace8Dev_type
 .text._ZN11Dev_ManagernwEj
                0x000008dc        0x4 DeviceDriver/src/Dev_Manager.o
                0x000008dc                _ZN11Dev_ManagernwEj
 .text._ZN11Dev_Manager5WriteE8Dev_typec
                0x000008e0       0x24 DeviceDriver/src/Dev_Manager.o
                0x000008e0                _ZN11Dev_Manager5WriteE8Dev_typec
 .text._ZN11Dev_Manager6WritesE8Dev_typePKc
                0x00000904       0x24 DeviceDriver/src/Dev_Manager.o
                0x00000904                _ZN11Dev_Manager6WritesE8Dev_typePKc
 .text._ZN11Dev_Manager11Device_InitE8Dev_type
                0x00000928       0x22 DeviceDriver/src/Dev_Manager.o
                0x00000928                _ZN11Dev_Manager11Device_InitE8Dev_type
 .text._ZN11Dev_Manager11Open_HandleE8Dev_typePFvS0_jE
                0x0000094a       0x18 DeviceDriver/src/Dev_Manager.o
                0x0000094a                _ZN11Dev_Manager11Open_HandleE8Dev_typePFvS0_jE
 .text._ZN11Dev_Manager12Driver_CheckE8Dev_type
                0x00000962       0x18 DeviceDriver/src/Dev_Manager.o
                0x00000962                _ZN11Dev_Manager12Driver_CheckE8Dev_type
 .text._ZNK11Dev_Manager16getInterfaceAddrE8Dev_type
                0x0000097a       0x10 DeviceDriver/src/Dev_Manager.o
                0x0000097a                _ZNK11Dev_Manager16getInterfaceAddrE8Dev_type
 .text.__vector_18
                0x0000098a       0x60 DeviceDriver/src/Dev_Manager.o
                0x0000098a                __vector_18
 .text.__vector_30
                0x000009ea       0x62 DeviceDriver/src/Dev_Manager.o
                0x000009ea                __vector_30
 .text.__vector_28
                0x00000a4c       0x60 DeviceDriver/src/Dev_Manager.o
                0x00000a4c                __vector_28
 .text.__vector_1
                0x00000aac       0x60 DeviceDriver/src/Dev_Manager.o
                0x00000aac                __vector_1
 .text.__vector_21
                0x00000b0c       0x6a DeviceDriver/src/Dev_Manager.o
                0x00000b0c                __vector_21
 .text._ZN5Timer11Device_InitEv
                0x00000b76       0x20 DeviceDriver/src/per_sec_timer.o
                0x00000b76                _ZN5Timer11Device_InitEv
 .text._ZN5TimerC2Ev
                0x00000b96        0xc DeviceDriver/src/per_sec_timer.o
                0x00000b96                _ZN5TimerC2Ev
                0x00000b96                _ZN5TimerC1Ev
 .text._ZN5TimernwEj
                0x00000ba2        0x4 DeviceDriver/src/per_sec_timer.o
                0x00000ba2                _ZN5TimernwEj
 .text._ZN11RS485Driver11Device_InitEv
                0x00000ba6       0x42 DeviceDriver/src/RS485Driver.o
                0x00000ba6                _ZN11RS485Driver11Device_InitEv
 .text._ZN11RS485DriverC2Ev
                0x00000be8       0x28 DeviceDriver/src/RS485Driver.o
                0x00000be8                _ZN11RS485DriverC1Ev
                0x00000be8                _ZN11RS485DriverC2Ev
 .text._ZN11RS485DrivernwEj
                0x00000c10        0x4 DeviceDriver/src/RS485Driver.o
                0x00000c10                _ZN11RS485DrivernwEj
 .text._ZN11RS485Driver12UART_PutcharEc
                0x00000c14       0x4c DeviceDriver/src/RS485Driver.o
                0x00000c14                _ZN11RS485Driver12UART_PutcharEc
 .text._ZN11RS485Driver12Device_WriteEc
                0x00000c60        0x2 DeviceDriver/src/RS485Driver.o
                0x00000c60                _ZN11RS485Driver12Device_WriteEc
 .text._ZN11RS485Driver14UART_PutStringEPKc
                0x00000c62       0x64 DeviceDriver/src/RS485Driver.o
                0x00000c62                _ZN11RS485Driver14UART_PutStringEPKc
 .text._ZN11RS485Driver13Device_WritesEPKc
                0x00000cc6        0x2 DeviceDriver/src/RS485Driver.o
                0x00000cc6                _ZN11RS485Driver13Device_WritesEPKc
 .text.__vector_9
                0x00000cc8       0x3a DeviceDriver/src/Timer_Alarm.o
                0x00000cc8                __vector_9
 .text._ZN10UartDriver11Device_InitEv
                0x00000d02       0x3a DeviceDriver/src/UartDriver.o
                0x00000d02                _ZN10UartDriver11Device_InitEv
 .text._ZN10UartDriverC2Ev
                0x00000d3c       0x28 DeviceDriver/src/UartDriver.o
                0x00000d3c                _ZN10UartDriverC2Ev
                0x00000d3c                _ZN10UartDriverC1Ev
 .text._ZN10UartDrivernwEj
                0x00000d64        0x4 DeviceDriver/src/UartDriver.o
                0x00000d64                _ZN10UartDrivernwEj
 .text._ZN10UartDriver12UART_PutcharEc
                0x00000d68       0x46 DeviceDriver/src/UartDriver.o
                0x00000d68                _ZN10UartDriver12UART_PutcharEc
 .text._ZN10UartDriver12Device_WriteEc
                0x00000dae        0x2 DeviceDriver/src/UartDriver.o
                0x00000dae                _ZN10UartDriver12Device_WriteEc
 .text._ZN10UartDriver14UART_PutStringEPKc
                0x00000db0       0x64 DeviceDriver/src/UartDriver.o
                0x00000db0                _ZN10UartDriver14UART_PutStringEPKc
 .text._ZN10UartDriver13Device_WritesEPKc
                0x00000e14        0x2 DeviceDriver/src/UartDriver.o
                0x00000e14                _ZN10UartDriver13Device_WritesEPKc
 .text._ZN4Ubbr10Ubbr_ValueERKj
                0x00000e16       0x7a DeviceDriver/src/Ubbr_Calculate.o
                0x00000e16                _ZN4Ubbr10Ubbr_ValueERKj
 .text._Z14enc28j60ReadOphh
                0x00000e90       0x26 Eth_Udp/SRC/enc28j60.o
                0x00000e90                _Z14enc28j60ReadOphh
 .text._Z15enc28j60WriteOphhh
                0x00000eb6       0x16 Eth_Udp/SRC/enc28j60.o
                0x00000eb6                _Z15enc28j60WriteOphhh
 .text._Z18enc28j60ReadBufferjPh
                0x00000ecc       0x28 Eth_Udp/SRC/enc28j60.o
                0x00000ecc                _Z18enc28j60ReadBufferjPh
 .text._Z19enc28j60WriteBufferjPh
                0x00000ef4       0x26 Eth_Udp/SRC/enc28j60.o
                0x00000ef4                _Z19enc28j60WriteBufferjPh
 .text._Z15enc28j60SetBankh
                0x00000f1a       0x40 Eth_Udp/SRC/enc28j60.o
                0x00000f1a                _Z15enc28j60SetBankh
 .text._Z12enc28j60Readh
                0x00000f5a        0xe Eth_Udp/SRC/enc28j60.o
                0x00000f5a                _Z12enc28j60Readh
 .text._Z13enc28j60Writehh
                0x00000f68       0x16 Eth_Udp/SRC/enc28j60.o
                0x00000f68                _Z13enc28j60Writehh
 .text._Z16enc28j60PhyWritehj
                0x00000f7e       0x30 Eth_Udp/SRC/enc28j60.o
                0x00000f7e                _Z16enc28j60PhyWritehj
 .text._Z14enc28j60clkouth
                0x00000fae        0x8 Eth_Udp/SRC/enc28j60.o
                0x00000fae                _Z14enc28j60clkouth
 .text._Z12enc28j60InitPh
                0x00000fb6       0xf2 Eth_Udp/SRC/enc28j60.o
                0x00000fb6                _Z12enc28j60InitPh
 .text._Z18enc28j60PacketSendjPh
                0x000010a8       0x64 Eth_Udp/SRC/enc28j60.o
                0x000010a8                _Z18enc28j60PacketSendjPh
 .text._Z21enc28j60PacketReceivejPh
                0x0000110c       0xc4 Eth_Udp/SRC/enc28j60.o
                0x0000110c                _Z21enc28j60PacketReceivejPh
 .text._Z8checksumPhjh
                0x000011d0       0xb6 Eth_Udp/SRC/ip_arp_udp_tcp.o
                0x000011d0                _Z8checksumPhjh
 .text._Z19init_ip_arp_udp_tcpPhS_h
                0x00001286       0x2a Eth_Udp/SRC/ip_arp_udp_tcp.o
                0x00001286                _Z19init_ip_arp_udp_tcpPhS_h
 .text._Z25eth_type_is_arp_and_my_ipPhj
                0x000012b0       0x32 Eth_Udp/SRC/ip_arp_udp_tcp.o
                0x000012b0                _Z25eth_type_is_arp_and_my_ipPhj
 .text._Z24eth_type_is_ip_and_my_ipPhj
                0x000012e2       0x42 Eth_Udp/SRC/ip_arp_udp_tcp.o
                0x000012e2                _Z24eth_type_is_ip_and_my_ipPhj
 .text._Z8make_ethPh
                0x00001324       0x18 Eth_Udp/SRC/ip_arp_udp_tcp.o
                0x00001324                _Z8make_ethPh
 .text._Z20fill_ip_hdr_checksumPh
                0x0000133c       0x28 Eth_Udp/SRC/ip_arp_udp_tcp.o
                0x0000133c                _Z20fill_ip_hdr_checksumPh
 .text._Z7make_ipPh
                0x00001364       0x1e Eth_Udp/SRC/ip_arp_udp_tcp.o
                0x00001364                _Z7make_ipPh
 .text._Z28make_arp_answer_from_requestPh
                0x00001382       0x58 Eth_Udp/SRC/ip_arp_udp_tcp.o
                0x00001382                _Z28make_arp_answer_from_requestPh
 .text._Z28make_echo_reply_from_requestPhj
                0x000013da       0x32 Eth_Udp/SRC/ip_arp_udp_tcp.o
                0x000013da                _Z28make_echo_reply_from_requestPhj
 .text._Z27make_udp_reply_from_requestPhPchj
                0x0000140c       0x88 Eth_Udp/SRC/ip_arp_udp_tcp.o
                0x0000140c                _Z27make_udp_reply_from_requestPhPchj
 .text._Z8spi_initv
                0x00001494       0x14 Eth_Udp/SRC/spi.o
                0x00001494                _Z8spi_initv
 .text._Z8delay_msj
                0x000014a8       0x16 Eth_Udp/SRC/timeout.o
                0x000014a8                _Z8delay_msj
 .text._Z9Timer_ISR8Dev_typej
                0x000014be       0x4e main.o
                0x000014be                _Z9Timer_ISR8Dev_typej
 .text._Z7ADC_ISR8Dev_typej
                0x0000150c        0x2 main.o
                0x0000150c                _Z7ADC_ISR8Dev_typej
 .text._Z9Set_Alarmv
                0x0000150e       0x10 main.o
                0x0000150e                _Z9Set_Alarmv
 .text._ZL5proc2Pv
                0x0000151e      0x3b4 main.o
 .text._ZL5proc1Pv
                0x000018d2      0x1c2 main.o
 .text._ZL4procPv
                0x00001a94      0x388 main.o
 .text._Z8Uart_ISR8Dev_typej
                0x00001e1c       0x10 main.o
                0x00001e1c                _Z8Uart_ISR8Dev_typej
 .text._Z9RS485_ISR8Dev_typej
                0x00001e2c       0x10 main.o
                0x00001e2c                _Z9RS485_ISR8Dev_typej
 .text._Z16Count_Sensor_ISR8Dev_typej
                0x00001e3c        0xe main.o
                0x00001e3c                _Z16Count_Sensor_ISR8Dev_typej
 .text._Z8Init_Devv
                0x00001e4a      0x132 main.o
                0x00001e4a                _Z8Init_Devv
 .text.startup.main
                0x00001f7c      0x18c main.o
                0x00001f7c                main
 .text._Z9fnCalTempf
                0x00002108      0x14a main.o
                0x00002108                _Z9fnCalTempf
 .text._ZL5proc3Pv
                0x00002252       0xca main.o
 .text.pvPortMalloc
                0x0000231c       0x60 RTOS/SRC/heap_1.o
                0x0000231c                pvPortMalloc
 .text.vPortFree
                0x0000237c        0x2 RTOS/SRC/heap_1.o
                0x0000237c                vPortFree
 .text.vListInitialise
                0x0000237e       0x1c RTOS/SRC/list.o
                0x0000237e                vListInitialise
 .text.vListInitialiseItem
                0x0000239a        0x8 RTOS/SRC/list.o
                0x0000239a                vListInitialiseItem
 .text.vListInsertEnd
                0x000023a2       0x42 RTOS/SRC/list.o
                0x000023a2                vListInsertEnd
 .text.vListInsert
                0x000023e4       0x70 RTOS/SRC/list.o
                0x000023e4                vListInsert
 .text.uxListRemove
                0x00002454       0x46 RTOS/SRC/list.o
                0x00002454                uxListRemove
 .text.pxPortInitialiseStack
                0x0000249a       0xd8 RTOS/SRC/port.o
                0x0000249a                pxPortInitialiseStack
 .text.xPortStartScheduler
                0x00002572       0x6a RTOS/SRC/port.o
                0x00002572                xPortStartScheduler
 .text.vPortYield
                0x000025dc       0xb0 RTOS/SRC/port.o
                0x000025dc                vPortYield
 .text.vPortYieldFromTick
                0x0000268c       0xb4 RTOS/SRC/port.o
                0x0000268c                vPortYieldFromTick
 .text.__vector_12
                0x00002740        0x4 RTOS/SRC/port.o
                0x00002740                __vector_12
 .text.prvCopyDataToQueue
                0x00002744       0xa4 RTOS/SRC/queue.o
 .text.prvCopyDataFromQueue
                0x000027e8       0x34 RTOS/SRC/queue.o
 .text.prvUnlockQueue
                0x0000281c       0x74 RTOS/SRC/queue.o
 .text.xQueueGenericReset
                0x00002890       0x6c RTOS/SRC/queue.o
                0x00002890                xQueueGenericReset
 .text.xQueueGenericCreate
                0x000028fc       0x4c RTOS/SRC/queue.o
                0x000028fc                xQueueGenericCreate
 .text.xQueueGenericSend
                0x00002948      0x110 RTOS/SRC/queue.o
                0x00002948                xQueueGenericSend
 .text.xQueueCreateMutex
                0x00002a58       0x30 RTOS/SRC/queue.o
                0x00002a58                xQueueCreateMutex
 .text.xQueueGenericReceive
                0x00002a88      0x166 RTOS/SRC/queue.o
                0x00002a88                xQueueGenericReceive
 .text.prvResetNextTaskUnblockTime
                0x00002bee       0x36 RTOS/SRC/tasks.o
 .text.prvAddCurrentTaskToDelayedList
                0x00002c24       0xb0 RTOS/SRC/tasks.o
 .text.xTaskCreate
                0x00002cd4      0x1e4 RTOS/SRC/tasks.o
                0x00002cd4                xTaskCreate
 .text.vTaskStartScheduler
                0x00002eb8       0x50 RTOS/SRC/tasks.o
                0x00002eb8                vTaskStartScheduler
 .text.vTaskSuspendAll
                0x00002f08        0xc RTOS/SRC/tasks.o
                0x00002f08                vTaskSuspendAll
 .text.xTaskIncrementTick
                0x00002f14      0x150 RTOS/SRC/tasks.o
                0x00002f14                xTaskIncrementTick
 .text.xTaskResumeAll
                0x00003064       0xd2 RTOS/SRC/tasks.o
                0x00003064                xTaskResumeAll
 .text.vTaskDelay
                0x00003136       0x22 RTOS/SRC/tasks.o
                0x00003136                vTaskDelay
 .text.prvIdleTask
                0x00003158       0x5c RTOS/SRC/tasks.o
 .text.vTaskSwitchContext
                0x000031b4       0x86 RTOS/SRC/tasks.o
                0x000031b4                vTaskSwitchContext
 .text.vTaskPlaceOnEventList
                0x0000323a       0x1e RTOS/SRC/tasks.o
                0x0000323a                vTaskPlaceOnEventList
 .text.xTaskRemoveFromEventList
                0x00003258       0x7a RTOS/SRC/tasks.o
                0x00003258                xTaskRemoveFromEventList
 .text.vTaskSetTimeOutState
                0x000032d2       0x16 RTOS/SRC/tasks.o
                0x000032d2                vTaskSetTimeOutState
 .text.xTaskCheckForTimeOut
                0x000032e8       0x62 RTOS/SRC/tasks.o
                0x000032e8                xTaskCheckForTimeOut
 .text.vTaskMissedYield
                0x0000334a        0x8 RTOS/SRC/tasks.o
                0x0000334a                vTaskMissedYield
 .text.vTaskPriorityInherit
                0x00003352       0xb0 RTOS/SRC/tasks.o
                0x00003352                vTaskPriorityInherit
 .text.xTaskPriorityDisinherit
                0x00003402       0x72 RTOS/SRC/tasks.o
                0x00003402                xTaskPriorityDisinherit
 .text.pvTaskIncrementMutexHeldCount
                0x00003474       0x24 RTOS/SRC/tasks.o
                0x00003474                pvTaskIncrementMutexHeldCount
 .text.avr-libc.fplib
                0x00003498        0xa c:/program files (x86)/atmel/studio/7.0/toolchain/avr8/avr8-gnu-toolchain/bin/../lib/gcc/avr/5.4.0/../../../../avr/lib/avr51\libm.a(addsf3.o)
                0x00003498                __subsf3
                0x0000349a                __addsf3
 .text.avr-libc.fplib
                0x000034a2       0xc0 c:/program files (x86)/atmel/studio/7.0/toolchain/avr8/avr8-gnu-toolchain/bin/../lib/gcc/avr/5.4.0/../../../../avr/lib/avr51\libm.a(addsf3x.o)
                0x000034bc                __addsf3x
 .text.avr-libc.fplib
                0x00003562        0x4 c:/program files (x86)/atmel/studio/7.0/toolchain/avr8/avr8-gnu-toolchain/bin/../lib/gcc/avr/5.4.0/../../../../avr/lib/avr51\libm.a(divsf3.o)
                0x00003562                __divsf3
 .text.avr-libc.fplib
                0x00003566       0xcc c:/program files (x86)/atmel/studio/7.0/toolchain/avr8/avr8-gnu-toolchain/bin/../lib/gcc/avr/5.4.0/../../../../avr/lib/avr51\libm.a(divsf3x.o)
                0x0000357c                __divsf3x
                0x00003580                __divsf3_pse
 .text.avr-libc.fplib
                0x00003632        0xa c:/program files (x86)/atmel/studio/7.0/toolchain/avr8/avr8-gnu-toolchain/bin/../lib/gcc/avr/5.4.0/../../../../avr/lib/avr51\libm.a(fixsfsi.o)
                0x00003632                __fixsfsi
 .text.avr-libc.fplib
                0x0000363c       0x58 c:/program files (x86)/atmel/studio/7.0/toolchain/avr8/avr8-gnu-toolchain/bin/../lib/gcc/avr/5.4.0/../../../../avr/lib/avr51\libm.a(fixunssfsi.o)
                0x0000363c                __fixunssfsi
 .text.avr-libc.fplib
                0x00003694       0x7a c:/program files (x86)/atmel/studio/7.0/toolchain/avr8/avr8-gnu-toolchain/bin/../lib/gcc/avr/5.4.0/../../../../avr/lib/avr51\libm.a(floatsisf.o)
                0x00003694                __floatunsisf
                0x00003698                __floatsisf
 .text.avr-libc.fplib
                0x0000370e       0x48 c:/program files (x86)/atmel/studio/7.0/toolchain/avr8/avr8-gnu-toolchain/bin/../lib/gcc/avr/5.4.0/../../../../avr/lib/avr51\libm.a(fp_cmp.o)
                0x0000370e                __fp_cmp
 .text.avr-libc.fplib
                0x00003756        0xc c:/program files (x86)/atmel/studio/7.0/toolchain/avr8/avr8-gnu-toolchain/bin/../lib/gcc/avr/5.4.0/../../../../avr/lib/avr51\libm.a(fp_inf.o)
                0x00003756                __fp_inf
 .text.avr-libc.fplib
                0x00003762        0x6 c:/program files (x86)/atmel/studio/7.0/toolchain/avr8/avr8-gnu-toolchain/bin/../lib/gcc/avr/5.4.0/../../../../avr/lib/avr51\libm.a(fp_nan.o)
                0x00003762                __fp_nan
 .text.avr-libc.fplib
                0x00003768        0xe c:/program files (x86)/atmel/studio/7.0/toolchain/avr8/avr8-gnu-toolchain/bin/../lib/gcc/avr/5.4.0/../../../../avr/lib/avr51\libm.a(fp_pscA.o)
                0x00003768                __fp_pscA
 .text.avr-libc.fplib
                0x00003776        0xe c:/program files (x86)/atmel/studio/7.0/toolchain/avr8/avr8-gnu-toolchain/bin/../lib/gcc/avr/5.4.0/../../../../avr/lib/avr51\libm.a(fp_pscB.o)
                0x00003776                __fp_pscB
 .text.avr-libc.fplib
                0x00003784       0x22 c:/program files (x86)/atmel/studio/7.0/toolchain/avr8/avr8-gnu-toolchain/bin/../lib/gcc/avr/5.4.0/../../../../avr/lib/avr51\libm.a(fp_round.o)
                0x00003784                __fp_round
 .text.avr-libc.fplib
                0x000037a6       0x44 c:/program files (x86)/atmel/studio/7.0/toolchain/avr8/avr8-gnu-toolchain/bin/../lib/gcc/avr/5.4.0/../../../../avr/lib/avr51\libm.a(fp_split3.o)
                0x000037a6                __fp_split3
                0x000037b6                __fp_splitA
 .text.avr-libc.fplib
                0x000037ea        0xe c:/program files (x86)/atmel/studio/7.0/toolchain/avr8/avr8-gnu-toolchain/bin/../lib/gcc/avr/5.4.0/../../../../avr/lib/avr51\libm.a(fp_zero.o)
                0x000037ea                __fp_zero
                0x000037ec                __fp_szero
 .text.avr-libc.fplib
                0x000037f8        0x8 c:/program files (x86)/atmel/studio/7.0/toolchain/avr8/avr8-gnu-toolchain/bin/../lib/gcc/avr/5.4.0/../../../../avr/lib/avr51\libm.a(gesf2.o)
                0x000037f8                __gesf2
                0x000037f8                __gtsf2
 .text.avr-libc.fplib
                0x00003800        0x4 c:/program files (x86)/atmel/studio/7.0/toolchain/avr8/avr8-gnu-toolchain/bin/../lib/gcc/avr/5.4.0/../../../../avr/lib/avr51\libm.a(mulsf3.o)
                0x00003800                __mulsf3
 .text.avr-libc.fplib
                0x00003804       0xc2 c:/program files (x86)/atmel/studio/7.0/toolchain/avr8/avr8-gnu-toolchain/bin/../lib/gcc/avr/5.4.0/../../../../avr/lib/avr51\libm.a(mulsf3x.o)
                0x00003818                __mulsf3x
                0x0000381c                __mulsf3_pse
 .text.libgcc.div
                0x000038c6       0x18 c:/program files (x86)/atmel/studio/7.0/toolchain/avr8/avr8-gnu-toolchain/bin/../lib/gcc/avr/5.4.0/avr51\libgcc.a(_udivmodqi4.o)
                0x000038c6                __udivmodqi4
 .text.libgcc.div
                0x000038de       0x28 c:/program files (x86)/atmel/studio/7.0/toolchain/avr8/avr8-gnu-toolchain/bin/../lib/gcc/avr/5.4.0/avr51\libgcc.a(_udivmodhi4.o)
                0x000038de                __udivmodhi4
 .text.libgcc.div
                0x00003906       0x44 c:/program files (x86)/atmel/studio/7.0/toolchain/avr8/avr8-gnu-toolchain/bin/../lib/gcc/avr/5.4.0/avr51\libgcc.a(_udivmodsi4.o)
                0x00003906                __udivmodsi4
 .text.avr-libc
                0x0000394a       0x12 c:/program files (x86)/atmel/studio/7.0/toolchain/avr8/avr8-gnu-toolchain/bin/../lib/gcc/avr/5.4.0/../../../../avr/lib/avr51\libc.a(memcpy.o)
                0x0000394a                memcpy
 .text.avr-libc
                0x0000395c       0x10 C:/Program Files (x86)/Atmel/Studio/7.0/Packs/atmel/ATmega_DFP/1.1.130/gcc/dev/atmega128a/avr51\libatmega128a.a(eerd_byte.o)
                0x0000395c                eeprom_read_byte
 .text.avr-libc
                0x0000396c       0x22 C:/Program Files (x86)/Atmel/Studio/7.0/Packs/atmel/ATmega_DFP/1.1.130/gcc/dev/atmega128a/avr51\libatmega128a.a(eeupd_byte.o)
                0x0000396c                eeprom_update_byte
                0x0000396e                eeprom_update_r18
                0x0000398e                . = ALIGN (0x2)
 *(.fini9)
 .fini9         0x0000398e        0x0 c:/program files (x86)/atmel/studio/7.0/toolchain/avr8/avr8-gnu-toolchain/bin/../lib/gcc/avr/5.4.0/avr51\libgcc.a(_exit.o)
                0x0000398e                _exit
                0x0000398e                exit
 *(.fini9)
 *(.fini8)
 *(.fini8)
 *(.fini7)
 *(.fini7)
 *(.fini6)
 *(.fini6)
 *(.fini5)
 *(.fini5)
 *(.fini4)
 *(.fini4)
 *(.fini3)
 *(.fini3)
 *(.fini2)
 *(.fini2)
 *(.fini1)
 *(.fini1)
 *(.fini0)
 .fini0         0x0000398e        0x4 c:/program files (x86)/atmel/studio/7.0/toolchain/avr8/avr8-gnu-toolchain/bin/../lib/gcc/avr/5.4.0/avr51\libgcc.a(_exit.o)
 *(.fini0)
                0x00003992                _etext = .

.data           0x00800100       0xbc load address 0x00003992
                0x00800100                PROVIDE (__data_start, .)
 *(.data)
 *(.data*)
 .data._ZL7wwwport
                0x00800100        0x1 Eth_Udp/SRC/ip_arp_udp_tcp.o
 .data._ZL5mymac
                0x00800101        0x6 main.o
 *(.rodata)
 *(.rodata*)
 .rodata._ZTV3Adc
                0x00800107       0x10 DeviceDriver/src/Adc.o
                0x00800107                _ZTV3Adc
 .rodata._ZTV12Count_Sensor
                0x00800117       0x10 DeviceDriver/src/Count_Sensor.o
                0x00800117                _ZTV12Count_Sensor
 .rodata._ZTV5Timer
                0x00800127       0x10 DeviceDriver/src/per_sec_timer.o
                0x00800127                _ZTV5Timer
 .rodata._ZTV11RS485Driver
                0x00800137       0x10 DeviceDriver/src/RS485Driver.o
                0x00800137                _ZTV11RS485Driver
 .rodata._ZTV10UartDriver
                0x00800147       0x10 DeviceDriver/src/UartDriver.o
                0x00800147                _ZTV10UartDriver
 .rodata.str1.1
                0x00800157       0x5f main.o
 .rodata.str1.1
                0x008001b6        0x5 RTOS/SRC/tasks.o
 *(.gnu.linkonce.d*)
                0x008001bc                . = ALIGN (0x2)
 *fill*         0x008001bb        0x1 
                0x008001bc                _edata = .
                0x008001bc                PROVIDE (__data_end, .)

.bss            0x008001bc      0xde6
                0x008001bc                PROVIDE (__bss_start, .)
 *(.bss)
 *(.bss*)
 .bss.AlarmTable
                0x008001bc       0x1e DeviceDriver/src/Alarm.o
                0x008001bc                AlarmTable
 .bss._ZN11Dev_Manager4instE
                0x008001da        0x2 DeviceDriver/src/Dev_Manager.o
                0x008001da                _ZN11Dev_Manager4instE
 .bss._ZN11RS485Driver4instE
                0x008001dc        0x2 DeviceDriver/src/RS485Driver.o
                0x008001dc                _ZN11RS485Driver4instE
 .bss._ZN10UartDriver4instE
                0x008001de        0x2 DeviceDriver/src/UartDriver.o
                0x008001de                _ZN10UartDriver4instE
 .bss._ZL13NextPacketPtr
                0x008001e0        0x2 Eth_Udp/SRC/enc28j60.o
 .bss._ZL12Enc28j60Bank
                0x008001e2        0x1 Eth_Udp/SRC/enc28j60.o
 .bss._ZL6ipaddr
                0x008001e3        0x4 Eth_Udp/SRC/ip_arp_udp_tcp.o
 .bss._ZL7macaddr
                0x008001e7        0x6 Eth_Udp/SRC/ip_arp_udp_tcp.o
 .bss._ZZL5proc2PvE4data
                0x008001ed       0x26 main.o
 .bss._ZL3buf   0x00800213       0x81 main.o
 .bss.Adc_channels
                0x00800294       0x10 main.o
                0x00800294                Adc_channels
 .bss._ZL4myip  0x008002a4        0x4 main.o
 .bss.cls_var   0x008002a8        0x1 main.o
                0x008002a8                cls_var
 .bss.lcd_cnt   0x008002a9        0x1 main.o
                0x008002a9                lcd_cnt
 .bss.chatter_flag
                0x008002aa        0x1 main.o
                0x008002aa                chatter_flag
 .bss.Ctl_LCD_Cursor
                0x008002ab        0x1 main.o
                0x008002ab                Ctl_LCD_Cursor
 .bss.cmp_mem   0x008002ac        0x4 main.o
                0x008002ac                cmp_mem
 .bss.current_cnt_mem
                0x008002b0       0x14 main.o
                0x008002b0                current_cnt_mem
 .bss.mem4      0x008002c4       0x72 main.o
                0x008002c4                mem4
 .bss.current_states_times
                0x00800336        0x4 main.o
                0x00800336                current_states_times
 .bss.current_states_lookup_table
                0x0080033a        0xa main.o
                0x0080033a                current_states_lookup_table
 .bss.current_pressure
                0x00800344        0x2 main.o
                0x00800344                current_pressure
 .bss.current_temp
                0x00800346        0x2 main.o
                0x00800346                current_temp
 .bss.count_number
                0x00800348        0x2 main.o
                0x00800348                count_number
 .bss.rsp10     0x0080034a        0x8 main.o
                0x0080034a                rsp10
 .bss.exception
                0x00800352        0x5 main.o
                0x00800352                exception
 .bss.func10    0x00800357        0xb main.o
                0x00800357                func10
 .bss.func04    0x00800362        0x7 main.o
                0x00800362                func04
 .bss.func05    0x00800369        0x8 main.o
                0x00800369                func05
 .bss.DataStruct
                0x00800371        0xa main.o
                0x00800371                DataStruct
 .bss.adc       0x0080037b        0x2 main.o
                0x0080037b                adc
 .bss.dev       0x0080037d        0x2 main.o
                0x0080037d                dev
 .bss._ZL8led_flag
                0x0080037f        0x1 main.o
 .bss.pucAlignedHeap.2069
                0x00800380        0x2 RTOS/SRC/heap_1.o
 .bss.xNextFreeByte
                0x00800382        0x2 RTOS/SRC/heap_1.o
 .bss.ucHeap    0x00800384      0xbb8 RTOS/SRC/heap_1.o
 .bss.uxSchedulerSuspended
                0x00800f3c        0x1 RTOS/SRC/tasks.o
 .bss.xIdleTaskHandle
                0x00800f3d        0x2 RTOS/SRC/tasks.o
 .bss.xNextTaskUnblockTime
                0x00800f3f        0x2 RTOS/SRC/tasks.o
 .bss.uxTaskNumber
                0x00800f41        0x1 RTOS/SRC/tasks.o
 .bss.xNumOfOverflows
                0x00800f42        0x1 RTOS/SRC/tasks.o
 .bss.xYieldPending
                0x00800f43        0x1 RTOS/SRC/tasks.o
 .bss.uxPendedTicks
                0x00800f44        0x1 RTOS/SRC/tasks.o
 .bss.xSchedulerRunning
                0x00800f45        0x1 RTOS/SRC/tasks.o
 .bss.uxTopReadyPriority
                0x00800f46        0x1 RTOS/SRC/tasks.o
 .bss.xTickCount
                0x00800f47        0x2 RTOS/SRC/tasks.o
 .bss.uxCurrentNumberOfTasks
                0x00800f49        0x1 RTOS/SRC/tasks.o
 .bss.xSuspendedTaskList
                0x00800f4a        0x9 RTOS/SRC/tasks.o
 .bss.uxDeletedTasksWaitingCleanUp
                0x00800f53        0x1 RTOS/SRC/tasks.o
 .bss.xTasksWaitingTermination
                0x00800f54        0x9 RTOS/SRC/tasks.o
 .bss.xPendingReadyList
                0x00800f5d        0x9 RTOS/SRC/tasks.o
 .bss.pxOverflowDelayedTaskList
                0x00800f66        0x2 RTOS/SRC/tasks.o
 .bss.pxDelayedTaskList
                0x00800f68        0x2 RTOS/SRC/tasks.o
 .bss.xDelayedTaskList2
                0x00800f6a        0x9 RTOS/SRC/tasks.o
 .bss.xDelayedTaskList1
                0x00800f73        0x9 RTOS/SRC/tasks.o
 .bss.pxReadyTasksLists
                0x00800f7c       0x24 RTOS/SRC/tasks.o
 .bss.pxCurrentTCB
                0x00800fa0        0x2 RTOS/SRC/tasks.o
                0x00800fa0                pxCurrentTCB
 *(COMMON)
                0x00800fa2                PROVIDE (__bss_end, .)
                0x00003992                __data_load_start = LOADADDR (.data)
                0x00003a4e                __data_load_end = (__data_load_start + SIZEOF (.data))

.noinit         0x00800fa2        0x0
                [!provide]                PROVIDE (__noinit_start, .)
 *(.noinit*)
                [!provide]                PROVIDE (__noinit_end, .)
                0x00800fa2                _end = .
                [!provide]                PROVIDE (__heap_start, .)

.eeprom         0x00810000        0x0
 *(.eeprom*)
                0x00810000                __eeprom_end = .

.fuse
 *(.fuse)
 *(.lfuse)
 *(.hfuse)
 *(.efuse)

.lock
 *(.lock*)

.signature
 *(.signature*)

.user_signatures
 *(.user_signatures*)

.stab
 *(.stab)

.stabstr
 *(.stabstr)

.stab.excl
 *(.stab.excl)

.stab.exclstr
 *(.stab.exclstr)

.stab.index
 *(.stab.index)

.stab.indexstr
 *(.stab.indexstr)

.comment        0x00000000       0x30
 *(.comment)
 .comment       0x00000000       0x30 CommunicateProtocols/src/Modbus_rtu.o
                                 0x31 (size before relaxing)
 .comment       0x00000030       0x31 Datastructure/src/SerialBuffer.o
 .comment       0x00000030       0x31 DeviceDriver/src/Adc.o
 .comment       0x00000030       0x31 DeviceDriver/src/Alarm.o
 .comment       0x00000030       0x31 DeviceDriver/src/Char_LCD2004A.o
 .comment       0x00000030       0x31 DeviceDriver/src/Count_Sensor.o
 .comment       0x00000030       0x31 DeviceDriver/src/Dev_Manager.o
 .comment       0x00000030       0x31 DeviceDriver/src/per_sec_timer.o
 .comment       0x00000030       0x31 DeviceDriver/src/RS485Driver.o
 .comment       0x00000030       0x31 DeviceDriver/src/Timer_Alarm.o
 .comment       0x00000030       0x31 DeviceDriver/src/UartDriver.o
 .comment       0x00000030       0x31 DeviceDriver/src/Ubbr_Calculate.o
 .comment       0x00000030       0x31 Eth_Udp/SRC/enc28j60.o
 .comment       0x00000030       0x31 Eth_Udp/SRC/ip_arp_udp_tcp.o
 .comment       0x00000030       0x31 Eth_Udp/SRC/spi.o
 .comment       0x00000030       0x31 Eth_Udp/SRC/timeout.o
 .comment       0x00000030       0x31 main.o
 .comment       0x00000030       0x31 RTOS/SRC/heap_1.o
 .comment       0x00000030       0x31 RTOS/SRC/list.o
 .comment       0x00000030       0x31 RTOS/SRC/port.o
 .comment       0x00000030       0x31 RTOS/SRC/queue.o
 .comment       0x00000030       0x31 RTOS/SRC/tasks.o

.note.gnu.avr.deviceinfo
                0x00000000       0x40
 .note.gnu.avr.deviceinfo
                0x00000000       0x40 C:/Program Files (x86)/Atmel/Studio/7.0/Packs/atmel/ATmega_DFP/1.1.130/gcc/dev/atmega128a/avr51/crtatmega128a.o

.note.gnu.build-id
 *(.note.gnu.build-id)

.debug
 *(.debug)

.line
 *(.line)

.debug_srcinfo
 *(.debug_srcinfo)

.debug_sfnames
 *(.debug_sfnames)

.debug_aranges  0x00000000      0xa78
 *(.debug_aranges)
 .debug_aranges
                0x00000000       0x78 CommunicateProtocols/src/Modbus_rtu.o
 .debug_aranges
                0x00000078       0x70 Datastructure/src/SerialBuffer.o
 .debug_aranges
                0x000000e8       0x60 DeviceDriver/src/Adc.o
 .debug_aranges
                0x00000148       0x48 DeviceDriver/src/Alarm.o
 .debug_aranges
                0x00000190       0xd8 DeviceDriver/src/Char_LCD2004A.o
 .debug_aranges
                0x00000268       0x58 DeviceDriver/src/Count_Sensor.o
 .debug_aranges
                0x000002c0       0xa8 DeviceDriver/src/Dev_Manager.o
 .debug_aranges
                0x00000368       0x60 DeviceDriver/src/per_sec_timer.o
 .debug_aranges
                0x000003c8       0x98 DeviceDriver/src/RS485Driver.o
 .debug_aranges
                0x00000460       0x28 DeviceDriver/src/Timer_Alarm.o
 .debug_aranges
                0x00000488       0xa8 DeviceDriver/src/UartDriver.o
 .debug_aranges
                0x00000530       0x20 DeviceDriver/src/Ubbr_Calculate.o
 .debug_aranges
                0x00000550       0x90 Eth_Udp/SRC/enc28j60.o
 .debug_aranges
                0x000005e0       0xa8 Eth_Udp/SRC/ip_arp_udp_tcp.o
 .debug_aranges
                0x00000688       0x20 Eth_Udp/SRC/spi.o
 .debug_aranges
                0x000006a8       0x30 Eth_Udp/SRC/timeout.o
 .debug_aranges
                0x000006d8       0xb0 main.o
 .debug_aranges
                0x00000788       0x38 RTOS/SRC/heap_1.o
 .debug_aranges
                0x000007c0       0x40 RTOS/SRC/list.o
 .debug_aranges
                0x00000800       0x48 RTOS/SRC/port.o
 .debug_aranges
                0x00000848       0xa8 RTOS/SRC/queue.o
 .debug_aranges
                0x000008f0      0x148 RTOS/SRC/tasks.o
 .debug_aranges
                0x00000a38       0x20 C:/Program Files (x86)/Atmel/Studio/7.0/Packs/atmel/ATmega_DFP/1.1.130/gcc/dev/atmega128a/avr51\libatmega128a.a(eerd_byte.o)
 .debug_aranges
                0x00000a58       0x20 C:/Program Files (x86)/Atmel/Studio/7.0/Packs/atmel/ATmega_DFP/1.1.130/gcc/dev/atmega128a/avr51\libatmega128a.a(eeupd_byte.o)

.debug_pubnames
 *(.debug_pubnames)

.debug_info     0x00000000     0xd903
 *(.debug_info .gnu.linkonce.wi.*)
 .debug_info    0x00000000      0x780 C:/Program Files (x86)/Atmel/Studio/7.0/Packs/atmel/ATmega_DFP/1.1.130/gcc/dev/atmega128a/avr51/crtatmega128a.o
 .debug_info    0x00000780      0x9d6 CommunicateProtocols/src/Modbus_rtu.o
 .debug_info    0x00001156      0x98c Datastructure/src/SerialBuffer.o
 .debug_info    0x00001ae2      0x577 DeviceDriver/src/Adc.o
 .debug_info    0x00002059      0x21d DeviceDriver/src/Alarm.o
 .debug_info    0x00002276      0xf71 DeviceDriver/src/Char_LCD2004A.o
 .debug_info    0x000031e7      0x4a5 DeviceDriver/src/Count_Sensor.o
 .debug_info    0x0000368c      0x81a DeviceDriver/src/Dev_Manager.o
 .debug_info    0x00003ea6      0x557 DeviceDriver/src/per_sec_timer.o
 .debug_info    0x000043fd      0xba6 DeviceDriver/src/RS485Driver.o
 .debug_info    0x00004fa3      0x126 DeviceDriver/src/Timer_Alarm.o
 .debug_info    0x000050c9      0xca6 DeviceDriver/src/UartDriver.o
 .debug_info    0x00005d6f      0x174 DeviceDriver/src/Ubbr_Calculate.o
 .debug_info    0x00005ee3      0xc0e Eth_Udp/SRC/enc28j60.o
 .debug_info    0x00006af1      0x9ab Eth_Udp/SRC/ip_arp_udp_tcp.o
 .debug_info    0x0000749c       0x86 Eth_Udp/SRC/spi.o
 .debug_info    0x00007522      0x1a7 Eth_Udp/SRC/timeout.o
 .debug_info    0x000076c9     0x2c05 main.o
 .debug_info    0x0000a2ce      0x1a4 RTOS/SRC/heap_1.o
 .debug_info    0x0000a472      0x2c7 RTOS/SRC/list.o
 .debug_info    0x0000a739      0x263 RTOS/SRC/port.o
 .debug_info    0x0000a99c     0x113d RTOS/SRC/queue.o
 .debug_info    0x0000bad9     0x1ccf RTOS/SRC/tasks.o
 .debug_info    0x0000d7a8       0xad C:/Program Files (x86)/Atmel/Studio/7.0/Packs/atmel/ATmega_DFP/1.1.130/gcc/dev/atmega128a/avr51\libatmega128a.a(eerd_byte.o)
 .debug_info    0x0000d855       0xae C:/Program Files (x86)/Atmel/Studio/7.0/Packs/atmel/ATmega_DFP/1.1.130/gcc/dev/atmega128a/avr51\libatmega128a.a(eeupd_byte.o)

.debug_abbrev   0x00000000     0x39e7
 *(.debug_abbrev)
 .debug_abbrev  0x00000000      0x718 C:/Program Files (x86)/Atmel/Studio/7.0/Packs/atmel/ATmega_DFP/1.1.130/gcc/dev/atmega128a/avr51/crtatmega128a.o
 .debug_abbrev  0x00000718      0x1d1 CommunicateProtocols/src/Modbus_rtu.o
 .debug_abbrev  0x000008e9      0x30b Datastructure/src/SerialBuffer.o
 .debug_abbrev  0x00000bf4      0x227 DeviceDriver/src/Adc.o
 .debug_abbrev  0x00000e1b      0x11e DeviceDriver/src/Alarm.o
 .debug_abbrev  0x00000f39      0x372 DeviceDriver/src/Char_LCD2004A.o
 .debug_abbrev  0x000012ab      0x1e4 DeviceDriver/src/Count_Sensor.o
 .debug_abbrev  0x0000148f      0x32d DeviceDriver/src/Dev_Manager.o
 .debug_abbrev  0x000017bc      0x245 DeviceDriver/src/per_sec_timer.o
 .debug_abbrev  0x00001a01      0x3f7 DeviceDriver/src/RS485Driver.o
 .debug_abbrev  0x00001df8       0xfe DeviceDriver/src/Timer_Alarm.o
 .debug_abbrev  0x00001ef6      0x460 DeviceDriver/src/UartDriver.o
 .debug_abbrev  0x00002356       0xe8 DeviceDriver/src/Ubbr_Calculate.o
 .debug_abbrev  0x0000243e      0x253 Eth_Udp/SRC/enc28j60.o
 .debug_abbrev  0x00002691      0x25b Eth_Udp/SRC/ip_arp_udp_tcp.o
 .debug_abbrev  0x000028ec       0x52 Eth_Udp/SRC/spi.o
 .debug_abbrev  0x0000293e      0x113 Eth_Udp/SRC/timeout.o
 .debug_abbrev  0x00002a51      0x63c main.o
 .debug_abbrev  0x0000308d      0x11c RTOS/SRC/heap_1.o
 .debug_abbrev  0x000031a9       0xf8 RTOS/SRC/list.o
 .debug_abbrev  0x000032a1      0x155 RTOS/SRC/port.o
 .debug_abbrev  0x000033f6      0x26d RTOS/SRC/queue.o
 .debug_abbrev  0x00003663      0x35c RTOS/SRC/tasks.o
 .debug_abbrev  0x000039bf       0x14 C:/Program Files (x86)/Atmel/Studio/7.0/Packs/atmel/ATmega_DFP/1.1.130/gcc/dev/atmega128a/avr51\libatmega128a.a(eerd_byte.o)
 .debug_abbrev  0x000039d3       0x14 C:/Program Files (x86)/Atmel/Studio/7.0/Packs/atmel/ATmega_DFP/1.1.130/gcc/dev/atmega128a/avr51\libatmega128a.a(eeupd_byte.o)

.debug_line     0x00000000     0x5b2a
 *(.debug_line .debug_line.* .debug_line_end)
 .debug_line    0x00000000      0x169 C:/Program Files (x86)/Atmel/Studio/7.0/Packs/atmel/ATmega_DFP/1.1.130/gcc/dev/atmega128a/avr51/crtatmega128a.o
 .debug_line    0x00000169      0x343 CommunicateProtocols/src/Modbus_rtu.o
 .debug_line    0x000004ac      0x3ad Datastructure/src/SerialBuffer.o
 .debug_line    0x00000859      0x238 DeviceDriver/src/Adc.o
 .debug_line    0x00000a91      0x186 DeviceDriver/src/Alarm.o
 .debug_line    0x00000c17      0x5de DeviceDriver/src/Char_LCD2004A.o
 .debug_line    0x000011f5      0x1cc DeviceDriver/src/Count_Sensor.o
 .debug_line    0x000013c1      0x34f DeviceDriver/src/Dev_Manager.o
 .debug_line    0x00001710      0x1de DeviceDriver/src/per_sec_timer.o
 .debug_line    0x000018ee      0x3b9 DeviceDriver/src/RS485Driver.o
 .debug_line    0x00001ca7       0xa4 DeviceDriver/src/Timer_Alarm.o
 .debug_line    0x00001d4b      0x402 DeviceDriver/src/UartDriver.o
 .debug_line    0x0000214d       0xf6 DeviceDriver/src/Ubbr_Calculate.o
 .debug_line    0x00002243      0x560 Eth_Udp/SRC/enc28j60.o
 .debug_line    0x000027a3      0x65f Eth_Udp/SRC/ip_arp_udp_tcp.o
 .debug_line    0x00002e02       0xca Eth_Udp/SRC/spi.o
 .debug_line    0x00002ecc      0x1c0 Eth_Udp/SRC/timeout.o
 .debug_line    0x0000308c      0xb75 main.o
 .debug_line    0x00003c01      0x1bb RTOS/SRC/heap_1.o
 .debug_line    0x00003dbc      0x1ed RTOS/SRC/list.o
 .debug_line    0x00003fa9      0x2a4 RTOS/SRC/port.o
 .debug_line    0x0000424d      0x83f RTOS/SRC/queue.o
 .debug_line    0x00004a8c      0xf74 RTOS/SRC/tasks.o
 .debug_line    0x00005a00       0x7a C:/Program Files (x86)/Atmel/Studio/7.0/Packs/atmel/ATmega_DFP/1.1.130/gcc/dev/atmega128a/avr51\libatmega128a.a(eerd_byte.o)
 .debug_line    0x00005a7a       0xb0 C:/Program Files (x86)/Atmel/Studio/7.0/Packs/atmel/ATmega_DFP/1.1.130/gcc/dev/atmega128a/avr51\libatmega128a.a(eeupd_byte.o)

.debug_frame    0x00000000     0x1bdc
 *(.debug_frame)
 .debug_frame   0x00000000      0x134 CommunicateProtocols/src/Modbus_rtu.o
 .debug_frame   0x00000134      0x180 Datastructure/src/SerialBuffer.o
 .debug_frame   0x000002b4       0xa4 DeviceDriver/src/Adc.o
 .debug_frame   0x00000358       0xc4 DeviceDriver/src/Alarm.o
 .debug_frame   0x0000041c      0x22c DeviceDriver/src/Char_LCD2004A.o
 .debug_frame   0x00000648       0x94 DeviceDriver/src/Count_Sensor.o
 .debug_frame   0x000006dc      0x2a8 DeviceDriver/src/Dev_Manager.o
 .debug_frame   0x00000984       0xa4 DeviceDriver/src/per_sec_timer.o
 .debug_frame   0x00000a28      0x15c DeviceDriver/src/RS485Driver.o
 .debug_frame   0x00000b84       0x54 DeviceDriver/src/Timer_Alarm.o
 .debug_frame   0x00000bd8      0x17c DeviceDriver/src/UartDriver.o
 .debug_frame   0x00000d54       0x44 DeviceDriver/src/Ubbr_Calculate.o
 .debug_frame   0x00000d98      0x18c Eth_Udp/SRC/enc28j60.o
 .debug_frame   0x00000f24      0x1d0 Eth_Udp/SRC/ip_arp_udp_tcp.o
 .debug_frame   0x000010f4       0x24 Eth_Udp/SRC/spi.o
 .debug_frame   0x00001118       0x44 Eth_Udp/SRC/timeout.o
 .debug_frame   0x0000115c      0x1fc main.o
 .debug_frame   0x00001358       0x60 RTOS/SRC/heap_1.o
 .debug_frame   0x000013b8       0x90 RTOS/SRC/list.o
 .debug_frame   0x00001448       0x74 RTOS/SRC/port.o
 .debug_frame   0x000014bc      0x258 RTOS/SRC/queue.o
 .debug_frame   0x00001714      0x4c8 RTOS/SRC/tasks.o

.debug_str      0x00000000     0x3b15
 *(.debug_str)
 .debug_str     0x00000000      0x27d C:/Program Files (x86)/Atmel/Studio/7.0/Packs/atmel/ATmega_DFP/1.1.130/gcc/dev/atmega128a/avr51/crtatmega128a.o
 .debug_str     0x0000027d      0x5d7 CommunicateProtocols/src/Modbus_rtu.o
                                0x656 (size before relaxing)
 .debug_str     0x00000854      0x552 Datastructure/src/SerialBuffer.o
                                0x747 (size before relaxing)
 .debug_str     0x00000da6      0x2bd DeviceDriver/src/Adc.o
                                0x4d6 (size before relaxing)
 .debug_str     0x00001063       0xd9 DeviceDriver/src/Alarm.o
                                0x2bd (size before relaxing)
 .debug_str     0x0000113c      0x4bb DeviceDriver/src/Char_LCD2004A.o
                                0x8e7 (size before relaxing)
 .debug_str     0x000015f7       0x96 DeviceDriver/src/Count_Sensor.o
                                0x4a5 (size before relaxing)
 .debug_str     0x0000168d       0xc1 DeviceDriver/src/Dev_Manager.o
                                0x597 (size before relaxing)
 .debug_str     0x0000174e       0x9f DeviceDriver/src/per_sec_timer.o
                                0x4ae (size before relaxing)
 .debug_str     0x000017ed      0x2c2 DeviceDriver/src/RS485Driver.o
                                0x715 (size before relaxing)
 .debug_str     0x00001aaf       0x7a DeviceDriver/src/Timer_Alarm.o
                                0x1fc (size before relaxing)
 .debug_str     0x00001b29      0x21b DeviceDriver/src/UartDriver.o
                                0x78f (size before relaxing)
 .debug_str     0x00001d44       0x3b DeviceDriver/src/Ubbr_Calculate.o
                                0x247 (size before relaxing)
 .debug_str     0x00001d7f      0x2cb Eth_Udp/SRC/enc28j60.o
                                0x4ab (size before relaxing)
 .debug_str     0x0000204a      0x3e5 Eth_Udp/SRC/ip_arp_udp_tcp.o
                                0x5df (size before relaxing)
 .debug_str     0x0000242f       0x17 Eth_Udp/SRC/spi.o
                                0x1b3 (size before relaxing)
 .debug_str     0x00002446       0x54 Eth_Udp/SRC/timeout.o
                                0x243 (size before relaxing)
 .debug_str     0x0000249a      0x719 main.o
                               0x1627 (size before relaxing)
 .debug_str     0x00002bb3      0x14c RTOS/SRC/heap_1.o
                                0x214 (size before relaxing)
 .debug_str     0x00002cff      0x13c RTOS/SRC/list.o
                                0x2a3 (size before relaxing)
 .debug_str     0x00002e3b      0x115 RTOS/SRC/port.o
                                0x29d (size before relaxing)
 .debug_str     0x00002f50      0x452 RTOS/SRC/queue.o
                                0x73b (size before relaxing)
 .debug_str     0x000033a2      0x773 RTOS/SRC/tasks.o
                                0xc64 (size before relaxing)

.debug_loc      0x00000000     0x8afb
 *(.debug_loc)
 .debug_loc     0x00000000      0x817 CommunicateProtocols/src/Modbus_rtu.o
 .debug_loc     0x00000817      0x8be Datastructure/src/SerialBuffer.o
 .debug_loc     0x000010d5       0xe1 DeviceDriver/src/Adc.o
 .debug_loc     0x000011b6      0x13b DeviceDriver/src/Alarm.o
 .debug_loc     0x000012f1      0xb96 DeviceDriver/src/Char_LCD2004A.o
 .debug_loc     0x00001e87       0x98 DeviceDriver/src/Count_Sensor.o
 .debug_loc     0x00001f1f      0x69c DeviceDriver/src/Dev_Manager.o
 .debug_loc     0x000025bb       0x98 DeviceDriver/src/per_sec_timer.o
 .debug_loc     0x00002653      0x481 DeviceDriver/src/RS485Driver.o
 .debug_loc     0x00002ad4       0x89 DeviceDriver/src/Timer_Alarm.o
 .debug_loc     0x00002b5d      0x481 DeviceDriver/src/UartDriver.o
 .debug_loc     0x00002fde      0x1ea DeviceDriver/src/Ubbr_Calculate.o
 .debug_loc     0x000031c8      0x6f3 Eth_Udp/SRC/enc28j60.o
 .debug_loc     0x000038bb      0xd60 Eth_Udp/SRC/ip_arp_udp_tcp.o
 .debug_loc     0x0000461b       0x9e Eth_Udp/SRC/timeout.o
 .debug_loc     0x000046b9      0xb5a main.o
 .debug_loc     0x00005213       0xd3 RTOS/SRC/heap_1.o
 .debug_loc     0x000052e6      0x1d7 RTOS/SRC/list.o
 .debug_loc     0x000054bd      0x2a0 RTOS/SRC/port.o
 .debug_loc     0x0000575d     0x13db RTOS/SRC/queue.o
 .debug_loc     0x00006b38     0x1fc3 RTOS/SRC/tasks.o

.debug_macinfo
 *(.debug_macinfo)

.debug_weaknames
 *(.debug_weaknames)

.debug_funcnames
 *(.debug_funcnames)

.debug_typenames
 *(.debug_typenames)

.debug_varnames
 *(.debug_varnames)

.debug_pubtypes
 *(.debug_pubtypes)

.debug_ranges   0x00000000      0xa68
 *(.debug_ranges)
 .debug_ranges  0x00000000       0x68 CommunicateProtocols/src/Modbus_rtu.o
 .debug_ranges  0x00000068       0x78 Datastructure/src/SerialBuffer.o
 .debug_ranges  0x000000e0       0x50 DeviceDriver/src/Adc.o
 .debug_ranges  0x00000130       0x38 DeviceDriver/src/Alarm.o
 .debug_ranges  0x00000168       0xc8 DeviceDriver/src/Char_LCD2004A.o
 .debug_ranges  0x00000230       0x48 DeviceDriver/src/Count_Sensor.o
 .debug_ranges  0x00000278       0x98 DeviceDriver/src/Dev_Manager.o
 .debug_ranges  0x00000310       0x50 DeviceDriver/src/per_sec_timer.o
 .debug_ranges  0x00000360       0xb8 DeviceDriver/src/RS485Driver.o
 .debug_ranges  0x00000418       0x18 DeviceDriver/src/Timer_Alarm.o
 .debug_ranges  0x00000430       0xc8 DeviceDriver/src/UartDriver.o
 .debug_ranges  0x000004f8       0x10 DeviceDriver/src/Ubbr_Calculate.o
 .debug_ranges  0x00000508       0x80 Eth_Udp/SRC/enc28j60.o
 .debug_ranges  0x00000588       0x98 Eth_Udp/SRC/ip_arp_udp_tcp.o
 .debug_ranges  0x00000620       0x10 Eth_Udp/SRC/spi.o
 .debug_ranges  0x00000630       0x20 Eth_Udp/SRC/timeout.o
 .debug_ranges  0x00000650      0x158 main.o
 .debug_ranges  0x000007a8       0x28 RTOS/SRC/heap_1.o
 .debug_ranges  0x000007d0       0x30 RTOS/SRC/list.o
 .debug_ranges  0x00000800       0x38 RTOS/SRC/port.o
 .debug_ranges  0x00000838       0x98 RTOS/SRC/queue.o
 .debug_ranges  0x000008d0      0x198 RTOS/SRC/tasks.o

.debug_macro
 *(.debug_macro)
OUTPUT(RTOS.elf elf32-avr)
LOAD linker stubs
