Archive member included to satisfy reference by file (symbol)

c:/program files (x86)/atmel/studio/7.0/toolchain/avr8/avr8-gnu-toolchain/bin/../lib/gcc/avr/5.4.0/../../../../avr/lib/avr51\libm.a(addsf3.o)
                              DeviceDriver/src/Ubbr_Calculate.o (__addsf3)
c:/program files (x86)/atmel/studio/7.0/toolchain/avr8/avr8-gnu-toolchain/bin/../lib/gcc/avr/5.4.0/../../../../avr/lib/avr51\libm.a(addsf3x.o)
                              c:/program files (x86)/atmel/studio/7.0/toolchain/avr8/avr8-gnu-toolchain/bin/../lib/gcc/avr/5.4.0/../../../../avr/lib/avr51\libm.a(addsf3.o) (__addsf3x)
c:/program files (x86)/atmel/studio/7.0/toolchain/avr8/avr8-gnu-toolchain/bin/../lib/gcc/avr/5.4.0/../../../../avr/lib/avr51\libm.a(fixunssfsi.o)
                              DeviceDriver/src/Ubbr_Calculate.o (__fixunssfsi)
c:/program files (x86)/atmel/studio/7.0/toolchain/avr8/avr8-gnu-toolchain/bin/../lib/gcc/avr/5.4.0/../../../../avr/lib/avr51\libm.a(floatsisf.o)
                              DeviceDriver/src/Ubbr_Calculate.o (__floatunsisf)
c:/program files (x86)/atmel/studio/7.0/toolchain/avr8/avr8-gnu-toolchain/bin/../lib/gcc/avr/5.4.0/../../../../avr/lib/avr51\libm.a(fp_inf.o)
                              c:/program files (x86)/atmel/studio/7.0/toolchain/avr8/avr8-gnu-toolchain/bin/../lib/gcc/avr/5.4.0/../../../../avr/lib/avr51\libm.a(addsf3x.o) (__fp_inf)
c:/program files (x86)/atmel/studio/7.0/toolchain/avr8/avr8-gnu-toolchain/bin/../lib/gcc/avr/5.4.0/../../../../avr/lib/avr51\libm.a(fp_nan.o)
                              c:/program files (x86)/atmel/studio/7.0/toolchain/avr8/avr8-gnu-toolchain/bin/../lib/gcc/avr/5.4.0/../../../../avr/lib/avr51\libm.a(addsf3x.o) (__fp_nan)
c:/program files (x86)/atmel/studio/7.0/toolchain/avr8/avr8-gnu-toolchain/bin/../lib/gcc/avr/5.4.0/../../../../avr/lib/avr51\libm.a(fp_pscA.o)
                              c:/program files (x86)/atmel/studio/7.0/toolchain/avr8/avr8-gnu-toolchain/bin/../lib/gcc/avr/5.4.0/../../../../avr/lib/avr51\libm.a(addsf3x.o) (__fp_pscA)
c:/program files (x86)/atmel/studio/7.0/toolchain/avr8/avr8-gnu-toolchain/bin/../lib/gcc/avr/5.4.0/../../../../avr/lib/avr51\libm.a(fp_pscB.o)
                              c:/program files (x86)/atmel/studio/7.0/toolchain/avr8/avr8-gnu-toolchain/bin/../lib/gcc/avr/5.4.0/../../../../avr/lib/avr51\libm.a(addsf3x.o) (__fp_pscB)
c:/program files (x86)/atmel/studio/7.0/toolchain/avr8/avr8-gnu-toolchain/bin/../lib/gcc/avr/5.4.0/../../../../avr/lib/avr51\libm.a(fp_round.o)
                              c:/program files (x86)/atmel/studio/7.0/toolchain/avr8/avr8-gnu-toolchain/bin/../lib/gcc/avr/5.4.0/../../../../avr/lib/avr51\libm.a(addsf3.o) (__fp_round)
c:/program files (x86)/atmel/studio/7.0/toolchain/avr8/avr8-gnu-toolchain/bin/../lib/gcc/avr/5.4.0/../../../../avr/lib/avr51\libm.a(fp_split3.o)
                              c:/program files (x86)/atmel/studio/7.0/toolchain/avr8/avr8-gnu-toolchain/bin/../lib/gcc/avr/5.4.0/../../../../avr/lib/avr51\libm.a(addsf3x.o) (__fp_split3)
c:/program files (x86)/atmel/studio/7.0/toolchain/avr8/avr8-gnu-toolchain/bin/../lib/gcc/avr/5.4.0/../../../../avr/lib/avr51\libm.a(fp_zero.o)
                              c:/program files (x86)/atmel/studio/7.0/toolchain/avr8/avr8-gnu-toolchain/bin/../lib/gcc/avr/5.4.0/../../../../avr/lib/avr51\libm.a(addsf3x.o) (__fp_zero)
c:/program files (x86)/atmel/studio/7.0/toolchain/avr8/avr8-gnu-toolchain/bin/../lib/gcc/avr/5.4.0/avr51\libgcc.a(_divmodhi4.o)
                              Datastructure/src/SerialBuffer.o (__divmodhi4)
c:/program files (x86)/atmel/studio/7.0/toolchain/avr8/avr8-gnu-toolchain/bin/../lib/gcc/avr/5.4.0/avr51\libgcc.a(_udivmodsi4.o)
                              DeviceDriver/src/Ubbr_Calculate.o (__udivmodsi4)
c:/program files (x86)/atmel/studio/7.0/toolchain/avr8/avr8-gnu-toolchain/bin/../lib/gcc/avr/5.4.0/avr51\libgcc.a(_exit.o)
                              C:/Program Files (x86)/Atmel/Studio/7.0/Packs/atmel/ATmega_DFP/1.1.130/gcc/dev/atmega128a/avr51/crtatmega128a.o (exit)
c:/program files (x86)/atmel/studio/7.0/toolchain/avr8/avr8-gnu-toolchain/bin/../lib/gcc/avr/5.4.0/avr51\libgcc.a(_copy_data.o)
                              Datastructure/src/SerialBuffer.o (__do_copy_data)
c:/program files (x86)/atmel/studio/7.0/toolchain/avr8/avr8-gnu-toolchain/bin/../lib/gcc/avr/5.4.0/avr51\libgcc.a(_clear_bss.o)
                              DeviceDriver/src/Alarm.o (__do_clear_bss)
c:/program files (x86)/atmel/studio/7.0/toolchain/avr8/avr8-gnu-toolchain/bin/../lib/gcc/avr/5.4.0/avr51\libgcc.a(_udivmodhi4.o)
                              c:/program files (x86)/atmel/studio/7.0/toolchain/avr8/avr8-gnu-toolchain/bin/../lib/gcc/avr/5.4.0/avr51\libgcc.a(_divmodhi4.o) (__udivmodhi4)
c:/program files (x86)/atmel/studio/7.0/toolchain/avr8/avr8-gnu-toolchain/bin/../lib/gcc/avr/5.4.0/../../../../avr/lib/avr51\libc.a(memcpy.o)
                              RTOS/SRC/queue.o (memcpy)
C:/Program Files (x86)/Atmel/Studio/7.0/Packs/atmel/ATmega_DFP/1.1.130/gcc/dev/atmega128a/avr51\libatmega128a.a(eerd_byte.o)
                              main.o (eeprom_read_byte)
C:/Program Files (x86)/Atmel/Studio/7.0/Packs/atmel/ATmega_DFP/1.1.130/gcc/dev/atmega128a/avr51\libatmega128a.a(eeupd_byte.o)
                              main.o (eeprom_update_byte)

Discarded input sections

 .data          0x00000000        0x0 C:/Program Files (x86)/Atmel/Studio/7.0/Packs/atmel/ATmega_DFP/1.1.130/gcc/dev/atmega128a/avr51/crtatmega128a.o
 .bss           0x00000000        0x0 C:/Program Files (x86)/Atmel/Studio/7.0/Packs/atmel/ATmega_DFP/1.1.130/gcc/dev/atmega128a/avr51/crtatmega128a.o
 .text          0x00000000        0x0 CommunicateProtocols/src/Modbus_rtu.o
 .data          0x00000000        0x0 CommunicateProtocols/src/Modbus_rtu.o
 .bss           0x00000000        0x0 CommunicateProtocols/src/Modbus_rtu.o
 .text._Z9to_littlei
                0x00000000        0xe CommunicateProtocols/src/Modbus_rtu.o
 .text._Z6to_bigi
                0x00000000        0x8 CommunicateProtocols/src/Modbus_rtu.o
 .text._Z13GetFunc01DataPcP17GetFunctionCode01S_
                0x00000000       0x40 CommunicateProtocols/src/Modbus_rtu.o
 .text._Z16getFunction3DataPcP7GetData
                0x00000000       0x34 CommunicateProtocols/src/Modbus_rtu.o
 .text._Z15Function03WritecicP16InputOutput8Byte
                0x00000000       0x2e CommunicateProtocols/src/Modbus_rtu.o
 .text._Z15Function06WriteciiP16InputOutput8Byte
                0x00000000       0x34 CommunicateProtocols/src/Modbus_rtu.o
 .text          0x00000000        0x0 Datastructure/src/SerialBuffer.o
 .data          0x00000000        0x0 Datastructure/src/SerialBuffer.o
 .bss           0x00000000        0x0 Datastructure/src/SerialBuffer.o
 .text._ZN12SerialBufferdlEPv
                0x00000000        0x6 Datastructure/src/SerialBuffer.o
 .text._ZN12SerialBuffer11SerialWriteEc
                0x00000000       0x42 Datastructure/src/SerialBuffer.o
 .text._ZN12SerialBuffer11SerialWriteEPKc
                0x00000000       0x48 Datastructure/src/SerialBuffer.o
 .text._ZN12SerialBuffer11SerialWriteEi
                0x00000000       0xf0 Datastructure/src/SerialBuffer.o
 .rodata._ZL10HexaString
                0x00000000       0x11 Datastructure/src/SerialBuffer.o
 .text          0x00000000        0x0 DeviceDriver/src/Alarm.o
 .data          0x00000000        0x0 DeviceDriver/src/Alarm.o
 .bss           0x00000000        0x0 DeviceDriver/src/Alarm.o
 .text.Alarm_Close
                0x00000000       0x1a DeviceDriver/src/Alarm.o
 .group         0x00000000        0x8 DeviceDriver/src/Count_Sensor.o
 .group         0x00000000        0x8 DeviceDriver/src/Count_Sensor.o
 .group         0x00000000        0x8 DeviceDriver/src/Count_Sensor.o
 .group         0x00000000        0x8 DeviceDriver/src/Count_Sensor.o
 .text          0x00000000        0x0 DeviceDriver/src/Count_Sensor.o
 .data          0x00000000        0x0 DeviceDriver/src/Count_Sensor.o
 .bss           0x00000000        0x0 DeviceDriver/src/Count_Sensor.o
 .text._ZN12Count_SensordlEPv
                0x00000000        0x6 DeviceDriver/src/Count_Sensor.o
 .text          0x00000000        0x0 DeviceDriver/src/Dev_Manager.o
 .data          0x00000000        0x0 DeviceDriver/src/Dev_Manager.o
 .bss           0x00000000        0x0 DeviceDriver/src/Dev_Manager.o
 .text._ZN11Dev_ManagerD2Ev
                0x00000000        0xa DeviceDriver/src/Dev_Manager.o
 .text._ZN11Dev_ManagerdlEPv
                0x00000000        0x6 DeviceDriver/src/Dev_Manager.o
 .text._ZN11Dev_Manager12Close_HandleE8Dev_type
                0x00000000       0x1a DeviceDriver/src/Dev_Manager.o
 .group         0x00000000        0x8 DeviceDriver/src/per_sec_timer.o
 .group         0x00000000        0x8 DeviceDriver/src/per_sec_timer.o
 .group         0x00000000        0x8 DeviceDriver/src/per_sec_timer.o
 .group         0x00000000        0x8 DeviceDriver/src/per_sec_timer.o
 .text          0x00000000        0x0 DeviceDriver/src/per_sec_timer.o
 .data          0x00000000        0x0 DeviceDriver/src/per_sec_timer.o
 .bss           0x00000000        0x0 DeviceDriver/src/per_sec_timer.o
 .text._ZNK20DeviceDriveInterFace11Device_ReadEv
                0x00000000        0x4 DeviceDriver/src/per_sec_timer.o
 .text._ZN20DeviceDriveInterFace13Device_WritesEPKc
                0x00000000        0x2 DeviceDriver/src/per_sec_timer.o
 .text._ZN20DeviceDriveInterFace12Device_WriteEc
                0x00000000        0x2 DeviceDriver/src/per_sec_timer.o
 .text._ZN5TimerdlEPv
                0x00000000        0x6 DeviceDriver/src/per_sec_timer.o
 .group         0x00000000        0x8 DeviceDriver/src/RS485Driver.o
 .group         0x00000000        0x8 DeviceDriver/src/RS485Driver.o
 .group         0x00000000        0x8 DeviceDriver/src/RS485Driver.o
 .group         0x00000000        0x8 DeviceDriver/src/RS485Driver.o
 .text          0x00000000        0x0 DeviceDriver/src/RS485Driver.o
 .data          0x00000000        0x0 DeviceDriver/src/RS485Driver.o
 .bss           0x00000000        0x0 DeviceDriver/src/RS485Driver.o
 .text._ZNK20DeviceDriveInterFace11Device_ReadEv
                0x00000000        0x4 DeviceDriver/src/RS485Driver.o
 .text._ZN20DeviceDriveInterFace13Device_WritesEPKc
                0x00000000        0x2 DeviceDriver/src/RS485Driver.o
 .text._ZN20DeviceDriveInterFace12Device_WriteEc
                0x00000000        0x2 DeviceDriver/src/RS485Driver.o
 .text._ZN11RS485Driver10Ubbr_ValueERKj
                0x00000000        0x6 DeviceDriver/src/RS485Driver.o
 .text._ZN11RS485DriverC2Ej
                0x00000000       0x10 DeviceDriver/src/RS485Driver.o
 .text._ZN11RS485DriverdlEPv
                0x00000000        0x6 DeviceDriver/src/RS485Driver.o
 .text._ZN11RS485Driver11getInstanceEv
                0x00000000       0x34 DeviceDriver/src/RS485Driver.o
 .text          0x00000000        0x0 DeviceDriver/src/Timer_Alarm.o
 .data          0x00000000        0x0 DeviceDriver/src/Timer_Alarm.o
 .bss           0x00000000        0x0 DeviceDriver/src/Timer_Alarm.o
 .text._ZN11Timer_AlarmC2Ev
                0x00000000       0x10 DeviceDriver/src/Timer_Alarm.o
 .group         0x00000000        0x8 DeviceDriver/src/UartDriver.o
 .group         0x00000000        0x8 DeviceDriver/src/UartDriver.o
 .group         0x00000000        0x8 DeviceDriver/src/UartDriver.o
 .group         0x00000000        0x8 DeviceDriver/src/UartDriver.o
 .text          0x00000000        0x0 DeviceDriver/src/UartDriver.o
 .data          0x00000000        0x0 DeviceDriver/src/UartDriver.o
 .bss           0x00000000        0x0 DeviceDriver/src/UartDriver.o
 .text._ZNK20DeviceDriveInterFace11Device_ReadEv
                0x00000000        0x4 DeviceDriver/src/UartDriver.o
 .text._ZN20DeviceDriveInterFace13Device_WritesEPKc
                0x00000000        0x2 DeviceDriver/src/UartDriver.o
 .text._ZN20DeviceDriveInterFace12Device_WriteEc
                0x00000000        0x2 DeviceDriver/src/UartDriver.o
 .text._ZN10UartDriverC2Ej
                0x00000000       0x10 DeviceDriver/src/UartDriver.o
 .text._ZN10UartDriver11getInstanceEv
                0x00000000       0x34 DeviceDriver/src/UartDriver.o
 .text._ZN10UartDriver10Ubbr_ValueERKj
                0x00000000        0x6 DeviceDriver/src/UartDriver.o
 .text._ZN10UartDriverdlEPv
                0x00000000        0x6 DeviceDriver/src/UartDriver.o
 .text          0x00000000        0x0 DeviceDriver/src/Ubbr_Calculate.o
 .data          0x00000000        0x0 DeviceDriver/src/Ubbr_Calculate.o
 .bss           0x00000000        0x0 DeviceDriver/src/Ubbr_Calculate.o
 .text          0x00000000        0x0 Eth_Udp/SRC/enc28j60.o
 .data          0x00000000        0x0 Eth_Udp/SRC/enc28j60.o
 .bss           0x00000000        0x0 Eth_Udp/SRC/enc28j60.o
 .text._Z16enc28j60PhyReadHh
                0x00000000       0x32 Eth_Udp/SRC/enc28j60.o
 .text._Z14enc28j60getrevv
                0x00000000        0x8 Eth_Udp/SRC/enc28j60.o
 .text._Z14enc28j60linkupv
                0x00000000       0x12 Eth_Udp/SRC/enc28j60.o
 .text          0x00000000        0x0 Eth_Udp/SRC/ip_arp_udp_tcp.o
 .data          0x00000000        0x0 Eth_Udp/SRC/ip_arp_udp_tcp.o
 .bss           0x00000000        0x0 Eth_Udp/SRC/ip_arp_udp_tcp.o
 .text._Z12make_tcpheadPhjhh
                0x00000000       0xbe Eth_Udp/SRC/ip_arp_udp_tcp.o
 .text._Z24make_tcp_synack_from_synPh
                0x00000000       0x4a Eth_Udp/SRC/ip_arp_udp_tcp.o
 .text._Z20get_tcp_data_pointerv
                0x00000000       0x1e Eth_Udp/SRC/ip_arp_udp_tcp.o
 .text._Z13init_len_infoPh
                0x00000000       0x58 Eth_Udp/SRC/ip_arp_udp_tcp.o
 .text._Z15fill_tcp_data_pPhjPKc
                0x00000000       0x2c Eth_Udp/SRC/ip_arp_udp_tcp.o
 .text._Z13fill_tcp_dataPhjPKc
                0x00000000       0x26 Eth_Udp/SRC/ip_arp_udp_tcp.o
 .text._Z21make_tcp_ack_from_anyPh
                0x00000000       0x64 Eth_Udp/SRC/ip_arp_udp_tcp.o
 .text._Z22make_tcp_ack_with_dataPhj
                0x00000000       0x4a Eth_Udp/SRC/ip_arp_udp_tcp.o
 .data._ZL6seqnum
                0x00000000        0x1 Eth_Udp/SRC/ip_arp_udp_tcp.o
 .bss._ZL13info_data_len
                0x00000000        0x2 Eth_Udp/SRC/ip_arp_udp_tcp.o
 .bss._ZL12info_hdr_len
                0x00000000        0x2 Eth_Udp/SRC/ip_arp_udp_tcp.o
 .text          0x00000000        0x0 Eth_Udp/SRC/spi.o
 .data          0x00000000        0x0 Eth_Udp/SRC/spi.o
 .bss           0x00000000        0x0 Eth_Udp/SRC/spi.o
 .text          0x00000000        0x0 Eth_Udp/SRC/timeout.o
 .data          0x00000000        0x0 Eth_Udp/SRC/timeout.o
 .bss           0x00000000        0x0 Eth_Udp/SRC/timeout.o
 .text._Z7wd_initv
                0x00000000       0x12 Eth_Udp/SRC/timeout.o
 .text._Z7wd_kickv
                0x00000000        0x4 Eth_Udp/SRC/timeout.o
 .group         0x00000000        0x8 main.o
 .group         0x00000000        0x8 main.o
 .group         0x00000000        0x8 main.o
 .text          0x00000000        0x0 main.o
 .data          0x00000000        0x0 main.o
 .bss           0x00000000        0x0 main.o
 .text._ZNK20DeviceDriveInterFace11Device_ReadEv
                0x00000000        0x4 main.o
 .text._ZN20DeviceDriveInterFace13Device_WritesEPKc
                0x00000000        0x2 main.o
 .text._ZN20DeviceDriveInterFace12Device_WriteEc
                0x00000000        0x2 main.o
 .bss.func01    0x00000000        0x7 main.o
 .text          0x00000000        0x0 MiddleWare/SRC/MiddleWare.o
 .data          0x00000000        0x0 MiddleWare/SRC/MiddleWare.o
 .bss           0x00000000        0x0 MiddleWare/SRC/MiddleWare.o
 .text._Z10Event_Initv
                0x00000000        0xe MiddleWare/SRC/MiddleWare.o
 .text._Z22Event_RegisterCallback7Event_tjPFvS_jE
                0x00000000       0x16 MiddleWare/SRC/MiddleWare.o
 .text._Z20Event_RemoveCallback7Event_t
                0x00000000       0x12 MiddleWare/SRC/MiddleWare.o
 .text._Z13Event_Processv
                0x00000000       0x5c MiddleWare/SRC/MiddleWare.o
 .bss.EventCallbackTable
                0x00000000      0x100 MiddleWare/SRC/MiddleWare.o
 .bss.EventBuf  0x00000000      0x183 MiddleWare/SRC/MiddleWare.o
 .debug_info    0x00000000      0x2bb MiddleWare/SRC/MiddleWare.o
 .debug_abbrev  0x00000000      0x18a MiddleWare/SRC/MiddleWare.o
 .debug_loc     0x00000000       0x5b MiddleWare/SRC/MiddleWare.o
 .debug_aranges
                0x00000000       0x38 MiddleWare/SRC/MiddleWare.o
 .debug_ranges  0x00000000       0x28 MiddleWare/SRC/MiddleWare.o
 .debug_line    0x00000000      0x14b MiddleWare/SRC/MiddleWare.o
 .debug_str     0x00000000      0x328 MiddleWare/SRC/MiddleWare.o
 .comment       0x00000000       0x31 MiddleWare/SRC/MiddleWare.o
 .debug_frame   0x00000000       0x54 MiddleWare/SRC/MiddleWare.o
 .text          0x00000000        0x0 RTOS/SRC/croutine.o
 .data          0x00000000        0x0 RTOS/SRC/croutine.o
 .bss           0x00000000        0x0 RTOS/SRC/croutine.o
 .text.xCoRoutineCreate
                0x00000000       0xf0 RTOS/SRC/croutine.o
 .text.vCoRoutineAddToDelayedList
                0x00000000       0x86 RTOS/SRC/croutine.o
 .text.vCoRoutineSchedule
                0x00000000      0x274 RTOS/SRC/croutine.o
 .text.xCoRoutineRemoveFromEventList
                0x00000000       0x4a RTOS/SRC/croutine.o
 .bss.xPassedTicks
                0x00000000        0x2 RTOS/SRC/croutine.o
 .bss.xLastTickCount
                0x00000000        0x2 RTOS/SRC/croutine.o
 .bss.xCoRoutineTickCount
                0x00000000        0x2 RTOS/SRC/croutine.o
 .bss.uxTopCoRoutineReadyPriority
                0x00000000        0x1 RTOS/SRC/croutine.o
 .bss.pxCurrentCoRoutine
                0x00000000        0x2 RTOS/SRC/croutine.o
 .bss.xPendingReadyCoRoutineList
                0x00000000        0x9 RTOS/SRC/croutine.o
 .bss.pxOverflowDelayedCoRoutineList
                0x00000000        0x2 RTOS/SRC/croutine.o
 .bss.pxDelayedCoRoutineList
                0x00000000        0x2 RTOS/SRC/croutine.o
 .bss.xDelayedCoRoutineList2
                0x00000000        0x9 RTOS/SRC/croutine.o
 .bss.xDelayedCoRoutineList1
                0x00000000        0x9 RTOS/SRC/croutine.o
 .bss.pxReadyCoRoutineLists
                0x00000000       0x12 RTOS/SRC/croutine.o
 .debug_info    0x00000000      0x77d RTOS/SRC/croutine.o
 .debug_abbrev  0x00000000      0x22b RTOS/SRC/croutine.o
 .debug_loc     0x00000000      0x3eb RTOS/SRC/croutine.o
 .debug_aranges
                0x00000000       0x38 RTOS/SRC/croutine.o
 .debug_ranges  0x00000000       0x28 RTOS/SRC/croutine.o
 .debug_line    0x00000000      0x327 RTOS/SRC/croutine.o
 .debug_str     0x00000000      0x52e RTOS/SRC/croutine.o
 .comment       0x00000000       0x31 RTOS/SRC/croutine.o
 .debug_frame   0x00000000       0xc0 RTOS/SRC/croutine.o
 .text          0x00000000        0x0 RTOS/SRC/event_groups.o
 .data          0x00000000        0x0 RTOS/SRC/event_groups.o
 .bss           0x00000000        0x0 RTOS/SRC/event_groups.o
 .text.xEventGroupCreate
                0x00000000       0x26 RTOS/SRC/event_groups.o
 .text.xEventGroupWaitBits
                0x00000000      0x110 RTOS/SRC/event_groups.o
 .text.xEventGroupClearBits
                0x00000000       0x1e RTOS/SRC/event_groups.o
 .text.xEventGroupGetBitsFromISR
                0x00000000        0x8 RTOS/SRC/event_groups.o
 .text.xEventGroupSetBits
                0x00000000       0xdc RTOS/SRC/event_groups.o
 .text.xEventGroupSync
                0x00000000       0xd2 RTOS/SRC/event_groups.o
 .text.vEventGroupDelete
                0x00000000       0x32 RTOS/SRC/event_groups.o
 .text.vEventGroupSetBitsCallback
                0x00000000        0x8 RTOS/SRC/event_groups.o
 .text.vEventGroupClearBitsCallback
                0x00000000        0x8 RTOS/SRC/event_groups.o
 .debug_info    0x00000000      0x8ed RTOS/SRC/event_groups.o
 .debug_abbrev  0x00000000      0x205 RTOS/SRC/event_groups.o
 .debug_loc     0x00000000      0xb40 RTOS/SRC/event_groups.o
 .debug_aranges
                0x00000000       0x60 RTOS/SRC/event_groups.o
 .debug_ranges  0x00000000       0x68 RTOS/SRC/event_groups.o
 .debug_line    0x00000000      0x3b2 RTOS/SRC/event_groups.o
 .debug_str     0x00000000      0x57e RTOS/SRC/event_groups.o
 .comment       0x00000000       0x31 RTOS/SRC/event_groups.o
 .debug_frame   0x00000000      0x158 RTOS/SRC/event_groups.o
 .text          0x00000000        0x0 RTOS/SRC/heap_1.o
 .data          0x00000000        0x0 RTOS/SRC/heap_1.o
 .bss           0x00000000        0x0 RTOS/SRC/heap_1.o
 .text.vPortInitialiseBlocks
                0x00000000        0xa RTOS/SRC/heap_1.o
 .text.xPortGetFreeHeapSize
                0x00000000       0x12 RTOS/SRC/heap_1.o
 .text          0x00000000        0x0 RTOS/SRC/list.o
 .data          0x00000000        0x0 RTOS/SRC/list.o
 .bss           0x00000000        0x0 RTOS/SRC/list.o
 .text          0x00000000        0x0 RTOS/SRC/port.o
 .data          0x00000000        0x0 RTOS/SRC/port.o
 .bss           0x00000000        0x0 RTOS/SRC/port.o
 .text.vPortEndScheduler
                0x00000000        0x2 RTOS/SRC/port.o
 .text          0x00000000        0x0 RTOS/SRC/queue.o
 .data          0x00000000        0x0 RTOS/SRC/queue.o
 .bss           0x00000000        0x0 RTOS/SRC/queue.o
 .text.xQueueGenericSendFromISR
                0x00000000       0x74 RTOS/SRC/queue.o
 .text.xQueueGiveFromISR
                0x00000000       0x52 RTOS/SRC/queue.o
 .text.xQueueReceiveFromISR
                0x00000000       0x6e RTOS/SRC/queue.o
 .text.xQueuePeekFromISR
                0x00000000       0x2e RTOS/SRC/queue.o
 .text.uxQueueMessagesWaiting
                0x00000000       0x10 RTOS/SRC/queue.o
 .text.uxQueueSpacesAvailable
                0x00000000       0x14 RTOS/SRC/queue.o
 .text.uxQueueMessagesWaitingFromISR
                0x00000000        0x6 RTOS/SRC/queue.o
 .text.vQueueDelete
                0x00000000        0x6 RTOS/SRC/queue.o
 .text.xQueueIsQueueEmptyFromISR
                0x00000000        0xc RTOS/SRC/queue.o
 .text.xQueueIsQueueFullFromISR
                0x00000000        0xe RTOS/SRC/queue.o
 .text.xQueueCRSend
                0x00000000       0x72 RTOS/SRC/queue.o
 .text.xQueueCRReceive
                0x00000000       0x92 RTOS/SRC/queue.o
 .text.xQueueCRSendFromISR
                0x00000000       0x48 RTOS/SRC/queue.o
 .text.xQueueCRReceiveFromISR
                0x00000000       0x82 RTOS/SRC/queue.o
 .text          0x00000000        0x0 RTOS/SRC/tasks.o
 .data          0x00000000        0x0 RTOS/SRC/tasks.o
 .bss           0x00000000        0x0 RTOS/SRC/tasks.o
 .text.vTaskDelete
                0x00000000       0xaa RTOS/SRC/tasks.o
 .text.vTaskResume
                0x00000000       0x9e RTOS/SRC/tasks.o
 .text.xTaskResumeFromISR
                0x00000000       0xae RTOS/SRC/tasks.o
 .text.vTaskEndScheduler
                0x00000000        0xc RTOS/SRC/tasks.o
 .text.xTaskGetTickCount
                0x00000000       0x14 RTOS/SRC/tasks.o
 .text.xTaskGetTickCountFromISR
                0x00000000        0xa RTOS/SRC/tasks.o
 .text.uxTaskGetNumberOfTasks
                0x00000000        0x6 RTOS/SRC/tasks.o
 .text.pcTaskGetName
                0x00000000       0x10 RTOS/SRC/tasks.o
 .text.vTaskDelayUntil
                0x00000000       0x7c RTOS/SRC/tasks.o
 .text.vTaskSuspend
                0x00000000       0x9c RTOS/SRC/tasks.o
 .text.vTaskPlaceOnUnorderedEventList
                0x00000000       0x32 RTOS/SRC/tasks.o
 .text.xTaskRemoveFromUnorderedEventList
                0x00000000       0x74 RTOS/SRC/tasks.o
 .text.xTaskGetCurrentTaskHandle
                0x00000000        0xa RTOS/SRC/tasks.o
 .text.uxTaskResetEventItemValue
                0x00000000       0x2e RTOS/SRC/tasks.o
 .text.ulTaskNotifyTake
                0x00000000       0xae RTOS/SRC/tasks.o
 .text.xTaskNotifyWait
                0x00000000      0x108 RTOS/SRC/tasks.o
 .text.xTaskGenericNotify
                0x00000000       0xfc RTOS/SRC/tasks.o
 .text.xTaskGenericNotifyFromISR
                0x00000000      0x122 RTOS/SRC/tasks.o
 .text.vTaskNotifyGiveFromISR
                0x00000000       0xb6 RTOS/SRC/tasks.o
 .text.xTaskNotifyStateClear
                0x00000000       0x28 RTOS/SRC/tasks.o
 .text          0x00000000        0x0 RTOS/SRC/timers.o
 .data          0x00000000        0x0 RTOS/SRC/timers.o
 .bss           0x00000000        0x0 RTOS/SRC/timers.o
 .debug_info    0x00000000       0x64 RTOS/SRC/timers.o
 .debug_abbrev  0x00000000       0x26 RTOS/SRC/timers.o
 .debug_aranges
                0x00000000       0x18 RTOS/SRC/timers.o
 .debug_line    0x00000000       0x1a RTOS/SRC/timers.o
 .debug_str     0x00000000      0x162 RTOS/SRC/timers.o
 .comment       0x00000000       0x31 RTOS/SRC/timers.o
 .text          0x00000000        0x0 c:/program files (x86)/atmel/studio/7.0/toolchain/avr8/avr8-gnu-toolchain/bin/../lib/gcc/avr/5.4.0/../../../../avr/lib/avr51\libm.a(addsf3.o)
 .data          0x00000000        0x0 c:/program files (x86)/atmel/studio/7.0/toolchain/avr8/avr8-gnu-toolchain/bin/../lib/gcc/avr/5.4.0/../../../../avr/lib/avr51\libm.a(addsf3.o)
 .bss           0x00000000        0x0 c:/program files (x86)/atmel/studio/7.0/toolchain/avr8/avr8-gnu-toolchain/bin/../lib/gcc/avr/5.4.0/../../../../avr/lib/avr51\libm.a(addsf3.o)
 .text          0x00000000        0x0 c:/program files (x86)/atmel/studio/7.0/toolchain/avr8/avr8-gnu-toolchain/bin/../lib/gcc/avr/5.4.0/../../../../avr/lib/avr51\libm.a(addsf3x.o)
 .data          0x00000000        0x0 c:/program files (x86)/atmel/studio/7.0/toolchain/avr8/avr8-gnu-toolchain/bin/../lib/gcc/avr/5.4.0/../../../../avr/lib/avr51\libm.a(addsf3x.o)
 .bss           0x00000000        0x0 c:/program files (x86)/atmel/studio/7.0/toolchain/avr8/avr8-gnu-toolchain/bin/../lib/gcc/avr/5.4.0/../../../../avr/lib/avr51\libm.a(addsf3x.o)
 .text          0x00000000        0x0 c:/program files (x86)/atmel/studio/7.0/toolchain/avr8/avr8-gnu-toolchain/bin/../lib/gcc/avr/5.4.0/../../../../avr/lib/avr51\libm.a(fixunssfsi.o)
 .data          0x00000000        0x0 c:/program files (x86)/atmel/studio/7.0/toolchain/avr8/avr8-gnu-toolchain/bin/../lib/gcc/avr/5.4.0/../../../../avr/lib/avr51\libm.a(fixunssfsi.o)
 .bss           0x00000000        0x0 c:/program files (x86)/atmel/studio/7.0/toolchain/avr8/avr8-gnu-toolchain/bin/../lib/gcc/avr/5.4.0/../../../../avr/lib/avr51\libm.a(fixunssfsi.o)
 .text          0x00000000        0x0 c:/program files (x86)/atmel/studio/7.0/toolchain/avr8/avr8-gnu-toolchain/bin/../lib/gcc/avr/5.4.0/../../../../avr/lib/avr51\libm.a(floatsisf.o)
 .data          0x00000000        0x0 c:/program files (x86)/atmel/studio/7.0/toolchain/avr8/avr8-gnu-toolchain/bin/../lib/gcc/avr/5.4.0/../../../../avr/lib/avr51\libm.a(floatsisf.o)
 .bss           0x00000000        0x0 c:/program files (x86)/atmel/studio/7.0/toolchain/avr8/avr8-gnu-toolchain/bin/../lib/gcc/avr/5.4.0/../../../../avr/lib/avr51\libm.a(floatsisf.o)
 .text          0x00000000        0x0 c:/program files (x86)/atmel/studio/7.0/toolchain/avr8/avr8-gnu-toolchain/bin/../lib/gcc/avr/5.4.0/../../../../avr/lib/avr51\libm.a(fp_inf.o)
 .data          0x00000000        0x0 c:/program files (x86)/atmel/studio/7.0/toolchain/avr8/avr8-gnu-toolchain/bin/../lib/gcc/avr/5.4.0/../../../../avr/lib/avr51\libm.a(fp_inf.o)
 .bss           0x00000000        0x0 c:/program files (x86)/atmel/studio/7.0/toolchain/avr8/avr8-gnu-toolchain/bin/../lib/gcc/avr/5.4.0/../../../../avr/lib/avr51\libm.a(fp_inf.o)
 .text          0x00000000        0x0 c:/program files (x86)/atmel/studio/7.0/toolchain/avr8/avr8-gnu-toolchain/bin/../lib/gcc/avr/5.4.0/../../../../avr/lib/avr51\libm.a(fp_nan.o)
 .data          0x00000000        0x0 c:/program files (x86)/atmel/studio/7.0/toolchain/avr8/avr8-gnu-toolchain/bin/../lib/gcc/avr/5.4.0/../../../../avr/lib/avr51\libm.a(fp_nan.o)
 .bss           0x00000000        0x0 c:/program files (x86)/atmel/studio/7.0/toolchain/avr8/avr8-gnu-toolchain/bin/../lib/gcc/avr/5.4.0/../../../../avr/lib/avr51\libm.a(fp_nan.o)
 .text          0x00000000        0x0 c:/program files (x86)/atmel/studio/7.0/toolchain/avr8/avr8-gnu-toolchain/bin/../lib/gcc/avr/5.4.0/../../../../avr/lib/avr51\libm.a(fp_pscA.o)
 .data          0x00000000        0x0 c:/program files (x86)/atmel/studio/7.0/toolchain/avr8/avr8-gnu-toolchain/bin/../lib/gcc/avr/5.4.0/../../../../avr/lib/avr51\libm.a(fp_pscA.o)
 .bss           0x00000000        0x0 c:/program files (x86)/atmel/studio/7.0/toolchain/avr8/avr8-gnu-toolchain/bin/../lib/gcc/avr/5.4.0/../../../../avr/lib/avr51\libm.a(fp_pscA.o)
 .text          0x00000000        0x0 c:/program files (x86)/atmel/studio/7.0/toolchain/avr8/avr8-gnu-toolchain/bin/../lib/gcc/avr/5.4.0/../../../../avr/lib/avr51\libm.a(fp_pscB.o)
 .data          0x00000000        0x0 c:/program files (x86)/atmel/studio/7.0/toolchain/avr8/avr8-gnu-toolchain/bin/../lib/gcc/avr/5.4.0/../../../../avr/lib/avr51\libm.a(fp_pscB.o)
 .bss           0x00000000        0x0 c:/program files (x86)/atmel/studio/7.0/toolchain/avr8/avr8-gnu-toolchain/bin/../lib/gcc/avr/5.4.0/../../../../avr/lib/avr51\libm.a(fp_pscB.o)
 .text          0x00000000        0x0 c:/program files (x86)/atmel/studio/7.0/toolchain/avr8/avr8-gnu-toolchain/bin/../lib/gcc/avr/5.4.0/../../../../avr/lib/avr51\libm.a(fp_round.o)
 .data          0x00000000        0x0 c:/program files (x86)/atmel/studio/7.0/toolchain/avr8/avr8-gnu-toolchain/bin/../lib/gcc/avr/5.4.0/../../../../avr/lib/avr51\libm.a(fp_round.o)
 .bss           0x00000000        0x0 c:/program files (x86)/atmel/studio/7.0/toolchain/avr8/avr8-gnu-toolchain/bin/../lib/gcc/avr/5.4.0/../../../../avr/lib/avr51\libm.a(fp_round.o)
 .text          0x00000000        0x0 c:/program files (x86)/atmel/studio/7.0/toolchain/avr8/avr8-gnu-toolchain/bin/../lib/gcc/avr/5.4.0/../../../../avr/lib/avr51\libm.a(fp_split3.o)
 .data          0x00000000        0x0 c:/program files (x86)/atmel/studio/7.0/toolchain/avr8/avr8-gnu-toolchain/bin/../lib/gcc/avr/5.4.0/../../../../avr/lib/avr51\libm.a(fp_split3.o)
 .bss           0x00000000        0x0 c:/program files (x86)/atmel/studio/7.0/toolchain/avr8/avr8-gnu-toolchain/bin/../lib/gcc/avr/5.4.0/../../../../avr/lib/avr51\libm.a(fp_split3.o)
 .text          0x00000000        0x0 c:/program files (x86)/atmel/studio/7.0/toolchain/avr8/avr8-gnu-toolchain/bin/../lib/gcc/avr/5.4.0/../../../../avr/lib/avr51\libm.a(fp_zero.o)
 .data          0x00000000        0x0 c:/program files (x86)/atmel/studio/7.0/toolchain/avr8/avr8-gnu-toolchain/bin/../lib/gcc/avr/5.4.0/../../../../avr/lib/avr51\libm.a(fp_zero.o)
 .bss           0x00000000        0x0 c:/program files (x86)/atmel/studio/7.0/toolchain/avr8/avr8-gnu-toolchain/bin/../lib/gcc/avr/5.4.0/../../../../avr/lib/avr51\libm.a(fp_zero.o)
 .text          0x00000000        0x0 c:/program files (x86)/atmel/studio/7.0/toolchain/avr8/avr8-gnu-toolchain/bin/../lib/gcc/avr/5.4.0/avr51\libgcc.a(_divmodhi4.o)
 .data          0x00000000        0x0 c:/program files (x86)/atmel/studio/7.0/toolchain/avr8/avr8-gnu-toolchain/bin/../lib/gcc/avr/5.4.0/avr51\libgcc.a(_divmodhi4.o)
 .bss           0x00000000        0x0 c:/program files (x86)/atmel/studio/7.0/toolchain/avr8/avr8-gnu-toolchain/bin/../lib/gcc/avr/5.4.0/avr51\libgcc.a(_divmodhi4.o)
 .text.libgcc.mul
                0x00000000        0x0 c:/program files (x86)/atmel/studio/7.0/toolchain/avr8/avr8-gnu-toolchain/bin/../lib/gcc/avr/5.4.0/avr51\libgcc.a(_divmodhi4.o)
 .text.libgcc.div
                0x00000000       0x28 c:/program files (x86)/atmel/studio/7.0/toolchain/avr8/avr8-gnu-toolchain/bin/../lib/gcc/avr/5.4.0/avr51\libgcc.a(_divmodhi4.o)
 .text.libgcc   0x00000000        0x0 c:/program files (x86)/atmel/studio/7.0/toolchain/avr8/avr8-gnu-toolchain/bin/../lib/gcc/avr/5.4.0/avr51\libgcc.a(_divmodhi4.o)
 .text.libgcc.prologue
                0x00000000        0x0 c:/program files (x86)/atmel/studio/7.0/toolchain/avr8/avr8-gnu-toolchain/bin/../lib/gcc/avr/5.4.0/avr51\libgcc.a(_divmodhi4.o)
 .text.libgcc.builtins
                0x00000000        0x0 c:/program files (x86)/atmel/studio/7.0/toolchain/avr8/avr8-gnu-toolchain/bin/../lib/gcc/avr/5.4.0/avr51\libgcc.a(_divmodhi4.o)
 .text.libgcc.fmul
                0x00000000        0x0 c:/program files (x86)/atmel/studio/7.0/toolchain/avr8/avr8-gnu-toolchain/bin/../lib/gcc/avr/5.4.0/avr51\libgcc.a(_divmodhi4.o)
 .text.libgcc.fixed
                0x00000000        0x0 c:/program files (x86)/atmel/studio/7.0/toolchain/avr8/avr8-gnu-toolchain/bin/../lib/gcc/avr/5.4.0/avr51\libgcc.a(_divmodhi4.o)
 .text          0x00000000        0x0 c:/program files (x86)/atmel/studio/7.0/toolchain/avr8/avr8-gnu-toolchain/bin/../lib/gcc/avr/5.4.0/avr51\libgcc.a(_udivmodsi4.o)
 .data          0x00000000        0x0 c:/program files (x86)/atmel/studio/7.0/toolchain/avr8/avr8-gnu-toolchain/bin/../lib/gcc/avr/5.4.0/avr51\libgcc.a(_udivmodsi4.o)
 .bss           0x00000000        0x0 c:/program files (x86)/atmel/studio/7.0/toolchain/avr8/avr8-gnu-toolchain/bin/../lib/gcc/avr/5.4.0/avr51\libgcc.a(_udivmodsi4.o)
 .text.libgcc.mul
                0x00000000        0x0 c:/program files (x86)/atmel/studio/7.0/toolchain/avr8/avr8-gnu-toolchain/bin/../lib/gcc/avr/5.4.0/avr51\libgcc.a(_udivmodsi4.o)
 .text.libgcc   0x00000000        0x0 c:/program files (x86)/atmel/studio/7.0/toolchain/avr8/avr8-gnu-toolchain/bin/../lib/gcc/avr/5.4.0/avr51\libgcc.a(_udivmodsi4.o)
 .text.libgcc.prologue
                0x00000000        0x0 c:/program files (x86)/atmel/studio/7.0/toolchain/avr8/avr8-gnu-toolchain/bin/../lib/gcc/avr/5.4.0/avr51\libgcc.a(_udivmodsi4.o)
 .text.libgcc.builtins
                0x00000000        0x0 c:/program files (x86)/atmel/studio/7.0/toolchain/avr8/avr8-gnu-toolchain/bin/../lib/gcc/avr/5.4.0/avr51\libgcc.a(_udivmodsi4.o)
 .text.libgcc.fmul
                0x00000000        0x0 c:/program files (x86)/atmel/studio/7.0/toolchain/avr8/avr8-gnu-toolchain/bin/../lib/gcc/avr/5.4.0/avr51\libgcc.a(_udivmodsi4.o)
 .text.libgcc.fixed
                0x00000000        0x0 c:/program files (x86)/atmel/studio/7.0/toolchain/avr8/avr8-gnu-toolchain/bin/../lib/gcc/avr/5.4.0/avr51\libgcc.a(_udivmodsi4.o)
 .text          0x00000000        0x0 c:/program files (x86)/atmel/studio/7.0/toolchain/avr8/avr8-gnu-toolchain/bin/../lib/gcc/avr/5.4.0/avr51\libgcc.a(_exit.o)
 .data          0x00000000        0x0 c:/program files (x86)/atmel/studio/7.0/toolchain/avr8/avr8-gnu-toolchain/bin/../lib/gcc/avr/5.4.0/avr51\libgcc.a(_exit.o)
 .bss           0x00000000        0x0 c:/program files (x86)/atmel/studio/7.0/toolchain/avr8/avr8-gnu-toolchain/bin/../lib/gcc/avr/5.4.0/avr51\libgcc.a(_exit.o)
 .text.libgcc.mul
                0x00000000        0x0 c:/program files (x86)/atmel/studio/7.0/toolchain/avr8/avr8-gnu-toolchain/bin/../lib/gcc/avr/5.4.0/avr51\libgcc.a(_exit.o)
 .text.libgcc.div
                0x00000000        0x0 c:/program files (x86)/atmel/studio/7.0/toolchain/avr8/avr8-gnu-toolchain/bin/../lib/gcc/avr/5.4.0/avr51\libgcc.a(_exit.o)
 .text.libgcc   0x00000000        0x0 c:/program files (x86)/atmel/studio/7.0/toolchain/avr8/avr8-gnu-toolchain/bin/../lib/gcc/avr/5.4.0/avr51\libgcc.a(_exit.o)
 .text.libgcc.prologue
                0x00000000        0x0 c:/program files (x86)/atmel/studio/7.0/toolchain/avr8/avr8-gnu-toolchain/bin/../lib/gcc/avr/5.4.0/avr51\libgcc.a(_exit.o)
 .text.libgcc.builtins
                0x00000000        0x0 c:/program files (x86)/atmel/studio/7.0/toolchain/avr8/avr8-gnu-toolchain/bin/../lib/gcc/avr/5.4.0/avr51\libgcc.a(_exit.o)
 .text.libgcc.fmul
                0x00000000        0x0 c:/program files (x86)/atmel/studio/7.0/toolchain/avr8/avr8-gnu-toolchain/bin/../lib/gcc/avr/5.4.0/avr51\libgcc.a(_exit.o)
 .text.libgcc.fixed
                0x00000000        0x0 c:/program files (x86)/atmel/studio/7.0/toolchain/avr8/avr8-gnu-toolchain/bin/../lib/gcc/avr/5.4.0/avr51\libgcc.a(_exit.o)
 .text          0x00000000        0x0 c:/program files (x86)/atmel/studio/7.0/toolchain/avr8/avr8-gnu-toolchain/bin/../lib/gcc/avr/5.4.0/avr51\libgcc.a(_copy_data.o)
 .data          0x00000000        0x0 c:/program files (x86)/atmel/studio/7.0/toolchain/avr8/avr8-gnu-toolchain/bin/../lib/gcc/avr/5.4.0/avr51\libgcc.a(_copy_data.o)
 .bss           0x00000000        0x0 c:/program files (x86)/atmel/studio/7.0/toolchain/avr8/avr8-gnu-toolchain/bin/../lib/gcc/avr/5.4.0/avr51\libgcc.a(_copy_data.o)
 .text.libgcc.mul
                0x00000000        0x0 c:/program files (x86)/atmel/studio/7.0/toolchain/avr8/avr8-gnu-toolchain/bin/../lib/gcc/avr/5.4.0/avr51\libgcc.a(_copy_data.o)
 .text.libgcc.div
                0x00000000        0x0 c:/program files (x86)/atmel/studio/7.0/toolchain/avr8/avr8-gnu-toolchain/bin/../lib/gcc/avr/5.4.0/avr51\libgcc.a(_copy_data.o)
 .text.libgcc   0x00000000        0x0 c:/program files (x86)/atmel/studio/7.0/toolchain/avr8/avr8-gnu-toolchain/bin/../lib/gcc/avr/5.4.0/avr51\libgcc.a(_copy_data.o)
 .text.libgcc.prologue
                0x00000000        0x0 c:/program files (x86)/atmel/studio/7.0/toolchain/avr8/avr8-gnu-toolchain/bin/../lib/gcc/avr/5.4.0/avr51\libgcc.a(_copy_data.o)
 .text.libgcc.builtins
                0x00000000        0x0 c:/program files (x86)/atmel/studio/7.0/toolchain/avr8/avr8-gnu-toolchain/bin/../lib/gcc/avr/5.4.0/avr51\libgcc.a(_copy_data.o)
 .text.libgcc.fmul
                0x00000000        0x0 c:/program files (x86)/atmel/studio/7.0/toolchain/avr8/avr8-gnu-toolchain/bin/../lib/gcc/avr/5.4.0/avr51\libgcc.a(_copy_data.o)
 .text.libgcc.fixed
                0x00000000        0x0 c:/program files (x86)/atmel/studio/7.0/toolchain/avr8/avr8-gnu-toolchain/bin/../lib/gcc/avr/5.4.0/avr51\libgcc.a(_copy_data.o)
 .text          0x00000000        0x0 c:/program files (x86)/atmel/studio/7.0/toolchain/avr8/avr8-gnu-toolchain/bin/../lib/gcc/avr/5.4.0/avr51\libgcc.a(_clear_bss.o)
 .data          0x00000000        0x0 c:/program files (x86)/atmel/studio/7.0/toolchain/avr8/avr8-gnu-toolchain/bin/../lib/gcc/avr/5.4.0/avr51\libgcc.a(_clear_bss.o)
 .bss           0x00000000        0x0 c:/program files (x86)/atmel/studio/7.0/toolchain/avr8/avr8-gnu-toolchain/bin/../lib/gcc/avr/5.4.0/avr51\libgcc.a(_clear_bss.o)
 .text.libgcc.mul
                0x00000000        0x0 c:/program files (x86)/atmel/studio/7.0/toolchain/avr8/avr8-gnu-toolchain/bin/../lib/gcc/avr/5.4.0/avr51\libgcc.a(_clear_bss.o)
 .text.libgcc.div
                0x00000000        0x0 c:/program files (x86)/atmel/studio/7.0/toolchain/avr8/avr8-gnu-toolchain/bin/../lib/gcc/avr/5.4.0/avr51\libgcc.a(_clear_bss.o)
 .text.libgcc   0x00000000        0x0 c:/program files (x86)/atmel/studio/7.0/toolchain/avr8/avr8-gnu-toolchain/bin/../lib/gcc/avr/5.4.0/avr51\libgcc.a(_clear_bss.o)
 .text.libgcc.prologue
                0x00000000        0x0 c:/program files (x86)/atmel/studio/7.0/toolchain/avr8/avr8-gnu-toolchain/bin/../lib/gcc/avr/5.4.0/avr51\libgcc.a(_clear_bss.o)
 .text.libgcc.builtins
                0x00000000        0x0 c:/program files (x86)/atmel/studio/7.0/toolchain/avr8/avr8-gnu-toolchain/bin/../lib/gcc/avr/5.4.0/avr51\libgcc.a(_clear_bss.o)
 .text.libgcc.fmul
                0x00000000        0x0 c:/program files (x86)/atmel/studio/7.0/toolchain/avr8/avr8-gnu-toolchain/bin/../lib/gcc/avr/5.4.0/avr51\libgcc.a(_clear_bss.o)
 .text.libgcc.fixed
                0x00000000        0x0 c:/program files (x86)/atmel/studio/7.0/toolchain/avr8/avr8-gnu-toolchain/bin/../lib/gcc/avr/5.4.0/avr51\libgcc.a(_clear_bss.o)
 .text          0x00000000        0x0 c:/program files (x86)/atmel/studio/7.0/toolchain/avr8/avr8-gnu-toolchain/bin/../lib/gcc/avr/5.4.0/avr51\libgcc.a(_udivmodhi4.o)
 .data          0x00000000        0x0 c:/program files (x86)/atmel/studio/7.0/toolchain/avr8/avr8-gnu-toolchain/bin/../lib/gcc/avr/5.4.0/avr51\libgcc.a(_udivmodhi4.o)
 .bss           0x00000000        0x0 c:/program files (x86)/atmel/studio/7.0/toolchain/avr8/avr8-gnu-toolchain/bin/../lib/gcc/avr/5.4.0/avr51\libgcc.a(_udivmodhi4.o)
 .text.libgcc.mul
                0x00000000        0x0 c:/program files (x86)/atmel/studio/7.0/toolchain/avr8/avr8-gnu-toolchain/bin/../lib/gcc/avr/5.4.0/avr51\libgcc.a(_udivmodhi4.o)
 .text.libgcc.div
                0x00000000       0x28 c:/program files (x86)/atmel/studio/7.0/toolchain/avr8/avr8-gnu-toolchain/bin/../lib/gcc/avr/5.4.0/avr51\libgcc.a(_udivmodhi4.o)
 .text.libgcc   0x00000000        0x0 c:/program files (x86)/atmel/studio/7.0/toolchain/avr8/avr8-gnu-toolchain/bin/../lib/gcc/avr/5.4.0/avr51\libgcc.a(_udivmodhi4.o)
 .text.libgcc.prologue
                0x00000000        0x0 c:/program files (x86)/atmel/studio/7.0/toolchain/avr8/avr8-gnu-toolchain/bin/../lib/gcc/avr/5.4.0/avr51\libgcc.a(_udivmodhi4.o)
 .text.libgcc.builtins
                0x00000000        0x0 c:/program files (x86)/atmel/studio/7.0/toolchain/avr8/avr8-gnu-toolchain/bin/../lib/gcc/avr/5.4.0/avr51\libgcc.a(_udivmodhi4.o)
 .text.libgcc.fmul
                0x00000000        0x0 c:/program files (x86)/atmel/studio/7.0/toolchain/avr8/avr8-gnu-toolchain/bin/../lib/gcc/avr/5.4.0/avr51\libgcc.a(_udivmodhi4.o)
 .text.libgcc.fixed
                0x00000000        0x0 c:/program files (x86)/atmel/studio/7.0/toolchain/avr8/avr8-gnu-toolchain/bin/../lib/gcc/avr/5.4.0/avr51\libgcc.a(_udivmodhi4.o)
 .text          0x00000000        0x0 c:/program files (x86)/atmel/studio/7.0/toolchain/avr8/avr8-gnu-toolchain/bin/../lib/gcc/avr/5.4.0/../../../../avr/lib/avr51\libc.a(memcpy.o)
 .data          0x00000000        0x0 c:/program files (x86)/atmel/studio/7.0/toolchain/avr8/avr8-gnu-toolchain/bin/../lib/gcc/avr/5.4.0/../../../../avr/lib/avr51\libc.a(memcpy.o)
 .bss           0x00000000        0x0 c:/program files (x86)/atmel/studio/7.0/toolchain/avr8/avr8-gnu-toolchain/bin/../lib/gcc/avr/5.4.0/../../../../avr/lib/avr51\libc.a(memcpy.o)
 .text          0x00000000        0x0 C:/Program Files (x86)/Atmel/Studio/7.0/Packs/atmel/ATmega_DFP/1.1.130/gcc/dev/atmega128a/avr51\libatmega128a.a(eerd_byte.o)
 .data          0x00000000        0x0 C:/Program Files (x86)/Atmel/Studio/7.0/Packs/atmel/ATmega_DFP/1.1.130/gcc/dev/atmega128a/avr51\libatmega128a.a(eerd_byte.o)
 .bss           0x00000000        0x0 C:/Program Files (x86)/Atmel/Studio/7.0/Packs/atmel/ATmega_DFP/1.1.130/gcc/dev/atmega128a/avr51\libatmega128a.a(eerd_byte.o)
 .text          0x00000000        0x0 C:/Program Files (x86)/Atmel/Studio/7.0/Packs/atmel/ATmega_DFP/1.1.130/gcc/dev/atmega128a/avr51\libatmega128a.a(eeupd_byte.o)
 .data          0x00000000        0x0 C:/Program Files (x86)/Atmel/Studio/7.0/Packs/atmel/ATmega_DFP/1.1.130/gcc/dev/atmega128a/avr51\libatmega128a.a(eeupd_byte.o)
 .bss           0x00000000        0x0 C:/Program Files (x86)/Atmel/Studio/7.0/Packs/atmel/ATmega_DFP/1.1.130/gcc/dev/atmega128a/avr51\libatmega128a.a(eeupd_byte.o)

Memory Configuration

Name             Origin             Length             Attributes
text             0x00000000         0x00020000         xr
data             0x00800100         0x0000ff00         rw !x
eeprom           0x00810000         0x00010000         rw !x
fuse             0x00820000         0x00000003         rw !x
lock             0x00830000         0x00000400         rw !x
signature        0x00840000         0x00000400         rw !x
user_signatures  0x00850000         0x00000400         rw !x
*default*        0x00000000         0xffffffff

Linker script and memory map

Address of section .data set to 0x800100
LOAD C:/Program Files (x86)/Atmel/Studio/7.0/Packs/atmel/ATmega_DFP/1.1.130/gcc/dev/atmega128a/avr51/crtatmega128a.o
LOAD CommunicateProtocols/src/Modbus_rtu.o
LOAD Datastructure/src/SerialBuffer.o
LOAD DeviceDriver/src/Alarm.o
LOAD DeviceDriver/src/Count_Sensor.o
LOAD DeviceDriver/src/Dev_Manager.o
LOAD DeviceDriver/src/per_sec_timer.o
LOAD DeviceDriver/src/RS485Driver.o
LOAD DeviceDriver/src/Timer_Alarm.o
LOAD DeviceDriver/src/UartDriver.o
LOAD DeviceDriver/src/Ubbr_Calculate.o
LOAD Eth_Udp/SRC/enc28j60.o
LOAD Eth_Udp/SRC/ip_arp_udp_tcp.o
LOAD Eth_Udp/SRC/spi.o
LOAD Eth_Udp/SRC/timeout.o
LOAD main.o
LOAD MiddleWare/SRC/MiddleWare.o
LOAD RTOS/SRC/croutine.o
LOAD RTOS/SRC/event_groups.o
LOAD RTOS/SRC/heap_1.o
LOAD RTOS/SRC/list.o
LOAD RTOS/SRC/port.o
LOAD RTOS/SRC/queue.o
LOAD RTOS/SRC/tasks.o
LOAD RTOS/SRC/timers.o
START GROUP
LOAD c:/program files (x86)/atmel/studio/7.0/toolchain/avr8/avr8-gnu-toolchain/bin/../lib/gcc/avr/5.4.0/../../../../avr/lib/avr51\libm.a
END GROUP
LOAD c:/program files (x86)/atmel/studio/7.0/toolchain/avr8/avr8-gnu-toolchain/bin/../lib/gcc/avr/5.4.0/avr51\libgcc.a
LOAD c:/program files (x86)/atmel/studio/7.0/toolchain/avr8/avr8-gnu-toolchain/bin/../lib/gcc/avr/5.4.0/../../../../avr/lib/avr51\libm.a
START GROUP
LOAD c:/program files (x86)/atmel/studio/7.0/toolchain/avr8/avr8-gnu-toolchain/bin/../lib/gcc/avr/5.4.0/avr51\libgcc.a
LOAD c:/program files (x86)/atmel/studio/7.0/toolchain/avr8/avr8-gnu-toolchain/bin/../lib/gcc/avr/5.4.0/../../../../avr/lib/avr51\libm.a
LOAD c:/program files (x86)/atmel/studio/7.0/toolchain/avr8/avr8-gnu-toolchain/bin/../lib/gcc/avr/5.4.0/../../../../avr/lib/avr51\libc.a
LOAD C:/Program Files (x86)/Atmel/Studio/7.0/Packs/atmel/ATmega_DFP/1.1.130/gcc/dev/atmega128a/avr51\libatmega128a.a
END GROUP
                0x00020000                __TEXT_REGION_LENGTH__ = DEFINED (__TEXT_REGION_LENGTH__)?__TEXT_REGION_LENGTH__:0x20000
                0x0000ff00                __DATA_REGION_LENGTH__ = DEFINED (__DATA_REGION_LENGTH__)?__DATA_REGION_LENGTH__:0xff00
                0x00010000                __EEPROM_REGION_LENGTH__ = DEFINED (__EEPROM_REGION_LENGTH__)?__EEPROM_REGION_LENGTH__:0x10000
                [0x00000003]                __FUSE_REGION_LENGTH__ = DEFINED (__FUSE_REGION_LENGTH__)?__FUSE_REGION_LENGTH__:0x400
                0x00000400                __LOCK_REGION_LENGTH__ = DEFINED (__LOCK_REGION_LENGTH__)?__LOCK_REGION_LENGTH__:0x400
                0x00000400                __SIGNATURE_REGION_LENGTH__ = DEFINED (__SIGNATURE_REGION_LENGTH__)?__SIGNATURE_REGION_LENGTH__:0x400
                0x00000400                __USER_SIGNATURE_REGION_LENGTH__ = DEFINED (__USER_SIGNATURE_REGION_LENGTH__)?__USER_SIGNATURE_REGION_LENGTH__:0x400

.hash
 *(.hash)

.dynsym
 *(.dynsym)

.dynstr
 *(.dynstr)

.gnu.version
 *(.gnu.version)

.gnu.version_d
 *(.gnu.version_d)

.gnu.version_r
 *(.gnu.version_r)

.rel.init
 *(.rel.init)

.rela.init
 *(.rela.init)

.rel.text
 *(.rel.text)
 *(.rel.text.*)
 *(.rel.gnu.linkonce.t*)

.rela.text
 *(.rela.text)
 *(.rela.text.*)
 *(.rela.gnu.linkonce.t*)

.rel.fini
 *(.rel.fini)

.rela.fini
 *(.rela.fini)

.rel.rodata
 *(.rel.rodata)
 *(.rel.rodata.*)
 *(.rel.gnu.linkonce.r*)

.rela.rodata
 *(.rela.rodata)
 *(.rela.rodata.*)
 *(.rela.gnu.linkonce.r*)

.rel.data
 *(.rel.data)
 *(.rel.data.*)
 *(.rel.gnu.linkonce.d*)

.rela.data
 *(.rela.data)
 *(.rela.data.*)
 *(.rela.gnu.linkonce.d*)

.rel.ctors
 *(.rel.ctors)

.rela.ctors
 *(.rela.ctors)

.rel.dtors
 *(.rel.dtors)

.rela.dtors
 *(.rela.dtors)

.rel.got
 *(.rel.got)

.rela.got
 *(.rela.got)

.rel.bss
 *(.rel.bss)

.rela.bss
 *(.rela.bss)

.rel.plt
 *(.rel.plt)

.rela.plt
 *(.rela.plt)

.text           0x00000000     0x30e0
 *(.vectors)
 .vectors       0x00000000       0x8c C:/Program Files (x86)/Atmel/Studio/7.0/Packs/atmel/ATmega_DFP/1.1.130/gcc/dev/atmega128a/avr51/crtatmega128a.o
                0x00000000                __vector_default
                0x00000000                __vectors
 *(.vectors)
 *(.progmem.gcc*)
                0x0000008c                . = ALIGN (0x2)
                0x0000008c                __trampolines_start = .
 *(.trampolines)
 .trampolines   0x0000008c        0x0 linker stubs
 *(.trampolines*)
                0x0000008c                __trampolines_end = .
 *libprintf_flt.a:*(.progmem.data)
 *libc.a:*(.progmem.data)
 *(.progmem*)
                0x0000008c                . = ALIGN (0x2)
 *(.jumptables)
 *(.jumptables*)
 *(.lowtext)
 *(.lowtext*)
                0x0000008c                __ctors_start = .
 *(.ctors)
                0x0000008c                __ctors_end = .
                0x0000008c                __dtors_start = .
 *(.dtors)
                0x0000008c                __dtors_end = .
 SORT(*)(.ctors)
 SORT(*)(.dtors)
 *(.init0)
 .init0         0x0000008c        0x0 C:/Program Files (x86)/Atmel/Studio/7.0/Packs/atmel/ATmega_DFP/1.1.130/gcc/dev/atmega128a/avr51/crtatmega128a.o
                0x0000008c                __init
 *(.init0)
 *(.init1)
 *(.init1)
 *(.init2)
 .init2         0x0000008c        0xc C:/Program Files (x86)/Atmel/Studio/7.0/Packs/atmel/ATmega_DFP/1.1.130/gcc/dev/atmega128a/avr51/crtatmega128a.o
 *(.init2)
 *(.init3)
 *(.init3)
 *(.init4)
 .init4         0x00000098       0x1a c:/program files (x86)/atmel/studio/7.0/toolchain/avr8/avr8-gnu-toolchain/bin/../lib/gcc/avr/5.4.0/avr51\libgcc.a(_copy_data.o)
                0x00000098                __do_copy_data
 .init4         0x000000b2       0x10 c:/program files (x86)/atmel/studio/7.0/toolchain/avr8/avr8-gnu-toolchain/bin/../lib/gcc/avr/5.4.0/avr51\libgcc.a(_clear_bss.o)
                0x000000b2                __do_clear_bss
 *(.init4)
 *(.init5)
 *(.init5)
 *(.init6)
 *(.init6)
 *(.init7)
 *(.init7)
 *(.init8)
 *(.init8)
 *(.init9)
 .init9         0x000000c2        0x8 C:/Program Files (x86)/Atmel/Studio/7.0/Packs/atmel/ATmega_DFP/1.1.130/gcc/dev/atmega128a/avr51/crtatmega128a.o
 *(.init9)
 *(.text)
 .text          0x000000ca        0x2 C:/Program Files (x86)/Atmel/Studio/7.0/Packs/atmel/ATmega_DFP/1.1.130/gcc/dev/atmega128a/avr51/crtatmega128a.o
                0x000000ca                __vector_22
                0x000000ca                __vector_32
                0x000000ca                __vector_34
                0x000000ca                __vector_24
                0x000000ca                __bad_interrupt
                0x000000ca                __vector_6
                0x000000ca                __vector_31
                0x000000ca                __vector_3
                0x000000ca                __vector_23
                0x000000ca                __vector_25
                0x000000ca                __vector_11
                0x000000ca                __vector_13
                0x000000ca                __vector_17
                0x000000ca                __vector_19
                0x000000ca                __vector_7
                0x000000ca                __vector_27
                0x000000ca                __vector_5
                0x000000ca                __vector_33
                0x000000ca                __vector_4
                0x000000ca                __vector_2
                0x000000ca                __vector_21
                0x000000ca                __vector_29
                0x000000ca                __vector_8
                0x000000ca                __vector_26
                0x000000ca                __vector_14
                0x000000ca                __vector_10
                0x000000ca                __vector_16
                0x000000ca                __vector_20
                0x000000cc                . = ALIGN (0x2)
 *(.text.*)
 .text._Z5CRC16Phi
                0x000000cc       0x38 CommunicateProtocols/src/Modbus_rtu.o
                0x000000cc                _Z5CRC16Phi
 .text._Z13GetFunc04DataPcP17GetFunctionCode04Pi
                0x00000104       0x42 CommunicateProtocols/src/Modbus_rtu.o
                0x00000104                _Z13GetFunc04DataPcP17GetFunctionCode04Pi
 .text._Z13GetFunc05DataPcP17GetFunctionCode05
                0x00000146       0x32 CommunicateProtocols/src/Modbus_rtu.o
                0x00000146                _Z13GetFunc05DataPcP17GetFunctionCode05
 .text._Z13GetFucc10DataPcP17GetFunctionCode10Pi
                0x00000178       0x54 CommunicateProtocols/src/Modbus_rtu.o
                0x00000178                _Z13GetFucc10DataPcP17GetFunctionCode10Pi
 .text._Z18ResponseFucc10DataPcP22ResponseFunctionCode10
                0x000001cc       0x32 CommunicateProtocols/src/Modbus_rtu.o
                0x000001cc                _Z18ResponseFucc10DataPcP22ResponseFunctionCode10
 .text._Z16GetExceptionCodeP16RspExceptionCodecc
                0x000001fe       0x20 CommunicateProtocols/src/Modbus_rtu.o
                0x000001fe                _Z16GetExceptionCodeP16RspExceptionCodecc
 .text._ZN12SerialBufferC2EP11Dev_Manager8Dev_type
                0x0000021e       0x4a Datastructure/src/SerialBuffer.o
                0x0000021e                _ZN12SerialBufferC2EP11Dev_Manager8Dev_type
                0x0000021e                _ZN12SerialBufferC1EP11Dev_Manager8Dev_type
 .text._ZN12SerialBuffernwEj
                0x00000268        0x6 Datastructure/src/SerialBuffer.o
                0x00000268                _ZN12SerialBuffernwEj
 .text._ZN12SerialBuffer11SerialstoreEc
                0x0000026e       0x4a Datastructure/src/SerialBuffer.o
                0x0000026e                _ZN12SerialBuffer11SerialstoreEc
 .text._ZN12SerialBuffer11SerialWriteEPKci
                0x000002b8       0x78 Datastructure/src/SerialBuffer.o
                0x000002b8                _ZN12SerialBuffer11SerialWriteEPKci
 .text._ZN12SerialBuffer10SerialReadEv
                0x00000330       0x58 Datastructure/src/SerialBuffer.o
                0x00000330                _ZN12SerialBuffer10SerialReadEv
 .text._ZN12SerialBuffer15SerialAvailableEv
                0x00000388       0x16 Datastructure/src/SerialBuffer.o
                0x00000388                _ZN12SerialBuffer15SerialAvailableEv
 .text._ZN12SerialBuffer11SerialFlushEv
                0x0000039e       0x16 Datastructure/src/SerialBuffer.o
                0x0000039e                _ZN12SerialBuffer11SerialFlushEv
 .text.Alarm_Init
                0x000003b4       0x10 DeviceDriver/src/Alarm.o
                0x000003b4                Alarm_Init
 .text.Alarm_Stop
                0x000003c4        0x8 DeviceDriver/src/Alarm.o
                0x000003c4                Alarm_Stop
 .text.Alarm_Start
                0x000003cc        0x8 DeviceDriver/src/Alarm.o
                0x000003cc                Alarm_Start
 .text.Alarm_Open
                0x000003d4       0x2c DeviceDriver/src/Alarm.o
                0x000003d4                Alarm_Open
 .text.__vector_15
                0x00000400       0xa2 DeviceDriver/src/Alarm.o
                0x00000400                __vector_15
 .text._ZNK20DeviceDriveInterFace11Device_ReadEv
                0x000004a2        0x4 DeviceDriver/src/Count_Sensor.o
                0x000004a2                _ZNK20DeviceDriveInterFace11Device_ReadEv
 .text._ZN20DeviceDriveInterFace13Device_WritesEPKc
                0x000004a6        0x2 DeviceDriver/src/Count_Sensor.o
                0x000004a6                _ZN20DeviceDriveInterFace13Device_WritesEPKc
 .text._ZN20DeviceDriveInterFace12Device_WriteEc
                0x000004a8        0x2 DeviceDriver/src/Count_Sensor.o
                0x000004a8                _ZN20DeviceDriveInterFace12Device_WriteEc
 .text._ZN12Count_Sensor11Device_InitEv
                0x000004aa       0x1e DeviceDriver/src/Count_Sensor.o
                0x000004aa                _ZN12Count_Sensor11Device_InitEv
 .text._ZN12Count_SensornwEj
                0x000004c8        0x6 DeviceDriver/src/Count_Sensor.o
                0x000004c8                _ZN12Count_SensornwEj
 .text._ZN11Dev_ManagerC2Ev
                0x000004ce       0x22 DeviceDriver/src/Dev_Manager.o
                0x000004ce                _ZN11Dev_ManagerC2Ev
                0x000004ce                _ZN11Dev_ManagerC1Ev
 .text._ZN11Dev_Manager11getInstanceEv
                0x000004f0       0x32 DeviceDriver/src/Dev_Manager.o
                0x000004f0                _ZN11Dev_Manager11getInstanceEv
 .text._ZN11Dev_Manager12Register_DevEP20DeviceDriveInterFace8Dev_type
                0x00000522       0x12 DeviceDriver/src/Dev_Manager.o
                0x00000522                _ZN11Dev_Manager12Register_DevEP20DeviceDriveInterFace8Dev_type
 .text._ZN11Dev_ManagernwEj
                0x00000534        0x6 DeviceDriver/src/Dev_Manager.o
                0x00000534                _ZN11Dev_ManagernwEj
 .text._ZN11Dev_Manager5WriteE8Dev_typec
                0x0000053a       0x28 DeviceDriver/src/Dev_Manager.o
                0x0000053a                _ZN11Dev_Manager5WriteE8Dev_typec
 .text._ZN11Dev_Manager6WritesE8Dev_typePKc
                0x00000562       0x28 DeviceDriver/src/Dev_Manager.o
                0x00000562                _ZN11Dev_Manager6WritesE8Dev_typePKc
 .text._ZN11Dev_Manager11Device_InitE8Dev_type
                0x0000058a       0x24 DeviceDriver/src/Dev_Manager.o
                0x0000058a                _ZN11Dev_Manager11Device_InitE8Dev_type
 .text._ZN11Dev_Manager11Open_HandleE8Dev_typePFvS0_jE
                0x000005ae       0x1a DeviceDriver/src/Dev_Manager.o
                0x000005ae                _ZN11Dev_Manager11Open_HandleE8Dev_typePFvS0_jE
 .text._ZN11Dev_Manager12Driver_CheckE8Dev_type
                0x000005c8       0x1a DeviceDriver/src/Dev_Manager.o
                0x000005c8                _ZN11Dev_Manager12Driver_CheckE8Dev_type
 .text._ZNK11Dev_Manager16getInterfaceAddrE8Dev_type
                0x000005e2       0x12 DeviceDriver/src/Dev_Manager.o
                0x000005e2                _ZNK11Dev_Manager16getInterfaceAddrE8Dev_type
 .text.__vector_18
                0x000005f4       0x60 DeviceDriver/src/Dev_Manager.o
                0x000005f4                __vector_18
 .text.__vector_30
                0x00000654       0x62 DeviceDriver/src/Dev_Manager.o
                0x00000654                __vector_30
 .text.__vector_28
                0x000006b6       0x60 DeviceDriver/src/Dev_Manager.o
                0x000006b6                __vector_28
 .text.__vector_1
                0x00000716       0x60 DeviceDriver/src/Dev_Manager.o
                0x00000716                __vector_1
 .text._ZN5Timer11Device_InitEv
                0x00000776       0x20 DeviceDriver/src/per_sec_timer.o
                0x00000776                _ZN5Timer11Device_InitEv
 .text._ZN5TimerC2Ev
                0x00000796        0xc DeviceDriver/src/per_sec_timer.o
                0x00000796                _ZN5TimerC2Ev
                0x00000796                _ZN5TimerC1Ev
 .text._ZN5TimernwEj
                0x000007a2        0x6 DeviceDriver/src/per_sec_timer.o
                0x000007a2                _ZN5TimernwEj
 .text._ZN11RS485Driver11Device_InitEv
                0x000007a8       0x42 DeviceDriver/src/RS485Driver.o
                0x000007a8                _ZN11RS485Driver11Device_InitEv
 .text._ZN11RS485DriverC2Ev
                0x000007ea       0x28 DeviceDriver/src/RS485Driver.o
                0x000007ea                _ZN11RS485DriverC1Ev
                0x000007ea                _ZN11RS485DriverC2Ev
 .text._ZN11RS485DrivernwEj
                0x00000812        0x6 DeviceDriver/src/RS485Driver.o
                0x00000812                _ZN11RS485DrivernwEj
 .text._ZN11RS485Driver12UART_PutcharEc
                0x00000818       0x48 DeviceDriver/src/RS485Driver.o
                0x00000818                _ZN11RS485Driver12UART_PutcharEc
 .text._ZN11RS485Driver12Device_WriteEc
                0x00000860        0x4 DeviceDriver/src/RS485Driver.o
                0x00000860                _ZN11RS485Driver12Device_WriteEc
 .text._ZN11RS485Driver14UART_PutStringEPKc
                0x00000864       0x54 DeviceDriver/src/RS485Driver.o
                0x00000864                _ZN11RS485Driver14UART_PutStringEPKc
 .text._ZN11RS485Driver13Device_WritesEPKc
                0x000008b8        0x4 DeviceDriver/src/RS485Driver.o
                0x000008b8                _ZN11RS485Driver13Device_WritesEPKc
 .text.__vector_9
                0x000008bc       0x3a DeviceDriver/src/Timer_Alarm.o
                0x000008bc                __vector_9
 .text._ZN10UartDriver11Device_InitEv
                0x000008f6       0x3a DeviceDriver/src/UartDriver.o
                0x000008f6                _ZN10UartDriver11Device_InitEv
 .text._ZN10UartDriverC2Ev
                0x00000930       0x28 DeviceDriver/src/UartDriver.o
                0x00000930                _ZN10UartDriverC2Ev
                0x00000930                _ZN10UartDriverC1Ev
 .text._ZN10UartDrivernwEj
                0x00000958        0x6 DeviceDriver/src/UartDriver.o
                0x00000958                _ZN10UartDrivernwEj
 .text._ZN10UartDriver12UART_PutcharEc
                0x0000095e       0x40 DeviceDriver/src/UartDriver.o
                0x0000095e                _ZN10UartDriver12UART_PutcharEc
 .text._ZN10UartDriver12Device_WriteEc
                0x0000099e        0x4 DeviceDriver/src/UartDriver.o
                0x0000099e                _ZN10UartDriver12Device_WriteEc
 .text._ZN10UartDriver14UART_PutStringEPKc
                0x000009a2       0x54 DeviceDriver/src/UartDriver.o
                0x000009a2                _ZN10UartDriver14UART_PutStringEPKc
 .text._ZN10UartDriver13Device_WritesEPKc
                0x000009f6        0x4 DeviceDriver/src/UartDriver.o
                0x000009f6                _ZN10UartDriver13Device_WritesEPKc
 .text._ZN4Ubbr10Ubbr_ValueERKj
                0x000009fa       0x8c DeviceDriver/src/Ubbr_Calculate.o
                0x000009fa                _ZN4Ubbr10Ubbr_ValueERKj
 .text._Z14enc28j60ReadOphh
                0x00000a86       0x24 Eth_Udp/SRC/enc28j60.o
                0x00000a86                _Z14enc28j60ReadOphh
 .text._Z15enc28j60WriteOphhh
                0x00000aaa       0x16 Eth_Udp/SRC/enc28j60.o
                0x00000aaa                _Z15enc28j60WriteOphhh
 .text._Z18enc28j60ReadBufferjPh
                0x00000ac0       0x30 Eth_Udp/SRC/enc28j60.o
                0x00000ac0                _Z18enc28j60ReadBufferjPh
 .text._Z19enc28j60WriteBufferjPh
                0x00000af0       0x2c Eth_Udp/SRC/enc28j60.o
                0x00000af0                _Z19enc28j60WriteBufferjPh
 .text._Z15enc28j60SetBankh
                0x00000b1c       0x4a Eth_Udp/SRC/enc28j60.o
                0x00000b1c                _Z15enc28j60SetBankh
 .text._Z12enc28j60Readh
                0x00000b66       0x10 Eth_Udp/SRC/enc28j60.o
                0x00000b66                _Z12enc28j60Readh
 .text._Z13enc28j60Writehh
                0x00000b76       0x18 Eth_Udp/SRC/enc28j60.o
                0x00000b76                _Z13enc28j60Writehh
 .text._Z16enc28j60PhyWritehj
                0x00000b8e       0x30 Eth_Udp/SRC/enc28j60.o
                0x00000b8e                _Z16enc28j60PhyWritehj
 .text._Z14enc28j60clkouth
                0x00000bbe        0xa Eth_Udp/SRC/enc28j60.o
                0x00000bbe                _Z14enc28j60clkouth
 .text._Z12enc28j60InitPh
                0x00000bc8       0xf4 Eth_Udp/SRC/enc28j60.o
                0x00000bc8                _Z12enc28j60InitPh
 .text._Z18enc28j60PacketSendjPh
                0x00000cbc       0x5c Eth_Udp/SRC/enc28j60.o
                0x00000cbc                _Z18enc28j60PacketSendjPh
 .text._Z21enc28j60PacketReceivejPh
                0x00000d18       0xca Eth_Udp/SRC/enc28j60.o
                0x00000d18                _Z21enc28j60PacketReceivejPh
 .text._Z8checksumPhjh
                0x00000de2       0xec Eth_Udp/SRC/ip_arp_udp_tcp.o
                0x00000de2                _Z8checksumPhjh
 .text._Z19init_ip_arp_udp_tcpPhS_h
                0x00000ece       0x32 Eth_Udp/SRC/ip_arp_udp_tcp.o
                0x00000ece                _Z19init_ip_arp_udp_tcpPhS_h
 .text._Z25eth_type_is_arp_and_my_ipPhj
                0x00000f00       0x4c Eth_Udp/SRC/ip_arp_udp_tcp.o
                0x00000f00                _Z25eth_type_is_arp_and_my_ipPhj
 .text._Z24eth_type_is_ip_and_my_ipPhj
                0x00000f4c       0x54 Eth_Udp/SRC/ip_arp_udp_tcp.o
                0x00000f4c                _Z24eth_type_is_ip_and_my_ipPhj
 .text._Z8make_ethPh
                0x00000fa0       0x1c Eth_Udp/SRC/ip_arp_udp_tcp.o
                0x00000fa0                _Z8make_ethPh
 .text._Z20fill_ip_hdr_checksumPh
                0x00000fbc       0x28 Eth_Udp/SRC/ip_arp_udp_tcp.o
                0x00000fbc                _Z20fill_ip_hdr_checksumPh
 .text._Z7make_ipPh
                0x00000fe4       0x22 Eth_Udp/SRC/ip_arp_udp_tcp.o
                0x00000fe4                _Z7make_ipPh
 .text._Z28make_arp_answer_from_requestPh
                0x00001006       0x50 Eth_Udp/SRC/ip_arp_udp_tcp.o
                0x00001006                _Z28make_arp_answer_from_requestPh
 .text._Z28make_echo_reply_from_requestPhj
                0x00001056       0x34 Eth_Udp/SRC/ip_arp_udp_tcp.o
                0x00001056                _Z28make_echo_reply_from_requestPhj
 .text._Z27make_udp_reply_from_requestPhPchj
                0x0000108a       0x96 Eth_Udp/SRC/ip_arp_udp_tcp.o
                0x0000108a                _Z27make_udp_reply_from_requestPhPchj
 .text._Z8spi_initv
                0x00001120       0x14 Eth_Udp/SRC/spi.o
                0x00001120                _Z8spi_initv
 .text._Z8delay_msj
                0x00001134       0x16 Eth_Udp/SRC/timeout.o
                0x00001134                _Z8delay_msj
 .text._Z9Timer_ISR8Dev_typej
                0x0000114a       0x14 main.o
                0x0000114a                _Z9Timer_ISR8Dev_typej
 .text._Z9Set_Alarmv
                0x0000115e       0x10 main.o
                0x0000115e                _Z9Set_Alarmv
 .text._ZL5proc2Pv
                0x0000116e      0x348 main.o
 .text._ZL5proc1Pv
                0x000014b6      0x176 main.o
 .text._ZL4procPv
                0x0000162c      0x260 main.o
 .text._Z8Uart_ISR8Dev_typej
                0x0000188c       0x10 main.o
                0x0000188c                _Z8Uart_ISR8Dev_typej
 .text._Z9RS485_ISR8Dev_typej
                0x0000189c       0x10 main.o
                0x0000189c                _Z9RS485_ISR8Dev_typej
 .text._Z16Count_Sensor_ISR8Dev_typej
                0x000018ac       0x10 main.o
                0x000018ac                _Z16Count_Sensor_ISR8Dev_typej
 .text._Z8Init_Devv
                0x000018bc       0xf4 main.o
                0x000018bc                _Z8Init_Devv
 .text.main     0x000019b0      0x160 main.o
                0x000019b0                main
 .text.vApplicationStackOverflowHook
                0x00001b10        0x2 main.o
                0x00001b10                vApplicationStackOverflowHook
 .text.pvPortMalloc
                0x00001b12       0x66 RTOS/SRC/heap_1.o
                0x00001b12                pvPortMalloc
 .text.vPortFree
                0x00001b78        0x2 RTOS/SRC/heap_1.o
                0x00001b78                vPortFree
 .text.vListInitialise
                0x00001b7a       0x1c RTOS/SRC/list.o
                0x00001b7a                vListInitialise
 .text.vListInitialiseItem
                0x00001b96        0x8 RTOS/SRC/list.o
                0x00001b96                vListInitialiseItem
 .text.vListInsertEnd
                0x00001b9e       0x42 RTOS/SRC/list.o
                0x00001b9e                vListInsertEnd
 .text.vListInsert
                0x00001be0       0x62 RTOS/SRC/list.o
                0x00001be0                vListInsert
 .text.uxListRemove
                0x00001c42       0x4c RTOS/SRC/list.o
                0x00001c42                uxListRemove
 .text.pxPortInitialiseStack
                0x00001c8e       0xd8 RTOS/SRC/port.o
                0x00001c8e                pxPortInitialiseStack
 .text.xPortStartScheduler
                0x00001d66       0x6a RTOS/SRC/port.o
                0x00001d66                xPortStartScheduler
 .text.vPortYield
                0x00001dd0       0xb0 RTOS/SRC/port.o
                0x00001dd0                vPortYield
 .text.vPortYieldFromTick
                0x00001e80       0xb4 RTOS/SRC/port.o
                0x00001e80                vPortYieldFromTick
 .text.__vector_12
                0x00001f34        0x4 RTOS/SRC/port.o
                0x00001f34                __vector_12
 .text.prvCopyDataToQueue
                0x00001f38       0xbc RTOS/SRC/queue.o
 .text.prvCopyDataFromQueue
                0x00001ff4       0x34 RTOS/SRC/queue.o
 .text.prvUnlockQueue
                0x00002028       0x92 RTOS/SRC/queue.o
 .text.xQueueGenericReset
                0x000020ba       0x72 RTOS/SRC/queue.o
                0x000020ba                xQueueGenericReset
 .text.xQueueGenericCreate
                0x0000212c       0x54 RTOS/SRC/queue.o
                0x0000212c                xQueueGenericCreate
 .text.xQueueGenericSend
                0x00002180      0x124 RTOS/SRC/queue.o
                0x00002180                xQueueGenericSend
 .text.xQueueCreateMutex
                0x000022a4       0x30 RTOS/SRC/queue.o
                0x000022a4                xQueueCreateMutex
 .text.xQueueGenericReceive
                0x000022d4      0x174 RTOS/SRC/queue.o
                0x000022d4                xQueueGenericReceive
 .text.prvResetNextTaskUnblockTime
                0x00002448       0x3e RTOS/SRC/tasks.o
 .text.prvAddCurrentTaskToDelayedList
                0x00002486       0xa8 RTOS/SRC/tasks.o
 .text.xTaskCreate
                0x0000252e      0x1fc RTOS/SRC/tasks.o
                0x0000252e                xTaskCreate
 .text.vTaskStartScheduler
                0x0000272a       0x50 RTOS/SRC/tasks.o
                0x0000272a                vTaskStartScheduler
 .text.vTaskSuspendAll
                0x0000277a        0xc RTOS/SRC/tasks.o
                0x0000277a                vTaskSuspendAll
 .text.xTaskIncrementTick
                0x00002786      0x16e RTOS/SRC/tasks.o
                0x00002786                xTaskIncrementTick
 .text.xTaskResumeAll
                0x000028f4       0xf2 RTOS/SRC/tasks.o
                0x000028f4                xTaskResumeAll
 .text.vTaskDelay
                0x000029e6       0x20 RTOS/SRC/tasks.o
                0x000029e6                vTaskDelay
 .text.prvIdleTask
                0x00002a06       0x6e RTOS/SRC/tasks.o
 .text.vTaskSwitchContext
                0x00002a74      0x100 RTOS/SRC/tasks.o
                0x00002a74                vTaskSwitchContext
 .text.vTaskPlaceOnEventList
                0x00002b74       0x20 RTOS/SRC/tasks.o
                0x00002b74                vTaskPlaceOnEventList
 .text.xTaskRemoveFromEventList
                0x00002b94       0x8c RTOS/SRC/tasks.o
                0x00002b94                xTaskRemoveFromEventList
 .text.vTaskSetTimeOutState
                0x00002c20       0x16 RTOS/SRC/tasks.o
                0x00002c20                vTaskSetTimeOutState
 .text.xTaskCheckForTimeOut
                0x00002c36       0x70 RTOS/SRC/tasks.o
                0x00002c36                xTaskCheckForTimeOut
 .text.vTaskMissedYield
                0x00002ca6        0x8 RTOS/SRC/tasks.o
                0x00002ca6                vTaskMissedYield
 .text.vTaskPriorityInherit
                0x00002cae       0xc4 RTOS/SRC/tasks.o
                0x00002cae                vTaskPriorityInherit
 .text.xTaskPriorityDisinherit
                0x00002d72       0x80 RTOS/SRC/tasks.o
                0x00002d72                xTaskPriorityDisinherit
 .text.pvTaskIncrementMutexHeldCount
                0x00002df2       0x24 RTOS/SRC/tasks.o
                0x00002df2                pvTaskIncrementMutexHeldCount
 .text.avr-libc.fplib
                0x00002e16        0xa c:/program files (x86)/atmel/studio/7.0/toolchain/avr8/avr8-gnu-toolchain/bin/../lib/gcc/avr/5.4.0/../../../../avr/lib/avr51\libm.a(addsf3.o)
                0x00002e16                __subsf3
                0x00002e18                __addsf3
 .text.avr-libc.fplib
                0x00002e20       0xc0 c:/program files (x86)/atmel/studio/7.0/toolchain/avr8/avr8-gnu-toolchain/bin/../lib/gcc/avr/5.4.0/../../../../avr/lib/avr51\libm.a(addsf3x.o)
                0x00002e3a                __addsf3x
 .text.avr-libc.fplib
                0x00002ee0       0x58 c:/program files (x86)/atmel/studio/7.0/toolchain/avr8/avr8-gnu-toolchain/bin/../lib/gcc/avr/5.4.0/../../../../avr/lib/avr51\libm.a(fixunssfsi.o)
                0x00002ee0                __fixunssfsi
 .text.avr-libc.fplib
                0x00002f38       0x7a c:/program files (x86)/atmel/studio/7.0/toolchain/avr8/avr8-gnu-toolchain/bin/../lib/gcc/avr/5.4.0/../../../../avr/lib/avr51\libm.a(floatsisf.o)
                0x00002f38                __floatunsisf
                0x00002f3c                __floatsisf
 .text.avr-libc.fplib
                0x00002fb2        0xc c:/program files (x86)/atmel/studio/7.0/toolchain/avr8/avr8-gnu-toolchain/bin/../lib/gcc/avr/5.4.0/../../../../avr/lib/avr51\libm.a(fp_inf.o)
                0x00002fb2                __fp_inf
 .text.avr-libc.fplib
                0x00002fbe        0x6 c:/program files (x86)/atmel/studio/7.0/toolchain/avr8/avr8-gnu-toolchain/bin/../lib/gcc/avr/5.4.0/../../../../avr/lib/avr51\libm.a(fp_nan.o)
                0x00002fbe                __fp_nan
 .text.avr-libc.fplib
                0x00002fc4        0xe c:/program files (x86)/atmel/studio/7.0/toolchain/avr8/avr8-gnu-toolchain/bin/../lib/gcc/avr/5.4.0/../../../../avr/lib/avr51\libm.a(fp_pscA.o)
                0x00002fc4                __fp_pscA
 .text.avr-libc.fplib
                0x00002fd2        0xe c:/program files (x86)/atmel/studio/7.0/toolchain/avr8/avr8-gnu-toolchain/bin/../lib/gcc/avr/5.4.0/../../../../avr/lib/avr51\libm.a(fp_pscB.o)
                0x00002fd2                __fp_pscB
 .text.avr-libc.fplib
                0x00002fe0       0x22 c:/program files (x86)/atmel/studio/7.0/toolchain/avr8/avr8-gnu-toolchain/bin/../lib/gcc/avr/5.4.0/../../../../avr/lib/avr51\libm.a(fp_round.o)
                0x00002fe0                __fp_round
 .text.avr-libc.fplib
                0x00003002       0x44 c:/program files (x86)/atmel/studio/7.0/toolchain/avr8/avr8-gnu-toolchain/bin/../lib/gcc/avr/5.4.0/../../../../avr/lib/avr51\libm.a(fp_split3.o)
                0x00003002                __fp_split3
                0x00003012                __fp_splitA
 .text.avr-libc.fplib
                0x00003046        0xe c:/program files (x86)/atmel/studio/7.0/toolchain/avr8/avr8-gnu-toolchain/bin/../lib/gcc/avr/5.4.0/../../../../avr/lib/avr51\libm.a(fp_zero.o)
                0x00003046                __fp_zero
                0x00003048                __fp_szero
 .text.libgcc.div
                0x00003054       0x44 c:/program files (x86)/atmel/studio/7.0/toolchain/avr8/avr8-gnu-toolchain/bin/../lib/gcc/avr/5.4.0/avr51\libgcc.a(_udivmodsi4.o)
                0x00003054                __udivmodsi4
 .text.avr-libc
                0x00003098       0x12 c:/program files (x86)/atmel/studio/7.0/toolchain/avr8/avr8-gnu-toolchain/bin/../lib/gcc/avr/5.4.0/../../../../avr/lib/avr51\libc.a(memcpy.o)
                0x00003098                memcpy
 .text.avr-libc
                0x000030aa       0x10 C:/Program Files (x86)/Atmel/Studio/7.0/Packs/atmel/ATmega_DFP/1.1.130/gcc/dev/atmega128a/avr51\libatmega128a.a(eerd_byte.o)
                0x000030aa                eeprom_read_byte
 .text.avr-libc
                0x000030ba       0x22 C:/Program Files (x86)/Atmel/Studio/7.0/Packs/atmel/ATmega_DFP/1.1.130/gcc/dev/atmega128a/avr51\libatmega128a.a(eeupd_byte.o)
                0x000030ba                eeprom_update_byte
                0x000030bc                eeprom_update_r18
                0x000030dc                . = ALIGN (0x2)
 *(.fini9)
 .fini9         0x000030dc        0x0 c:/program files (x86)/atmel/studio/7.0/toolchain/avr8/avr8-gnu-toolchain/bin/../lib/gcc/avr/5.4.0/avr51\libgcc.a(_exit.o)
                0x000030dc                _exit
                0x000030dc                exit
 *(.fini9)
 *(.fini8)
 *(.fini8)
 *(.fini7)
 *(.fini7)
 *(.fini6)
 *(.fini6)
 *(.fini5)
 *(.fini5)
 *(.fini4)
 *(.fini4)
 *(.fini3)
 *(.fini3)
 *(.fini2)
 *(.fini2)
 *(.fini1)
 *(.fini1)
 *(.fini0)
 .fini0         0x000030dc        0x4 c:/program files (x86)/atmel/studio/7.0/toolchain/avr8/avr8-gnu-toolchain/bin/../lib/gcc/avr/5.4.0/avr51\libgcc.a(_exit.o)
 *(.fini0)
                0x000030e0                _etext = .

.data           0x00800100       0x9c load address 0x000030e0
                0x00800100                PROVIDE (__data_start, .)
 *(.data)
 *(.data*)
 .data._ZL7wwwport
                0x00800100        0x1 Eth_Udp/SRC/ip_arp_udp_tcp.o
 .data._ZZL5proc2PvE5mymac
                0x00800101        0x6 main.o
 *(.rodata)
 *(.rodata*)
 .rodata._ZTV12Count_Sensor
                0x00800107        0xc DeviceDriver/src/Count_Sensor.o
                0x00800107                _ZTV12Count_Sensor
 .rodata._ZTV5Timer
                0x00800113        0xc DeviceDriver/src/per_sec_timer.o
                0x00800113                _ZTV5Timer
 .rodata._ZTV11RS485Driver
                0x0080011f        0xc DeviceDriver/src/RS485Driver.o
                0x0080011f                _ZTV11RS485Driver
 .rodata._ZTV10UartDriver
                0x0080012b        0xc DeviceDriver/src/UartDriver.o
                0x0080012b                _ZTV10UartDriver
 .rodata.str1.1
                0x00800137       0x5f main.o
 .rodata.str1.1
                0x00800196        0x5 RTOS/SRC/tasks.o
 *(.gnu.linkonce.d*)
                0x0080019c                . = ALIGN (0x2)
 *fill*         0x0080019b        0x1 
                0x0080019c                _edata = .
                0x0080019c                PROVIDE (__data_end, .)

.bss            0x0080019c      0xc34
                0x0080019c                PROVIDE (__bss_start, .)
 *(.bss)
 *(.bss*)
 .bss.AlarmTable
                0x0080019c       0x1e DeviceDriver/src/Alarm.o
                0x0080019c                AlarmTable
 .bss._ZN11Dev_Manager4instE
                0x008001ba        0x2 DeviceDriver/src/Dev_Manager.o
                0x008001ba                _ZN11Dev_Manager4instE
 .bss._ZN11RS485Driver4instE
                0x008001bc        0x2 DeviceDriver/src/RS485Driver.o
                0x008001bc                _ZN11RS485Driver4instE
 .bss._ZN10UartDriver4instE
                0x008001be        0x2 DeviceDriver/src/UartDriver.o
                0x008001be                _ZN10UartDriver4instE
 .bss._ZL13NextPacketPtr
                0x008001c0        0x2 Eth_Udp/SRC/enc28j60.o
 .bss._ZL12Enc28j60Bank
                0x008001c2        0x1 Eth_Udp/SRC/enc28j60.o
 .bss._ZL6ipaddr
                0x008001c3        0x4 Eth_Udp/SRC/ip_arp_udp_tcp.o
 .bss._ZL7macaddr
                0x008001c7        0x6 Eth_Udp/SRC/ip_arp_udp_tcp.o
 .bss._ZZL5proc2PvE4data
                0x008001cd       0x10 main.o
 .bss._ZZL5proc2PvE3buf
                0x008001dd      0x201 main.o
 .bss._ZZL5proc2PvE4myip
                0x008003de        0x4 main.o
 .bss.chatter_flag
                0x008003e2        0x1 main.o
                0x008003e2                chatter_flag
 .bss.cmp_mem   0x008003e3        0x4 main.o
                0x008003e3                cmp_mem
 .bss.mem4      0x008003e7       0x4c main.o
                0x008003e7                mem4
 .bss.current_pressure
                0x00800433        0x2 main.o
                0x00800433                current_pressure
 .bss.current_temp
                0x00800435        0x2 main.o
                0x00800435                current_temp
 .bss.count_number
                0x00800437        0x2 main.o
                0x00800437                count_number
 .bss.rsp10     0x00800439        0x8 main.o
                0x00800439                rsp10
 .bss.exception
                0x00800441        0x5 main.o
                0x00800441                exception
 .bss.func10    0x00800446        0xb main.o
                0x00800446                func10
 .bss.func04    0x00800451        0x7 main.o
                0x00800451                func04
 .bss.func05    0x00800458        0x8 main.o
                0x00800458                func05
 .bss.DataStruct
                0x00800460        0x8 main.o
                0x00800460                DataStruct
 .bss.dev       0x00800468        0x2 main.o
                0x00800468                dev
 .bss.pucAlignedHeap.2069
                0x0080046a        0x2 RTOS/SRC/heap_1.o
 .bss.xNextFreeByte
                0x0080046c        0x2 RTOS/SRC/heap_1.o
 .bss.ucHeap    0x0080046e      0x8fc RTOS/SRC/heap_1.o
 .bss.uxSchedulerSuspended
                0x00800d6a        0x1 RTOS/SRC/tasks.o
 .bss.xIdleTaskHandle
                0x00800d6b        0x2 RTOS/SRC/tasks.o
 .bss.xNextTaskUnblockTime
                0x00800d6d        0x2 RTOS/SRC/tasks.o
 .bss.uxTaskNumber
                0x00800d6f        0x1 RTOS/SRC/tasks.o
 .bss.xNumOfOverflows
                0x00800d70        0x1 RTOS/SRC/tasks.o
 .bss.xYieldPending
                0x00800d71        0x1 RTOS/SRC/tasks.o
 .bss.uxPendedTicks
                0x00800d72        0x1 RTOS/SRC/tasks.o
 .bss.xSchedulerRunning
                0x00800d73        0x1 RTOS/SRC/tasks.o
 .bss.uxTopReadyPriority
                0x00800d74        0x1 RTOS/SRC/tasks.o
 .bss.xTickCount
                0x00800d75        0x2 RTOS/SRC/tasks.o
 .bss.uxCurrentNumberOfTasks
                0x00800d77        0x1 RTOS/SRC/tasks.o
 .bss.xSuspendedTaskList
                0x00800d78        0x9 RTOS/SRC/tasks.o
 .bss.uxDeletedTasksWaitingCleanUp
                0x00800d81        0x1 RTOS/SRC/tasks.o
 .bss.xTasksWaitingTermination
                0x00800d82        0x9 RTOS/SRC/tasks.o
 .bss.xPendingReadyList
                0x00800d8b        0x9 RTOS/SRC/tasks.o
 .bss.pxOverflowDelayedTaskList
                0x00800d94        0x2 RTOS/SRC/tasks.o
 .bss.pxDelayedTaskList
                0x00800d96        0x2 RTOS/SRC/tasks.o
 .bss.xDelayedTaskList2
                0x00800d98        0x9 RTOS/SRC/tasks.o
 .bss.xDelayedTaskList1
                0x00800da1        0x9 RTOS/SRC/tasks.o
 .bss.pxReadyTasksLists
                0x00800daa       0x24 RTOS/SRC/tasks.o
 .bss.pxCurrentTCB
                0x00800dce        0x2 RTOS/SRC/tasks.o
                0x00800dce                pxCurrentTCB
 *(COMMON)
                0x00800dd0                PROVIDE (__bss_end, .)
                0x000030e0                __data_load_start = LOADADDR (.data)
                0x0000317c                __data_load_end = (__data_load_start + SIZEOF (.data))

.noinit         0x00800dd0        0x0
                [!provide]                PROVIDE (__noinit_start, .)
 *(.noinit*)
                [!provide]                PROVIDE (__noinit_end, .)
                0x00800dd0                _end = .
                [!provide]                PROVIDE (__heap_start, .)

.eeprom         0x00810000        0x0
 *(.eeprom*)
                0x00810000                __eeprom_end = .

.fuse
 *(.fuse)
 *(.lfuse)
 *(.hfuse)
 *(.efuse)

.lock
 *(.lock*)

.signature
 *(.signature*)

.user_signatures
 *(.user_signatures*)

.stab
 *(.stab)

.stabstr
 *(.stabstr)

.stab.excl
 *(.stab.excl)

.stab.exclstr
 *(.stab.exclstr)

.stab.index
 *(.stab.index)

.stab.indexstr
 *(.stab.indexstr)

.comment        0x00000000       0x30
 *(.comment)
 .comment       0x00000000       0x30 CommunicateProtocols/src/Modbus_rtu.o
                                 0x31 (size before relaxing)
 .comment       0x00000030       0x31 Datastructure/src/SerialBuffer.o
 .comment       0x00000030       0x31 DeviceDriver/src/Alarm.o
 .comment       0x00000030       0x31 DeviceDriver/src/Count_Sensor.o
 .comment       0x00000030       0x31 DeviceDriver/src/Dev_Manager.o
 .comment       0x00000030       0x31 DeviceDriver/src/per_sec_timer.o
 .comment       0x00000030       0x31 DeviceDriver/src/RS485Driver.o
 .comment       0x00000030       0x31 DeviceDriver/src/Timer_Alarm.o
 .comment       0x00000030       0x31 DeviceDriver/src/UartDriver.o
 .comment       0x00000030       0x31 DeviceDriver/src/Ubbr_Calculate.o
 .comment       0x00000030       0x31 Eth_Udp/SRC/enc28j60.o
 .comment       0x00000030       0x31 Eth_Udp/SRC/ip_arp_udp_tcp.o
 .comment       0x00000030       0x31 Eth_Udp/SRC/spi.o
 .comment       0x00000030       0x31 Eth_Udp/SRC/timeout.o
 .comment       0x00000030       0x31 main.o
 .comment       0x00000030       0x31 RTOS/SRC/heap_1.o
 .comment       0x00000030       0x31 RTOS/SRC/list.o
 .comment       0x00000030       0x31 RTOS/SRC/port.o
 .comment       0x00000030       0x31 RTOS/SRC/queue.o
 .comment       0x00000030       0x31 RTOS/SRC/tasks.o

.note.gnu.avr.deviceinfo
                0x00000000       0x40
 .note.gnu.avr.deviceinfo
                0x00000000       0x40 C:/Program Files (x86)/Atmel/Studio/7.0/Packs/atmel/ATmega_DFP/1.1.130/gcc/dev/atmega128a/avr51/crtatmega128a.o

.note.gnu.build-id
 *(.note.gnu.build-id)

.debug
 *(.debug)

.line
 *(.line)

.debug_srcinfo
 *(.debug_srcinfo)

.debug_sfnames
 *(.debug_sfnames)

.debug_aranges  0x00000000      0x8e0
 *(.debug_aranges)
 .debug_aranges
                0x00000000       0x78 CommunicateProtocols/src/Modbus_rtu.o
 .debug_aranges
                0x00000078       0x70 Datastructure/src/SerialBuffer.o
 .debug_aranges
                0x000000e8       0x48 DeviceDriver/src/Alarm.o
 .debug_aranges
                0x00000130       0x48 DeviceDriver/src/Count_Sensor.o
 .debug_aranges
                0x00000178       0xa0 DeviceDriver/src/Dev_Manager.o
 .debug_aranges
                0x00000218       0x50 DeviceDriver/src/per_sec_timer.o
 .debug_aranges
                0x00000268       0x88 DeviceDriver/src/RS485Driver.o
 .debug_aranges
                0x000002f0       0x28 DeviceDriver/src/Timer_Alarm.o
 .debug_aranges
                0x00000318       0x88 DeviceDriver/src/UartDriver.o
 .debug_aranges
                0x000003a0       0x20 DeviceDriver/src/Ubbr_Calculate.o
 .debug_aranges
                0x000003c0       0x90 Eth_Udp/SRC/enc28j60.o
 .debug_aranges
                0x00000450       0xa8 Eth_Udp/SRC/ip_arp_udp_tcp.o
 .debug_aranges
                0x000004f8       0x20 Eth_Udp/SRC/spi.o
 .debug_aranges
                0x00000518       0x30 Eth_Udp/SRC/timeout.o
 .debug_aranges
                0x00000548       0x88 main.o
 .debug_aranges
                0x000005d0       0x38 RTOS/SRC/heap_1.o
 .debug_aranges
                0x00000608       0x40 RTOS/SRC/list.o
 .debug_aranges
                0x00000648       0x48 RTOS/SRC/port.o
 .debug_aranges
                0x00000690       0xc8 RTOS/SRC/queue.o
 .debug_aranges
                0x00000758      0x148 RTOS/SRC/tasks.o
 .debug_aranges
                0x000008a0       0x20 C:/Program Files (x86)/Atmel/Studio/7.0/Packs/atmel/ATmega_DFP/1.1.130/gcc/dev/atmega128a/avr51\libatmega128a.a(eerd_byte.o)
 .debug_aranges
                0x000008c0       0x20 C:/Program Files (x86)/Atmel/Studio/7.0/Packs/atmel/ATmega_DFP/1.1.130/gcc/dev/atmega128a/avr51\libatmega128a.a(eeupd_byte.o)

.debug_pubnames
 *(.debug_pubnames)

.debug_info     0x00000000     0xb580
 *(.debug_info .gnu.linkonce.wi.*)
 .debug_info    0x00000000      0x780 C:/Program Files (x86)/Atmel/Studio/7.0/Packs/atmel/ATmega_DFP/1.1.130/gcc/dev/atmega128a/avr51/crtatmega128a.o
 .debug_info    0x00000780      0x9d6 CommunicateProtocols/src/Modbus_rtu.o
 .debug_info    0x00001156      0x987 Datastructure/src/SerialBuffer.o
 .debug_info    0x00001add      0x219 DeviceDriver/src/Alarm.o
 .debug_info    0x00001cf6      0x3f7 DeviceDriver/src/Count_Sensor.o
 .debug_info    0x000020ed      0x7f4 DeviceDriver/src/Dev_Manager.o
 .debug_info    0x000028e1      0x4a9 DeviceDriver/src/per_sec_timer.o
 .debug_info    0x00002d8a      0xa95 DeviceDriver/src/RS485Driver.o
 .debug_info    0x0000381f      0x126 DeviceDriver/src/Timer_Alarm.o
 .debug_info    0x00003945      0xaed DeviceDriver/src/UartDriver.o
 .debug_info    0x00004432      0x174 DeviceDriver/src/Ubbr_Calculate.o
 .debug_info    0x000045a6      0xc07 Eth_Udp/SRC/enc28j60.o
 .debug_info    0x000051ad      0x9da Eth_Udp/SRC/ip_arp_udp_tcp.o
 .debug_info    0x00005b87       0x86 Eth_Udp/SRC/spi.o
 .debug_info    0x00005c0d      0x1a7 Eth_Udp/SRC/timeout.o
 .debug_info    0x00005db4     0x1e4a main.o
 .debug_info    0x00007bfe      0x1a4 RTOS/SRC/heap_1.o
 .debug_info    0x00007da2      0x2cd RTOS/SRC/list.o
 .debug_info    0x0000806f      0x263 RTOS/SRC/port.o
 .debug_info    0x000082d2     0x14b7 RTOS/SRC/queue.o
 .debug_info    0x00009789     0x1c9c RTOS/SRC/tasks.o
 .debug_info    0x0000b425       0xad C:/Program Files (x86)/Atmel/Studio/7.0/Packs/atmel/ATmega_DFP/1.1.130/gcc/dev/atmega128a/avr51\libatmega128a.a(eerd_byte.o)
 .debug_info    0x0000b4d2       0xae C:/Program Files (x86)/Atmel/Studio/7.0/Packs/atmel/ATmega_DFP/1.1.130/gcc/dev/atmega128a/avr51\libatmega128a.a(eeupd_byte.o)

.debug_abbrev   0x00000000     0x3206
 *(.debug_abbrev)
 .debug_abbrev  0x00000000      0x718 C:/Program Files (x86)/Atmel/Studio/7.0/Packs/atmel/ATmega_DFP/1.1.130/gcc/dev/atmega128a/avr51/crtatmega128a.o
 .debug_abbrev  0x00000718      0x1d1 CommunicateProtocols/src/Modbus_rtu.o
 .debug_abbrev  0x000008e9      0x2fd Datastructure/src/SerialBuffer.o
 .debug_abbrev  0x00000be6      0x10f DeviceDriver/src/Alarm.o
 .debug_abbrev  0x00000cf5      0x1d8 DeviceDriver/src/Count_Sensor.o
 .debug_abbrev  0x00000ecd      0x307 DeviceDriver/src/Dev_Manager.o
 .debug_abbrev  0x000011d4      0x239 DeviceDriver/src/per_sec_timer.o
 .debug_abbrev  0x0000140d      0x3ac DeviceDriver/src/RS485Driver.o
 .debug_abbrev  0x000017b9       0xfe DeviceDriver/src/Timer_Alarm.o
 .debug_abbrev  0x000018b7      0x3ff DeviceDriver/src/UartDriver.o
 .debug_abbrev  0x00001cb6       0xe8 DeviceDriver/src/Ubbr_Calculate.o
 .debug_abbrev  0x00001d9e      0x245 Eth_Udp/SRC/enc28j60.o
 .debug_abbrev  0x00001fe3      0x24b Eth_Udp/SRC/ip_arp_udp_tcp.o
 .debug_abbrev  0x0000222e       0x52 Eth_Udp/SRC/spi.o
 .debug_abbrev  0x00002280      0x113 Eth_Udp/SRC/timeout.o
 .debug_abbrev  0x00002393      0x558 main.o
 .debug_abbrev  0x000028eb      0x11c RTOS/SRC/heap_1.o
 .debug_abbrev  0x00002a07       0xf8 RTOS/SRC/list.o
 .debug_abbrev  0x00002aff      0x155 RTOS/SRC/port.o
 .debug_abbrev  0x00002c54      0x261 RTOS/SRC/queue.o
 .debug_abbrev  0x00002eb5      0x329 RTOS/SRC/tasks.o
 .debug_abbrev  0x000031de       0x14 C:/Program Files (x86)/Atmel/Studio/7.0/Packs/atmel/ATmega_DFP/1.1.130/gcc/dev/atmega128a/avr51\libatmega128a.a(eerd_byte.o)
 .debug_abbrev  0x000031f2       0x14 C:/Program Files (x86)/Atmel/Studio/7.0/Packs/atmel/ATmega_DFP/1.1.130/gcc/dev/atmega128a/avr51\libatmega128a.a(eeupd_byte.o)

.debug_line     0x00000000     0x51e2
 *(.debug_line .debug_line.* .debug_line_end)
 .debug_line    0x00000000      0x169 C:/Program Files (x86)/Atmel/Studio/7.0/Packs/atmel/ATmega_DFP/1.1.130/gcc/dev/atmega128a/avr51/crtatmega128a.o
 .debug_line    0x00000169      0x343 CommunicateProtocols/src/Modbus_rtu.o
 .debug_line    0x000004ac      0x3b1 Datastructure/src/SerialBuffer.o
 .debug_line    0x0000085d      0x186 DeviceDriver/src/Alarm.o
 .debug_line    0x000009e3      0x1b2 DeviceDriver/src/Count_Sensor.o
 .debug_line    0x00000b95      0x338 DeviceDriver/src/Dev_Manager.o
 .debug_line    0x00000ecd      0x1c4 DeviceDriver/src/per_sec_timer.o
 .debug_line    0x00001091      0x393 DeviceDriver/src/RS485Driver.o
 .debug_line    0x00001424       0xa4 DeviceDriver/src/Timer_Alarm.o
 .debug_line    0x000014c8      0x39d DeviceDriver/src/UartDriver.o
 .debug_line    0x00001865       0xf0 DeviceDriver/src/Ubbr_Calculate.o
 .debug_line    0x00001955      0x54e Eth_Udp/SRC/enc28j60.o
 .debug_line    0x00001ea3      0x64d Eth_Udp/SRC/ip_arp_udp_tcp.o
 .debug_line    0x000024f0       0xca Eth_Udp/SRC/spi.o
 .debug_line    0x000025ba      0x1c0 Eth_Udp/SRC/timeout.o
 .debug_line    0x0000277a      0x8fe main.o
 .debug_line    0x00003078      0x1bb RTOS/SRC/heap_1.o
 .debug_line    0x00003233      0x1e7 RTOS/SRC/list.o
 .debug_line    0x0000341a      0x2a4 RTOS/SRC/port.o
 .debug_line    0x000036be      0xa60 RTOS/SRC/queue.o
 .debug_line    0x0000411e      0xf9a RTOS/SRC/tasks.o
 .debug_line    0x000050b8       0x7a C:/Program Files (x86)/Atmel/Studio/7.0/Packs/atmel/ATmega_DFP/1.1.130/gcc/dev/atmega128a/avr51\libatmega128a.a(eerd_byte.o)
 .debug_line    0x00005132       0xb0 C:/Program Files (x86)/Atmel/Studio/7.0/Packs/atmel/ATmega_DFP/1.1.130/gcc/dev/atmega128a/avr51\libatmega128a.a(eeupd_byte.o)

.debug_frame    0x00000000     0x17dc
 *(.debug_frame)
 .debug_frame   0x00000000      0x134 CommunicateProtocols/src/Modbus_rtu.o
 .debug_frame   0x00000134      0x15c Datastructure/src/SerialBuffer.o
 .debug_frame   0x00000290       0xd8 DeviceDriver/src/Alarm.o
 .debug_frame   0x00000368       0x74 DeviceDriver/src/Count_Sensor.o
 .debug_frame   0x000003dc      0x250 DeviceDriver/src/Dev_Manager.o
 .debug_frame   0x0000062c       0x84 DeviceDriver/src/per_sec_timer.o
 .debug_frame   0x000006b0      0x130 DeviceDriver/src/RS485Driver.o
 .debug_frame   0x000007e0       0x54 DeviceDriver/src/Timer_Alarm.o
 .debug_frame   0x00000834      0x130 DeviceDriver/src/UartDriver.o
 .debug_frame   0x00000964       0x44 DeviceDriver/src/Ubbr_Calculate.o
 .debug_frame   0x000009a8      0x18c Eth_Udp/SRC/enc28j60.o
 .debug_frame   0x00000b34      0x1e8 Eth_Udp/SRC/ip_arp_udp_tcp.o
 .debug_frame   0x00000d1c       0x24 Eth_Udp/SRC/spi.o
 .debug_frame   0x00000d40       0x44 Eth_Udp/SRC/timeout.o
 .debug_frame   0x00000d84      0x154 main.o
 .debug_frame   0x00000ed8       0x60 RTOS/SRC/heap_1.o
 .debug_frame   0x00000f38       0x88 RTOS/SRC/list.o
 .debug_frame   0x00000fc0       0x74 RTOS/SRC/port.o
 .debug_frame   0x00001034      0x2f0 RTOS/SRC/queue.o
 .debug_frame   0x00001324      0x4b8 RTOS/SRC/tasks.o

.debug_str      0x00000000     0x32f5
 *(.debug_str)
 .debug_str     0x00000000      0x27d C:/Program Files (x86)/Atmel/Studio/7.0/Packs/atmel/ATmega_DFP/1.1.130/gcc/dev/atmega128a/avr51/crtatmega128a.o
 .debug_str     0x0000027d      0x5d7 CommunicateProtocols/src/Modbus_rtu.o
                                0x656 (size before relaxing)
 .debug_str     0x00000854      0x54d Datastructure/src/SerialBuffer.o
                                0x742 (size before relaxing)
 .debug_str     0x00000da1       0xe1 DeviceDriver/src/Alarm.o
                                0x2bd (size before relaxing)
 .debug_str     0x00000e82      0x225 DeviceDriver/src/Count_Sensor.o
                                0x439 (size before relaxing)
 .debug_str     0x000010a7       0xbc DeviceDriver/src/Dev_Manager.o
                                0x586 (size before relaxing)
 .debug_str     0x00001163       0x9f DeviceDriver/src/per_sec_timer.o
                                0x442 (size before relaxing)
 .debug_str     0x00001202      0x2cb DeviceDriver/src/RS485Driver.o
                                0x6a9 (size before relaxing)
 .debug_str     0x000014cd       0x7a DeviceDriver/src/Timer_Alarm.o
                                0x1fc (size before relaxing)
 .debug_str     0x00001547      0x1da DeviceDriver/src/UartDriver.o
                                0x6d8 (size before relaxing)
 .debug_str     0x00001721       0x3b DeviceDriver/src/Ubbr_Calculate.o
                                0x247 (size before relaxing)
 .debug_str     0x0000175c      0x2f7 Eth_Udp/SRC/enc28j60.o
                                0x4ab (size before relaxing)
 .debug_str     0x00001a53      0x3e5 Eth_Udp/SRC/ip_arp_udp_tcp.o
                                0x5df (size before relaxing)
 .debug_str     0x00001e38       0x17 Eth_Udp/SRC/spi.o
                                0x1b3 (size before relaxing)
 .debug_str     0x00001e4f       0x63 Eth_Udp/SRC/timeout.o
                                0x243 (size before relaxing)
 .debug_str     0x00001eb2      0x42a main.o
                               0x1292 (size before relaxing)
 .debug_str     0x000022dc      0x14c RTOS/SRC/heap_1.o
                                0x214 (size before relaxing)
 .debug_str     0x00002428      0x13c RTOS/SRC/list.o
                                0x2a3 (size before relaxing)
 .debug_str     0x00002564      0x120 RTOS/SRC/port.o
                                0x29d (size before relaxing)
 .debug_str     0x00002684      0x4fe RTOS/SRC/queue.o
                                0x7e7 (size before relaxing)
 .debug_str     0x00002b82      0x773 RTOS/SRC/tasks.o
                                0xc82 (size before relaxing)

.debug_loc      0x00000000     0x7f1a
 *(.debug_loc)
 .debug_loc     0x00000000      0x826 CommunicateProtocols/src/Modbus_rtu.o
 .debug_loc     0x00000826      0x834 Datastructure/src/SerialBuffer.o
 .debug_loc     0x0000105a      0x12d DeviceDriver/src/Alarm.o
 .debug_loc     0x00001187       0x98 DeviceDriver/src/Count_Sensor.o
 .debug_loc     0x0000121f      0x5f8 DeviceDriver/src/Dev_Manager.o
 .debug_loc     0x00001817       0x98 DeviceDriver/src/per_sec_timer.o
 .debug_loc     0x000018af      0x395 DeviceDriver/src/RS485Driver.o
 .debug_loc     0x00001c44       0x89 DeviceDriver/src/Timer_Alarm.o
 .debug_loc     0x00001ccd      0x395 DeviceDriver/src/UartDriver.o
 .debug_loc     0x00002062      0x1a0 DeviceDriver/src/Ubbr_Calculate.o
 .debug_loc     0x00002202      0x6d0 Eth_Udp/SRC/enc28j60.o
 .debug_loc     0x000028d2      0xd62 Eth_Udp/SRC/ip_arp_udp_tcp.o
 .debug_loc     0x00003634       0x82 Eth_Udp/SRC/timeout.o
 .debug_loc     0x000036b6      0x744 main.o
 .debug_loc     0x00003dfa       0xf1 RTOS/SRC/heap_1.o
 .debug_loc     0x00003eeb      0x145 RTOS/SRC/list.o
 .debug_loc     0x00004030      0x2a0 RTOS/SRC/port.o
 .debug_loc     0x000042d0     0x1cf6 RTOS/SRC/queue.o
 .debug_loc     0x00005fc6     0x1f54 RTOS/SRC/tasks.o

.debug_macinfo
 *(.debug_macinfo)

.debug_weaknames
 *(.debug_weaknames)

.debug_funcnames
 *(.debug_funcnames)

.debug_typenames
 *(.debug_typenames)

.debug_varnames
 *(.debug_varnames)

.debug_pubtypes
 *(.debug_pubtypes)

.debug_ranges   0x00000000      0x8b8
 *(.debug_ranges)
 .debug_ranges  0x00000000       0x68 CommunicateProtocols/src/Modbus_rtu.o
 .debug_ranges  0x00000068       0x78 Datastructure/src/SerialBuffer.o
 .debug_ranges  0x000000e0       0x38 DeviceDriver/src/Alarm.o
 .debug_ranges  0x00000118       0x38 DeviceDriver/src/Count_Sensor.o
 .debug_ranges  0x00000150       0x90 DeviceDriver/src/Dev_Manager.o
 .debug_ranges  0x000001e0       0x40 DeviceDriver/src/per_sec_timer.o
 .debug_ranges  0x00000220       0x78 DeviceDriver/src/RS485Driver.o
 .debug_ranges  0x00000298       0x18 DeviceDriver/src/Timer_Alarm.o
 .debug_ranges  0x000002b0       0x78 DeviceDriver/src/UartDriver.o
 .debug_ranges  0x00000328       0x10 DeviceDriver/src/Ubbr_Calculate.o
 .debug_ranges  0x00000338       0x80 Eth_Udp/SRC/enc28j60.o
 .debug_ranges  0x000003b8       0xb0 Eth_Udp/SRC/ip_arp_udp_tcp.o
 .debug_ranges  0x00000468       0x10 Eth_Udp/SRC/spi.o
 .debug_ranges  0x00000478       0x20 Eth_Udp/SRC/timeout.o
 .debug_ranges  0x00000498       0xc8 main.o
 .debug_ranges  0x00000560       0x28 RTOS/SRC/heap_1.o
 .debug_ranges  0x00000588       0x30 RTOS/SRC/list.o
 .debug_ranges  0x000005b8       0x38 RTOS/SRC/port.o
 .debug_ranges  0x000005f0      0x118 RTOS/SRC/queue.o
 .debug_ranges  0x00000708      0x1b0 RTOS/SRC/tasks.o

.debug_macro
 *(.debug_macro)
OUTPUT(RTOS.elf elf32-avr)
LOAD linker stubs
